Archive member included to satisfy reference by file (symbol)

C:/CLionToolchains/gcc-arm-none-eabi-10.3-2021.10/bin/../lib/gcc/arm-none-eabi/13.3.1/thumb/v7e-m+fp/hard\libgcc.a(_arm_addsubdf3.o)
                              CMakeFiles/dm_h723_lib.elf.dir/code_mf/Src/CHASSIS_TASK.c.obj (__aeabi_dsub)
C:/CLionToolchains/gcc-arm-none-eabi-10.3-2021.10/bin/../lib/gcc/arm-none-eabi/13.3.1/thumb/v7e-m+fp/hard\libgcc.a(_arm_truncdfsf2.o)
                              CMakeFiles/dm_h723_lib.elf.dir/code_mf/Src/CHASSIS_TASK.c.obj (__aeabi_d2f)
C:/CLionToolchains/gcc-arm-none-eabi-10.3-2021.10/bin/../lib/gcc/arm-none-eabi/13.3.1/thumb/v7e-m+fp/hard\libgcc.a(_aeabi_uldivmod.o)
                              CMakeFiles/dm_h723_lib.elf.dir/Drivers/STM32H7xx_HAL_Driver/Src/stm32h7xx_hal_uart.c.obj (__aeabi_uldivmod)
C:/CLionToolchains/gcc-arm-none-eabi-10.3-2021.10/bin/../lib/gcc/arm-none-eabi/13.3.1/thumb/v7e-m+fp/hard\libgcc.a(_udivmoddi4.o)
                              C:/CLionToolchains/gcc-arm-none-eabi-10.3-2021.10/bin/../lib/gcc/arm-none-eabi/13.3.1/thumb/v7e-m+fp/hard\libgcc.a(_aeabi_uldivmod.o) (__udivmoddi4)
C:/CLionToolchains/gcc-arm-none-eabi-10.3-2021.10/bin/../lib/gcc/arm-none-eabi/13.3.1/thumb/v7e-m+fp/hard\libgcc.a(_dvmd_tls.o)
                              C:/CLionToolchains/gcc-arm-none-eabi-10.3-2021.10/bin/../lib/gcc/arm-none-eabi/13.3.1/thumb/v7e-m+fp/hard\libgcc.a(_aeabi_uldivmod.o) (__aeabi_ldiv0)
C:/CLionToolchains/gcc-arm-none-eabi-10.3-2021.10/bin/../lib/gcc/arm-none-eabi/13.3.1/thumb/v7e-m+fp/hard\libg.a(libc_a-exit.o)
                              C:/CLionToolchains/gcc-arm-none-eabi-10.3-2021.10/bin/../lib/gcc/arm-none-eabi/13.3.1/thumb/v7e-m+fp/hard/crt0.o (exit)
C:/CLionToolchains/gcc-arm-none-eabi-10.3-2021.10/bin/../lib/gcc/arm-none-eabi/13.3.1/thumb/v7e-m+fp/hard\libg.a(libc_a-findfp.o)
                              CMakeFiles/dm_h723_lib.elf.dir/Middlewares/Third_Party/FreeRTOS/Source/tasks.c.obj (__sf)
C:/CLionToolchains/gcc-arm-none-eabi-10.3-2021.10/bin/../lib/gcc/arm-none-eabi/13.3.1/thumb/v7e-m+fp/hard\libg.a(libc_a-fwalk.o)
                              C:/CLionToolchains/gcc-arm-none-eabi-10.3-2021.10/bin/../lib/gcc/arm-none-eabi/13.3.1/thumb/v7e-m+fp/hard\libg.a(libc_a-findfp.o) (_fwalk_sglue)
C:/CLionToolchains/gcc-arm-none-eabi-10.3-2021.10/bin/../lib/gcc/arm-none-eabi/13.3.1/thumb/v7e-m+fp/hard\libg.a(libc_a-stdio.o)
                              C:/CLionToolchains/gcc-arm-none-eabi-10.3-2021.10/bin/../lib/gcc/arm-none-eabi/13.3.1/thumb/v7e-m+fp/hard\libg.a(libc_a-findfp.o) (__sread)
C:/CLionToolchains/gcc-arm-none-eabi-10.3-2021.10/bin/../lib/gcc/arm-none-eabi/13.3.1/thumb/v7e-m+fp/hard\libg.a(libc_a-vsprintf.o)
                              CMakeFiles/dm_h723_lib.elf.dir/code_mf/Src/uart_printf.c.obj (vsprintf)
C:/CLionToolchains/gcc-arm-none-eabi-10.3-2021.10/bin/../lib/gcc/arm-none-eabi/13.3.1/thumb/v7e-m+fp/hard\libg.a(libc_a-memset.o)
                              C:/CLionToolchains/gcc-arm-none-eabi-10.3-2021.10/bin/../lib/gcc/arm-none-eabi/13.3.1/thumb/v7e-m+fp/hard/crt0.o (memset)
C:/CLionToolchains/gcc-arm-none-eabi-10.3-2021.10/bin/../lib/gcc/arm-none-eabi/13.3.1/thumb/v7e-m+fp/hard\libg.a(libc_a-strncpy.o)
                              CMakeFiles/dm_h723_lib.elf.dir/code_mf/Src/referre.c.obj (strncpy)
C:/CLionToolchains/gcc-arm-none-eabi-10.3-2021.10/bin/../lib/gcc/arm-none-eabi/13.3.1/thumb/v7e-m+fp/hard\libg.a(libc_a-closer.o)
                              C:/CLionToolchains/gcc-arm-none-eabi-10.3-2021.10/bin/../lib/gcc/arm-none-eabi/13.3.1/thumb/v7e-m+fp/hard\libg.a(libc_a-stdio.o) (_close_r)
C:/CLionToolchains/gcc-arm-none-eabi-10.3-2021.10/bin/../lib/gcc/arm-none-eabi/13.3.1/thumb/v7e-m+fp/hard\libg.a(libc_a-reent.o)
                              CMakeFiles/dm_h723_lib.elf.dir/Middlewares/Third_Party/FreeRTOS/Source/tasks.c.obj (_reclaim_reent)
C:/CLionToolchains/gcc-arm-none-eabi-10.3-2021.10/bin/../lib/gcc/arm-none-eabi/13.3.1/thumb/v7e-m+fp/hard\libg.a(libc_a-impure.o)
                              CMakeFiles/dm_h723_lib.elf.dir/Middlewares/Third_Party/FreeRTOS/Source/tasks.c.obj (_impure_ptr)
C:/CLionToolchains/gcc-arm-none-eabi-10.3-2021.10/bin/../lib/gcc/arm-none-eabi/13.3.1/thumb/v7e-m+fp/hard\libg.a(libc_a-lseekr.o)
                              C:/CLionToolchains/gcc-arm-none-eabi-10.3-2021.10/bin/../lib/gcc/arm-none-eabi/13.3.1/thumb/v7e-m+fp/hard\libg.a(libc_a-stdio.o) (_lseek_r)
C:/CLionToolchains/gcc-arm-none-eabi-10.3-2021.10/bin/../lib/gcc/arm-none-eabi/13.3.1/thumb/v7e-m+fp/hard\libg.a(libc_a-readr.o)
                              C:/CLionToolchains/gcc-arm-none-eabi-10.3-2021.10/bin/../lib/gcc/arm-none-eabi/13.3.1/thumb/v7e-m+fp/hard\libg.a(libc_a-stdio.o) (_read_r)
C:/CLionToolchains/gcc-arm-none-eabi-10.3-2021.10/bin/../lib/gcc/arm-none-eabi/13.3.1/thumb/v7e-m+fp/hard\libg.a(libc_a-writer.o)
[...]
Memory Configuration

Name             Origin             Length             Attributes
ITCMRAM          0x00000000         0x00010000         xrw
DTCMRAM          0x20000000         0x00020000         xrw
FLASH            0x08000000         0x00100000         xr
RAM_D1           0x24000000         0x00050000         xrw
RAM_D2           0x30000000         0x00008000         xrw
RAM_D3           0x38000000         0x00004000         xrw
*default*        0x00000000         0xffffffff

Linker script and memory map

LOAD C:/CLionToolchains/gcc-arm-none-eabi-10.3-2021.10/bin/../lib/gcc/arm-none-eabi/13.3.1/thumb/v7e-m+fp/hard/crti.o
LOAD C:/CLionToolchains/gcc-arm-none-eabi-10.3-2021.10/bin/../lib/gcc/arm-none-eabi/13.3.1/thumb/v7e-m+fp/hard/crtbegin.o
LOAD C:/CLionToolchains/gcc-arm-none-eabi-10.3-2021.10/bin/../lib/gcc/arm-none-eabi/13.3.1/thumb/v7e-m+fp/hard/crt0.o
LOAD CMakeFiles/dm_h723_lib.elf.dir/Core/Src/dma.c.obj
LOAD CMakeFiles/dm_h723_lib.elf.dir/Core/Src/fdcan.c.obj
LOAD CMakeFiles/dm_h723_lib.elf.dir/Core/Src/freertos.c.obj
LOAD CMakeFiles/dm_h723_lib.elf.dir/Core/Src/gpio.c.obj
LOAD CMakeFiles/dm_h723_lib.elf.dir/Core/Src/main.c.obj
LOAD CMakeFiles/dm_h723_lib.elf.dir/Core/Src/memorymap.c.obj
LOAD CMakeFiles/dm_h723_lib.elf.dir/Core/Src/spi.c.obj
LOAD CMakeFiles/dm_h723_lib.elf.dir/Core/Src/stm32h7xx_hal_msp.c.obj
LOAD CMakeFiles/dm_h723_lib.elf.dir/Core/Src/stm32h7xx_hal_timebase_tim.c.obj
LOAD CMakeFiles/dm_h723_lib.elf.dir/Core/Src/stm32h7xx_it.c.obj
LOAD CMakeFiles/dm_h723_lib.elf.dir/Core/Src/syscalls.c.obj
LOAD CMakeFiles/dm_h723_lib.elf.dir/Core/Src/sysmem.c.obj
LOAD CMakeFiles/dm_h723_lib.elf.dir/Core/Src/system_stm32h7xx.c.obj
LOAD CMakeFiles/dm_h723_lib.elf.dir/Core/Src/usart.c.obj
LOAD CMakeFiles/dm_h723_lib.elf.dir/Core/Startup/startup_stm32h723vgtx.s.obj
LOAD CMakeFiles/dm_h723_lib.elf.dir/Drivers/STM32H7xx_HAL_Driver/Src/stm32h7xx_hal.c.obj
LOAD CMakeFiles/dm_h723_lib.elf.dir/Drivers/STM32H7xx_HAL_Driver/Src/stm32h7xx_hal_cortex.c.obj
LOAD CMakeFiles/dm_h723_lib.elf.dir/Drivers/STM32H7xx_HAL_Driver/Src/stm32h7xx_hal_dma.c.obj
LOAD CMakeFiles/dm_h723_lib.elf.dir/Drivers/STM32H7xx_HAL_Driver/Src/stm32h7xx_hal_dma_ex.c.obj
LOAD CMakeFiles/dm_h723_lib.elf.dir/Drivers/STM32H7xx_HAL_Driver/Src/stm32h7xx_hal_exti.c.obj
LOAD CMakeFiles/dm_h723_lib.elf.dir/Drivers/STM32H7xx_HAL_Driver/Src/stm32h7xx_hal_fdcan.c.obj
LOAD CMakeFiles/dm_h723_lib.elf.dir/Drivers/STM32H7xx_HAL_Driver/Src/stm32h7xx_hal_flash.c.obj
LOAD CMakeFiles/dm_h723_lib.elf.dir/Drivers/STM32H7xx_HAL_Driver/Src/stm32h7xx_hal_flash_ex.c.obj
LOAD CMakeFiles/dm_h723_lib.elf.dir/Drivers/STM32H7xx_HAL_Driver/Src/stm32h7xx_hal_gpio.c.obj
LOAD CMakeFiles/dm_h723_lib.elf.dir/Drivers/STM32H7xx_HAL_Driver/Src/stm32h7xx_hal_hsem.c.obj
LOAD CMakeFiles/dm_h723_lib.elf.dir/Drivers/STM32H7xx_HAL_Driver/Src/stm32h7xx_hal_i2c.c.obj
LOAD CMakeFiles/dm_h723_lib.elf.dir/Drivers/STM32H7xx_HAL_Driver/Src/stm32h7xx_hal_i2c_ex.c.obj
LOAD CMakeFiles/dm_h723_lib.elf.dir/Drivers/STM32H7xx_HAL_Driver/Src/stm32h7xx_hal_mdma.c.obj
LOAD CMakeFiles/dm_h723_lib.elf.dir/Drivers/STM32H7xx_HAL_Driver/Src/stm32h7xx_hal_pwr.c.obj
LOAD CMakeFiles/dm_h723_lib.elf.dir/Drivers/STM32H7xx_HAL_Driver/Src/stm32h7xx_hal_pwr_ex.c.obj
LOAD CMakeFiles/dm_h723_lib.elf.dir/Drivers/STM32H7xx_HAL_Driver/Src/stm32h7xx_hal_rcc.c.obj
LOAD CMakeFiles/dm_h723_lib.elf.dir/Drivers/STM32H7xx_HAL_Driver/Src/stm32h7xx_hal_rcc_ex.c.obj
LOAD CMakeFiles/dm_h723_lib.elf.dir/Drivers/STM32H7xx_HAL_Driver/Src/stm32h7xx_hal_spi.c.obj
LOAD CMakeFiles/dm_h723_lib.elf.dir/Drivers/STM32H7xx_HAL_Driver/Src/stm32h7xx_hal_spi_ex.c.obj
LOAD CMakeFiles/dm_h723_lib.elf.dir/Drivers/STM32H7xx_HAL_Driver/Src/stm32h7xx_hal_tim.c.obj
LOAD CMakeFiles/dm_h723_lib.elf.dir/Drivers/STM32H7xx_HAL_Driver/Src/stm32h7xx_hal_tim_ex.c.obj
LOAD CMakeFiles/dm_h723_lib.elf.dir/Drivers/STM32H7xx_HAL_Driver/Src/stm32h7xx_hal_uart.c.obj
LOAD CMakeFiles/dm_h723_lib.elf.dir/Drivers/STM32H7xx_HAL_Driver/Src/stm32h7xx_hal_uart_ex.c.obj
LOAD CMakeFiles/dm_h723_lib.elf.dir/Middlewares/Third_Party/FreeRTOS/Source/CMSIS_RTOS/cmsis_os.c.obj
LOAD CMakeFiles/dm_h723_lib.elf.dir/Middlewares/Third_Party/FreeRTOS/Source/croutine.c.obj
LOAD CMakeFiles/dm_h723_lib.elf.dir/Middlewares/Third_Party/FreeRTOS/Source/event_groups.c.obj
LOAD CMakeFiles/dm_h723_lib.elf.dir/Middlewares/Third_Party/FreeRTOS/Source/list.c.obj
LOAD CMakeFiles/dm_h723_lib.elf.dir/Middlewares/Third_Party/FreeRTOS/Source/portable/GCC/ARM_CM4F/port.c.obj
LOAD CMakeFiles/dm_h723_lib.elf.dir/Middlewares/Third_Party/FreeRTOS/Source/portable/MemMang/heap_4.c.obj
LOAD CMakeFiles/dm_h723_lib.elf.dir/Middlewares/Third_Party/FreeRTOS/Source/queue.c.obj
LOAD CMakeFiles/dm_h723_lib.elf.dir/Middlewares/Third_Party/FreeRTOS/Source/stream_buffer.c.obj
LOAD CMakeFiles/dm_h723_lib.elf.dir/Middlewares/Third_Party/FreeRTOS/Source/tasks.c.obj
LOAD CMakeFiles/dm_h723_lib.elf.dir/Middlewares/Third_Party/FreeRTOS/Source/timers.c.obj
LOAD CMakeFiles/dm_h723_lib.elf.dir/code_mf/Src/BMI088Middleware.c.obj
LOAD CMakeFiles/dm_h723_lib.elf.dir/code_mf/Src/BMI088driver.c.obj
LOAD CMakeFiles/dm_h723_lib.elf.dir/code_mf/Src/CAN_SENT_TASK.c.obj
LOAD CMakeFiles/dm_h723_lib.elf.dir/code_mf/Src/CHASSIS_TASK.c.obj
LOAD CMakeFiles/dm_h723_lib.elf.dir/code_mf/Src/DEBUG_UART_TASK.c.obj
LOAD CMakeFiles/dm_h723_lib.elf.dir/code_mf/Src/DJI_motors.c.obj
LOAD CMakeFiles/dm_h723_lib.elf.dir/code_mf/Src/DM_IMU.c.obj
LOAD CMakeFiles/dm_h723_lib.elf.dir/code_mf/Src/ERROR_DETECTION.c.obj
LOAD CMakeFiles/dm_h723_lib.elf.dir/code_mf/Src/GET_RC_TASK.c.obj
LOAD CMakeFiles/dm_h723_lib.elf.dir/code_mf/Src/IMU_DATA_GET.c.obj
LOAD CMakeFiles/dm_h723_lib.elf.dir/code_mf/Src/LED_TASK.c.obj
LOAD CMakeFiles/dm_h723_lib.elf.dir/code_mf/Src/MahonyAHRS.c.obj
LOAD CMakeFiles/dm_h723_lib.elf.dir/code_mf/Src/SHOOT_TASK.c.obj
LOAD CMakeFiles/dm_h723_lib.elf.dir/code_mf/Src/UP_STAIRS_TASK.c.obj
LOAD CMakeFiles/dm_h723_lib.elf.dir/code_mf/Src/bsp_can.c.obj
LOAD CMakeFiles/dm_h723_lib.elf.dir/code_mf/Src/can_receive.c.obj
LOAD CMakeFiles/dm_h723_lib.elf.dir/code_mf/Src/dm_motor.c.obj
LOAD CMakeFiles/dm_h723_lib.elf.dir/code_mf/Src/pid.c.obj
LOAD CMakeFiles/dm_h723_lib.elf.dir/code_mf/Src/referre.c.obj
LOAD CMakeFiles/dm_h723_lib.elf.dir/code_mf/Src/remote_control.c.obj
LOAD CMakeFiles/dm_h723_lib.elf.dir/code_mf/Src/uart_callback.c.obj
LOAD CMakeFiles/dm_h723_lib.elf.dir/code_mf/Src/uart_printf.c.obj
LOAD CMakeFiles/dm_h723_lib.elf.dir/code_mf/Src/ws2812.c.obj
START GROUP
LOAD C:/CLionToolchains/gcc-arm-none-eabi-10.3-2021.10/bin/../lib/gcc/arm-none-eabi/13.3.1/thumb/v7e-m+fp/hard\libgcc.a
LOAD C:/CLionToolchains/gcc-arm-none-eabi-10.3-2021.10/bin/../lib/gcc/arm-none-eabi/13.3.1/thumb/v7e-m+fp/hard\libg.a
LOAD C:/CLionToolchains/gcc-arm-none-eabi-10.3-2021.10/bin/../lib/gcc/arm-none-eabi/13.3.1/thumb/v7e-m+fp/hard\libc.a
END GROUP
LOAD C:/CLionToolchains/gcc-arm-none-eabi-10.3-2021.10/bin/../lib/gcc/arm-none-eabi/13.3.1/thumb/v7e-m+fp/hard/crtend.o
LOAD C:/CLionToolchains/gcc-arm-none-eabi-10.3-2021.10/bin/../lib/gcc/arm-none-eabi/13.3.1/thumb/v7e-m+fp/hard/crtn.o
                0x24050000                        _estack = (ORIGIN (RAM_D1) + LENGTH (RAM_D1))
                0x00000200                        _Min_Heap_Size = 0x200
                0x00000400                        _Min_Stack_Size = 0x400

.isr_vector     0x08000000      0x2cc
                0x08000000                        . = ALIGN (0x4)
 *(.isr_vector)
 .isr_vector    0x08000000      0x2cc CMakeFiles/dm_h723_lib.elf.dir/Core/Startup/startup_stm32h723vgtx.s.obj
                0x08000000                g_pfnVectors
                0x080002cc                        . = ALIGN (0x4)

.text           0x08000300    0x13e30
                0x08000300                        . = ALIGN (0x4)
 *(.text)
 .text          0x08000300      0x378 C:/CLionToolchains/gcc-arm-none-eabi-10.3-2021.10/bin/../lib/gcc/arm-none-eabi/13.3.1/thumb/v7e-m+fp/hard\libgcc.a(_arm_addsubdf3.o)
                0x08000300                __aeabi_drsub
                0x08000308                __aeabi_dsub
                0x08000308                __subdf3
                0x0800030c                __aeabi_dadd
                0x0800030c                __adddf3
                0x08000584                __floatunsidf
                0x08000584                __aeabi_ui2d
                0x080005a4                __floatsidf
                0x080005a4                __aeabi_i2d
                0x080005c8                __aeabi_f2d
                0x080005c8                __extendsfdf2
                0x0800060c                __floatundidf
                0x0800060c                __aeabi_ul2d
                0x0800061c                __floatdidf
                0x0800061c                __aeabi_l2d
 .text          0x08000678       0xa0 C:/CLionToolchains/gcc-arm-none-eabi-10.3-2021.10/bin/../lib/gcc/arm-none-eabi/13.3.1/thumb/v7e-m+fp/hard\libgcc.a(_arm_truncdfsf2.o)
                0x08000678                __truncdfsf2
                0x08000678                __aeabi_d2f
 .text          0x08000718       0x30 C:/CLionToolchains/gcc-arm-none-eabi-10.3-2021.10/bin/../lib/gcc/arm-none-eabi/13.3.1/thumb/v7e-m+fp/hard\libgcc.a(_aeabi_uldivmod.o)
                0x08000718                __aeabi_uldivmod
 .text          0x08000748        0x4 C:/CLionToolchains/gcc-arm-none-eabi-10.3-2021.10/bin/../lib/gcc/arm-none-eabi/13.3.1/thumb/v7e-m+fp/hard\libgcc.a(_dvmd_tls.o)
                0x08000748                __aeabi_idiv0
                0x08000748                __aeabi_ldiv0
 .text          0x0800074c      0x134 C:/CLionToolchains/gcc-arm-none-eabi-10.3-2021.10/bin/../lib/gcc/arm-none-eabi/13.3.1/thumb/v7e-m+fp/hard\libg.a(libc_a-memcpy.o)
                0x0800074c                memcpy
 .text          0x08000880       0xa0 C:/CLionToolchains/gcc-arm-none-eabi-10.3-2021.10/bin/../lib/gcc/arm-none-eabi/13.3.1/thumb/v7e-m+fp/hard\libg.a(libc_a-memchr.o)
                0x08000880                memchr
 *fill*         0x08000920       0x20 
 .text          0x08000940       0xd8 C:/CLionToolchains/gcc-arm-none-eabi-10.3-2021.10/bin/../lib/gcc/arm-none-eabi/13.3.1/thumb/v7e-m+fp/hard\libg.a(libc_a-strlen.o)
                0x08000940                strlen
 .text          0x08000a18      0x424 C:/CLionToolchains/gcc-arm-none-eabi-10.3-2021.10/bin/../lib/gcc/arm-none-eabi/13.3.1/thumb/v7e-m+fp/hard\libgcc.a(_arm_muldivdf3.o)
                0x08000a18                __aeabi_dmul
                0x08000a18                __muldf3
                0x08000c6c                __divdf3
                0x08000c6c                __aeabi_ddiv
 .text          0x08000e3c      0x110 C:/CLionToolchains/gcc-arm-none-eabi-10.3-2021.10/bin/../lib/gcc/arm-none-eabi/13.3.1/thumb/v7e-m+fp/hard\libgcc.a(_arm_cmpdf2.o)
                0x08000e3c                __gtdf2
                0x08000e3c                __gedf2
                0x08000e44                __ltdf2
                0x08000e44                __ledf2
                0x08000e4c                __nedf2
                0x08000e4c                __eqdf2
                0x08000e4c                __cmpdf2
                0x08000ec8                __aeabi_cdrcmple
                0x08000ed8                __aeabi_cdcmpeq
                0x08000ed8                __aeabi_cdcmple
                0x08000ee8                __aeabi_dcmpeq
                0x08000efc                __aeabi_dcmplt
                0x08000f10                __aeabi_dcmple
                0x08000f24                __aeabi_dcmpge
                0x08000f38                __aeabi_dcmpgt
 .text          0x08000f4c       0x2c C:/CLionToolchains/gcc-arm-none-eabi-10.3-2021.10/bin/../lib/gcc/arm-none-eabi/13.3.1/thumb/v7e-m+fp/hard\libgcc.a(_arm_unorddf2.o)
                0x08000f4c                __unorddf2
                0x08000f4c                __aeabi_dcmpun
 .text          0x08000f78       0x50 C:/CLionToolchains/gcc-arm-none-eabi-10.3-2021.10/bin/../lib/gcc/arm-none-eabi/13.3.1/thumb/v7e-m+fp/hard\libgcc.a(_arm_fixdfsi.o)
                0x08000f78                __aeabi_d2iz
                0x08000f78                __fixdfsi
 *(.text*)
 .text.deregister_tm_clones
                0x08000fc8       0x1c C:/CLionToolchains/gcc-arm-none-eabi-10.3-2021.10/bin/../lib/gcc/arm-none-eabi/13.3.1/thumb/v7e-m+fp/hard/crtbegin.o
 .text.register_tm_clones
                0x08000fe4       0x24 C:/CLionToolchains/gcc-arm-none-eabi-10.3-2021.10/bin/../lib/gcc/arm-none-eabi/13.3.1/thumb/v7e-m+fp/hard/crtbegin.o
 .text.__do_global_dtors_aux
                0x08001008       0x28 C:/CLionToolchains/gcc-arm-none-eabi-10.3-2021.10/bin/../lib/gcc/arm-none-eabi/13.3.1/thumb/v7e-m+fp/hard/crtbegin.o
 .text.frame_dummy
                0x08001030       0x24 C:/CLionToolchains/gcc-arm-none-eabi-10.3-2021.10/bin/../lib/gcc/arm-none-eabi/13.3.1/thumb/v7e-m+fp/hard/crtbegin.o
 .text.MX_DMA_Init
                0x08001054       0x78 CMakeFiles/dm_h723_lib.elf.dir/Core/Src/dma.c.obj
                0x08001054                MX_DMA_Init
 .text.MX_FDCAN1_Init
                0x080010cc       0x64 CMakeFiles/dm_h723_lib.elf.dir/Core/Src/fdcan.c.obj
                0x080010cc                MX_FDCAN1_Init
 .text.MX_FDCAN2_Init
                0x08001130       0x68 CMakeFiles/dm_h723_lib.elf.dir/Core/Src/fdcan.c.obj
                0x08001130                MX_FDCAN2_Init
 .text.MX_FDCAN3_Init
                0x08001198       0x68 CMakeFiles/dm_h723_lib.elf.dir/Core/Src/fdcan.c.obj
                0x08001198                MX_FDCAN3_Init
 .text.HAL_FDCAN_MspInit
                0x08001200      0x1f8 CMakeFiles/dm_h723_lib.elf.dir/Core/Src/fdcan.c.obj
                0x08001200                HAL_FDCAN_MspInit
 .text.StartDefaultTask
                0x080013f8        0xa CMakeFiles/dm_h723_lib.elf.dir/Core/Src/freertos.c.obj
                0x080013f8                StartDefaultTask
 .text.CHASSIS_VX_TASK
                0x08001402        0xa CMakeFiles/dm_h723_lib.elf.dir/Core/Src/freertos.c.obj
                0x08001402                CHASSIS_VX_TASK
 .text.vApplicationGetIdleTaskMemory
                0x0800140c       0x18 CMakeFiles/dm_h723_lib.elf.dir/Core/Src/freertos.c.obj
                0x0800140c                vApplicationGetIdleTaskMemory
 .text.MX_FREERTOS_Init
                0x08001424      0x1e8 CMakeFiles/dm_h723_lib.elf.dir/Core/Src/freertos.c.obj
                0x08001424                MX_FREERTOS_Init
 .text.MX_GPIO_Init
                0x0800160c      0x100 CMakeFiles/dm_h723_lib.elf.dir/Core/Src/gpio.c.obj
                0x0800160c                MX_GPIO_Init
 .text.HAL_TIM_PeriodElapsedCallback
                0x0800170c       0x18 CMakeFiles/dm_h723_lib.elf.dir/Core/Src/main.c.obj
                0x0800170c                HAL_TIM_PeriodElapsedCallback
 .text.Error_Handler
                0x08001724        0x4 CMakeFiles/dm_h723_lib.elf.dir/Core/Src/main.c.obj
                0x08001724                Error_Handler
 .text.SystemClock_Config
                0x08001728       0xa8 CMakeFiles/dm_h723_lib.elf.dir/Core/Src/main.c.obj
                0x08001728                SystemClock_Config
 .text.main     0x080017d0       0xa4 CMakeFiles/dm_h723_lib.elf.dir/Core/Src/main.c.obj
                0x080017d0                main
 .text.MX_SPI2_Init
                0x08001874       0x60 CMakeFiles/dm_h723_lib.elf.dir/Core/Src/spi.c.obj
                0x08001874                MX_SPI2_Init
 .text.MX_SPI6_Init
                0x080018d4       0x64 CMakeFiles/dm_h723_lib.elf.dir/Core/Src/spi.c.obj
                0x080018d4                MX_SPI6_Init
 .text.HAL_SPI_MspInit
                0x08001938      0x1d4 CMakeFiles/dm_h723_lib.elf.dir/Core/Src/spi.c.obj
                0x08001938                HAL_SPI_MspInit
 .text.HAL_MspInit
                0x08001b0c       0x34 CMakeFiles/dm_h723_lib.elf.dir/Core/Src/stm32h7xx_hal_msp.c.obj
                0x08001b0c                HAL_MspInit
 .text.HAL_InitTick
                0x08001b40       0x9c CMakeFiles/dm_h723_lib.elf.dir/Core/Src/stm32h7xx_hal_timebase_tim.c.obj
                0x08001b40                HAL_InitTick
 .text.NMI_Handler
                0x08001bdc        0x2 CMakeFiles/dm_h723_lib.elf.dir/Core/Src/stm32h7xx_it.c.obj
                0x08001bdc                NMI_Handler
 .text.HardFault_Handler
                0x08001bde        0x2 CMakeFiles/dm_h723_lib.elf.dir/Core/Src/stm32h7xx_it.c.obj
                0x08001bde                HardFault_Handler
 .text.MemManage_Handler
                0x08001be0        0x2 CMakeFiles/dm_h723_lib.elf.dir/Core/Src/stm32h7xx_it.c.obj
                0x08001be0                MemManage_Handler
 .text.BusFault_Handler
                0x08001be2        0x2 CMakeFiles/dm_h723_lib.elf.dir/Core/Src/stm32h7xx_it.c.obj
                0x08001be2                BusFault_Handler
 .text.UsageFault_Handler
                0x08001be4        0x2 CMakeFiles/dm_h723_lib.elf.dir/Core/Src/stm32h7xx_it.c.obj
                0x08001be4                UsageFault_Handler
 .text.DebugMon_Handler
                0x08001be6        0x2 CMakeFiles/dm_h723_lib.elf.dir/Core/Src/stm32h7xx_it.c.obj
                0x08001be6                DebugMon_Handler
 .text.DMA1_Stream0_IRQHandler
                0x08001be8       0x10 CMakeFiles/dm_h723_lib.elf.dir/Core/Src/stm32h7xx_it.c.obj
                0x08001be8                DMA1_Stream0_IRQHandler
 .text.DMA1_Stream1_IRQHandler
                0x08001bf8       0x10 CMakeFiles/dm_h723_lib.elf.dir/Core/Src/stm32h7xx_it.c.obj
                0x08001bf8                DMA1_Stream1_IRQHandler
 .text.DMA1_Stream2_IRQHandler
                0x08001c08       0x10 CMakeFiles/dm_h723_lib.elf.dir/Core/Src/stm32h7xx_it.c.obj
                0x08001c08                DMA1_Stream2_IRQHandler
 .text.DMA1_Stream3_IRQHandler
                0x08001c18       0x10 CMakeFiles/dm_h723_lib.elf.dir/Core/Src/stm32h7xx_it.c.obj
                0x08001c18                DMA1_Stream3_IRQHandler
 .text.DMA1_Stream4_IRQHandler
                0x08001c28       0x10 CMakeFiles/dm_h723_lib.elf.dir/Core/Src/stm32h7xx_it.c.obj
                0x08001c28                DMA1_Stream4_IRQHandler
 .text.FDCAN1_IT0_IRQHandler
                0x08001c38       0x10 CMakeFiles/dm_h723_lib.elf.dir/Core/Src/stm32h7xx_it.c.obj
                0x08001c38                FDCAN1_IT0_IRQHandler
 .text.FDCAN2_IT0_IRQHandler
                0x08001c48       0x10 CMakeFiles/dm_h723_lib.elf.dir/Core/Src/stm32h7xx_it.c.obj
                0x08001c48                FDCAN2_IT0_IRQHandler
 .text.SPI2_IRQHandler
                0x08001c58       0x10 CMakeFiles/dm_h723_lib.elf.dir/Core/Src/stm32h7xx_it.c.obj
                0x08001c58                SPI2_IRQHandler
 .text.UART5_IRQHandler
                0x08001c68       0x10 CMakeFiles/dm_h723_lib.elf.dir/Core/Src/stm32h7xx_it.c.obj
                0x08001c68                UART5_IRQHandler
 .text.TIM7_IRQHandler
                0x08001c78       0x10 CMakeFiles/dm_h723_lib.elf.dir/Core/Src/stm32h7xx_it.c.obj
                0x08001c78                TIM7_IRQHandler
 .text.UART7_IRQHandler
                0x08001c88       0x10 CMakeFiles/dm_h723_lib.elf.dir/Core/Src/stm32h7xx_it.c.obj
                0x08001c88                UART7_IRQHandler
 .text.USART10_IRQHandler
                0x08001c98       0x10 CMakeFiles/dm_h723_lib.elf.dir/Core/Src/stm32h7xx_it.c.obj
                0x08001c98                USART10_IRQHandler
 .text.FDCAN3_IT0_IRQHandler
                0x08001ca8       0x10 CMakeFiles/dm_h723_lib.elf.dir/Core/Src/stm32h7xx_it.c.obj
                0x08001ca8                FDCAN3_IT0_IRQHandler
 .text._getpid  0x08001cb8        0x4 CMakeFiles/dm_h723_lib.elf.dir/Core/Src/syscalls.c.obj
                0x08001cb8                _getpid
 .text._kill    0x08001cbc       0x10 CMakeFiles/dm_h723_lib.elf.dir/Core/Src/syscalls.c.obj
                0x08001cbc                _kill
 .text._exit    0x08001ccc        0xc CMakeFiles/dm_h723_lib.elf.dir/Core/Src/syscalls.c.obj
                0x08001ccc                _exit
 .text._read    0x08001cd8       0x20 CMakeFiles/dm_h723_lib.elf.dir/Core/Src/syscalls.c.obj
                0x08001cd8                _read
 .text._write   0x08001cf8       0x1c CMakeFiles/dm_h723_lib.elf.dir/Core/Src/syscalls.c.obj
                0x08001cf8                _write
 .text._close   0x08001d14        0x6 CMakeFiles/dm_h723_lib.elf.dir/Core/Src/syscalls.c.obj
                0x08001d14                _close
 .text._fstat   0x08001d1a        0xa CMakeFiles/dm_h723_lib.elf.dir/Core/Src/syscalls.c.obj
                0x08001d1a                _fstat
 .text._isatty  0x08001d24        0x4 CMakeFiles/dm_h723_lib.elf.dir/Core/Src/syscalls.c.obj
                0x08001d24                _isatty
 .text._lseek   0x08001d28        0x4 CMakeFiles/dm_h723_lib.elf.dir/Core/Src/syscalls.c.obj
                0x08001d28                _lseek
 .text._sbrk    0x08001d2c       0x48 CMakeFiles/dm_h723_lib.elf.dir/Core/Src/sysmem.c.obj
                0x08001d2c                _sbrk
 .text.SystemInit
                0x08001d74       0xac CMakeFiles/dm_h723_lib.elf.dir/Core/Src/system_stm32h7xx.c.obj
                0x08001d74                SystemInit
 .text.MX_UART5_Init
                0x08001e20       0x78 CMakeFiles/dm_h723_lib.elf.dir/Core/Src/usart.c.obj
                0x08001e20                MX_UART5_Init
 .text.MX_UART7_Init
                0x08001e98       0x68 CMakeFiles/dm_h723_lib.elf.dir/Core/Src/usart.c.obj
                0x08001e98                MX_UART7_Init
 .text.MX_USART1_UART_Init
                0x08001f00       0x68 CMakeFiles/dm_h723_lib.elf.dir/Core/Src/usart.c.obj
                0x08001f00                MX_USART1_UART_Init
 .text.MX_USART10_UART_Init
                0x08001f68       0x68 CMakeFiles/dm_h723_lib.elf.dir/Core/Src/usart.c.obj
                0x08001f68                MX_USART10_UART_Init
 .text.HAL_UART_MspInit
                0x08001fd0      0x32c CMakeFiles/dm_h723_lib.elf.dir/Core/Src/usart.c.obj
                0x08001fd0                HAL_UART_MspInit
 .text.Reset_Handler
                0x080022fc       0x50 CMakeFiles/dm_h723_lib.elf.dir/Core/Startup/startup_stm32h723vgtx.s.obj
                0x080022fc                Reset_Handler
 .text.Default_Handler
                0x0800234c        0x2 CMakeFiles/dm_h723_lib.elf.dir/Core/Startup/startup_stm32h723vgtx.s.obj
                0x0800234c                RTC_Alarm_IRQHandler
                0x0800234c                EXTI2_IRQHandler
                0x0800234c                TIM8_CC_IRQHandler
                0x0800234c                UART8_IRQHandler
                0x0800234c                SPI4_IRQHandler
                0x0800234c                TIM1_CC_IRQHandler
                0x0800234c                BDMA_Channel6_IRQHandler
                0x0800234c                DMA2_Stream5_IRQHandler
                0x0800234c                DMA1_Stream5_IRQHandler
                0x0800234c                CORDIC_IRQHandler
                0x0800234c                BDMA_Channel1_IRQHandler
                0x0800234c                TAMP_STAMP_IRQHandler
                0x0800234c                EXTI3_IRQHandler
                0x0800234c                LPTIM4_IRQHandler
                0x0800234c                TIM8_TRG_COM_TIM14_IRQHandler
                0x0800234c                LPTIM2_IRQHandler
                0x0800234c                DFSDM1_FLT1_IRQHandler
                0x0800234c                DMAMUX2_OVR_IRQHandler
                0x0800234c                TIM8_UP_TIM13_IRQHandler
                0x0800234c                I2C3_ER_IRQHandler
                0x0800234c                DFSDM1_FLT2_IRQHandler
                0x0800234c                I2C5_EV_IRQHandler
                0x0800234c                MDMA_IRQHandler
                0x0800234c                LPTIM3_IRQHandler
                0x0800234c                HSEM1_IRQHandler
                0x0800234c                EXTI0_IRQHandler
                0x0800234c                I2C2_EV_IRQHandler
                0x0800234c                FPU_IRQHandler
                0x0800234c                OTG_HS_WKUP_IRQHandler
                0x0800234c                FDCAN1_IT1_IRQHandler
                0x0800234c                LTDC_ER_IRQHandler
                0x0800234c                DMA2_Stream2_IRQHandler
                0x0800234c                SPI1_IRQHandler
                0x0800234c                OCTOSPI1_IRQHandler
                0x0800234c                TIM6_DAC_IRQHandler
                0x0800234c                DMA2_Stream3_IRQHandler
                0x0800234c                OCTOSPI2_IRQHandler
                0x0800234c                DFSDM1_FLT3_IRQHandler
                0x0800234c                TIM23_IRQHandler
                0x0800234c                USART6_IRQHandler
                0x0800234c                TIM17_IRQHandler
                0x0800234c                USART3_IRQHandler
                0x0800234c                BDMA_Channel7_IRQHandler
                0x0800234c                LPTIM5_IRQHandler
                0x0800234c                ADC3_IRQHandler
                0x0800234c                DMA2_Stream0_IRQHandler
                0x0800234c                TIM4_IRQHandler
                0x0800234c                BDMA_Channel2_IRQHandler
                0x0800234c                I2C1_EV_IRQHandler
                0x0800234c                DMA1_Stream6_IRQHandler
                0x0800234c                DMAMUX1_OVR_IRQHandler
                0x0800234c                TIM16_IRQHandler
                0x0800234c                UART4_IRQHandler
                0x0800234c                BDMA_Channel5_IRQHandler
                0x0800234c                TIM3_IRQHandler
                0x0800234c                RCC_IRQHandler
                0x0800234c                UART9_IRQHandler
                0x0800234c                TIM8_BRK_TIM12_IRQHandler
                0x0800234c                TIM1_TRG_COM_IRQHandler
                0x0800234c                Default_Handler
                0x0800234c                ECC_IRQHandler
                0x0800234c                FMAC_IRQHandler
                0x0800234c                CEC_IRQHandler
                0x0800234c                EXTI15_10_IRQHandler
                0x0800234c                BDMA_Channel0_IRQHandler
                0x0800234c                ADC_IRQHandler
                0x0800234c                I2C5_ER_IRQHandler
                0x0800234c                DMA1_Stream7_IRQHandler
                0x0800234c                SPI5_IRQHandler
                0x0800234c                FDCAN3_IT1_IRQHandler
                0x0800234c                SDMMC1_IRQHandler
                0x0800234c                TIM5_IRQHandler
                0x0800234c                DMA2_Stream7_IRQHandler
                0x0800234c                TIM15_IRQHandler
                0x0800234c                PVD_AVD_IRQHandler
                0x0800234c                I2C3_EV_IRQHandler
                0x0800234c                EXTI9_5_IRQHandler
                0x0800234c                RTC_WKUP_IRQHandler
                0x0800234c                LTDC_IRQHandler
                0x0800234c                ETH_WKUP_IRQHandler
                0x0800234c                SPDIF_RX_IRQHandler
                0x0800234c                OTG_HS_EP1_IN_IRQHandler
                0x0800234c                TIM24_IRQHandler
                0x0800234c                CRS_IRQHandler
                0x0800234c                EXTI4_IRQHandler
                0x0800234c                RNG_IRQHandler
                0x0800234c                FDCAN2_IT1_IRQHandler
                0x0800234c                ETH_IRQHandler
                0x0800234c                TIM1_UP_IRQHandler
                0x0800234c                BDMA_Channel4_IRQHandler
                0x0800234c                OTG_HS_EP1_OUT_IRQHandler
                0x0800234c                WWDG_IRQHandler
                0x0800234c                SPI6_IRQHandler
                0x0800234c                MDIOS_IRQHandler
                0x0800234c                I2C4_EV_IRQHandler
                0x0800234c                LPUART1_IRQHandler
                0x0800234c                TIM2_IRQHandler
                0x0800234c                OTG_HS_IRQHandler
                0x0800234c                DMA2D_IRQHandler
                0x0800234c                TIM1_BRK_IRQHandler
                0x0800234c                EXTI1_IRQHandler
                0x0800234c                SDMMC2_IRQHandler
                0x0800234c                BDMA_Channel3_IRQHandler
                0x0800234c                DTS_IRQHandler
                0x0800234c                MDIOS_WKUP_IRQHandler
                0x0800234c                USART2_IRQHandler
                0x0800234c                DFSDM1_FLT0_IRQHandler
                0x0800234c                SAI4_IRQHandler
                0x0800234c                I2C2_ER_IRQHandler
                0x0800234c                DMA2_Stream1_IRQHandler
                0x0800234c                FLASH_IRQHandler
                0x0800234c                DMA2_Stream4_IRQHandler
                0x0800234c                USART1_IRQHandler
                0x0800234c                SPI3_IRQHandler
                0x0800234c                WAKEUP_PIN_IRQHandler
                0x0800234c                I2C1_ER_IRQHandler
                0x0800234c                FMC_IRQHandler
                0x0800234c                FDCAN_CAL_IRQHandler
                0x0800234c                SWPMI1_IRQHandler
                0x0800234c                COMP1_IRQHandler
                0x0800234c                LPTIM1_IRQHandler
                0x0800234c                DCMI_PSSI_IRQHandler
                0x0800234c                I2C4_ER_IRQHandler
                0x0800234c                DMA2_Stream6_IRQHandler
                0x0800234c                SAI1_IRQHandler
 *fill*         0x0800234e        0x2 
 .text.HAL_Init
                0x08002350       0x5c CMakeFiles/dm_h723_lib.elf.dir/Drivers/STM32H7xx_HAL_Driver/Src/stm32h7xx_hal.c.obj
                0x08002350                HAL_Init
 .text.HAL_IncTick
                0x080023ac       0x18 CMakeFiles/dm_h723_lib.elf.dir/Drivers/STM32H7xx_HAL_Driver/Src/stm32h7xx_hal.c.obj
                0x080023ac                HAL_IncTick
 .text.HAL_GetTick
                0x080023c4        0xc CMakeFiles/dm_h723_lib.elf.dir/Drivers/STM32H7xx_HAL_Driver/Src/stm32h7xx_hal.c.obj
                0x080023c4                HAL_GetTick
 .text.__NVIC_EnableIRQ
                0x080023d0       0x1c CMakeFiles/dm_h723_lib.elf.dir/Drivers/STM32H7xx_HAL_Driver/Src/stm32h7xx_hal_cortex.c.obj
 .text.__NVIC_SetPriority
                0x080023ec       0x24 CMakeFiles/dm_h723_lib.elf.dir/Drivers/STM32H7xx_HAL_Driver/Src/stm32h7xx_hal_cortex.c.obj
 .text.NVIC_EncodePriority
                0x08002410       0x3e CMakeFiles/dm_h723_lib.elf.dir/Drivers/STM32H7xx_HAL_Driver/Src/stm32h7xx_hal_cortex.c.obj
 *fill*         0x0800244e        0x2 
 .text.HAL_NVIC_SetPriorityGrouping
                0x08002450       0x24 CMakeFiles/dm_h723_lib.elf.dir/Drivers/STM32H7xx_HAL_Driver/Src/stm32h7xx_hal_cortex.c.obj
                0x08002450                HAL_NVIC_SetPriorityGrouping
 .text.HAL_NVIC_SetPriority
                0x08002474       0x20 CMakeFiles/dm_h723_lib.elf.dir/Drivers/STM32H7xx_HAL_Driver/Src/stm32h7xx_hal_cortex.c.obj
                0x08002474                HAL_NVIC_SetPriority
 .text.HAL_NVIC_EnableIRQ
                0x08002494        0x8 CMakeFiles/dm_h723_lib.elf.dir/Drivers/STM32H7xx_HAL_Driver/Src/stm32h7xx_hal_cortex.c.obj
                0x08002494                HAL_NVIC_EnableIRQ
 .text.DMA_SetConfig
                0x0800249c      0x1b4 CMakeFiles/dm_h723_lib.elf.dir/Drivers/STM32H7xx_HAL_Driver/Src/stm32h7xx_hal_dma.c.obj
 .text.DMA_CalcBaseAndBitshift
                0x08002650       0xb0 CMakeFiles/dm_h723_lib.elf.dir/Drivers/STM32H7xx_HAL_Driver/Src/stm32h7xx_hal_dma.c.obj
 .text.DMA_CheckFifoParam
                0x08002700       0x92 CMakeFiles/dm_h723_lib.elf.dir/Drivers/STM32H7xx_HAL_Driver/Src/stm32h7xx_hal_dma.c.obj
 *fill*         0x08002792        0x2 
 .text.DMA_CalcDMAMUXChannelBaseAndMask
                0x08002794       0xac CMakeFiles/dm_h723_lib.elf.dir/Drivers/STM32H7xx_HAL_Driver/Src/stm32h7xx_hal_dma.c.obj
 .text.DMA_CalcDMAMUXRequestGenBaseAndMask
                0x08002840       0x7c CMakeFiles/dm_h723_lib.elf.dir/Drivers/STM32H7xx_HAL_Driver/Src/stm32h7xx_hal_dma.c.obj
 .text.HAL_DMA_Init
                0x080028bc      0x39c CMakeFiles/dm_h723_lib.elf.dir/Drivers/STM32H7xx_HAL_Driver/Src/stm32h7xx_hal_dma.c.obj
                0x080028bc                HAL_DMA_Init
 .text.HAL_DMA_Start_IT
                0x08002c58      0x298 CMakeFiles/dm_h723_lib.elf.dir/Drivers/STM32H7xx_HAL_Driver/Src/stm32h7xx_hal_dma.c.obj
                0x08002c58                HAL_DMA_Start_IT
 .text.HAL_DMA_Abort
                0x08002ef0      0x340 CMakeFiles/dm_h723_lib.elf.dir/Drivers/STM32H7xx_HAL_Driver/Src/stm32h7xx_hal_dma.c.obj
                0x08002ef0                HAL_DMA_Abort
 .text.HAL_DMA_Abort_IT
                0x08003230      0x270 CMakeFiles/dm_h723_lib.elf.dir/Drivers/STM32H7xx_HAL_Driver/Src/stm32h7xx_hal_dma.c.obj
                0x08003230                HAL_DMA_Abort_IT
 .text.HAL_DMA_IRQHandler
                0x080034a0      0x738 CMakeFiles/dm_h723_lib.elf.dir/Drivers/STM32H7xx_HAL_Driver/Src/stm32h7xx_hal_dma.c.obj
                0x080034a0                HAL_DMA_IRQHandler
 .text.FDCAN_CalcultateRamBlockAddresses
                0x08003bd8      0x1d4 CMakeFiles/dm_h723_lib.elf.dir/Drivers/STM32H7xx_HAL_Driver/Src/stm32h7xx_hal_fdcan.c.obj
 .text.FDCAN_CopyMessageToRAM
                0x08003dac       0x8c CMakeFiles/dm_h723_lib.elf.dir/Drivers/STM32H7xx_HAL_Driver/Src/stm32h7xx_hal_fdcan.c.obj
 .text.HAL_FDCAN_Init
                0x08003e38      0x294 CMakeFiles/dm_h723_lib.elf.dir/Drivers/STM32H7xx_HAL_Driver/Src/stm32h7xx_hal_fdcan.c.obj
                0x08003e38                HAL_FDCAN_Init
 .text.HAL_FDCAN_ConfigFilter
                0x080040cc       0x8a CMakeFiles/dm_h723_lib.elf.dir/Drivers/STM32H7xx_HAL_Driver/Src/stm32h7xx_hal_fdcan.c.obj
                0x080040cc                HAL_FDCAN_ConfigFilter
 .text.HAL_FDCAN_ConfigGlobalFilter
                0x08004156       0x36 CMakeFiles/dm_h723_lib.elf.dir/Drivers/STM32H7xx_HAL_Driver/Src/stm32h7xx_hal_fdcan.c.obj
                0x08004156                HAL_FDCAN_ConfigGlobalFilter
 .text.HAL_FDCAN_Start
                0x0800418c       0x34 CMakeFiles/dm_h723_lib.elf.dir/Drivers/STM32H7xx_HAL_Driver/Src/stm32h7xx_hal_fdcan.c.obj
                0x0800418c                HAL_FDCAN_Start
 .text.HAL_FDCAN_AddMessageToTxFifoQ
                0x080041c0       0x76 CMakeFiles/dm_h723_lib.elf.dir/Drivers/STM32H7xx_HAL_Driver/Src/stm32h7xx_hal_fdcan.c.obj
                0x080041c0                HAL_FDCAN_AddMessageToTxFifoQ
 *fill*         0x08004236        0x2 
 .text.HAL_FDCAN_GetRxMessage
                0x08004238      0x1e4 CMakeFiles/dm_h723_lib.elf.dir/Drivers/STM32H7xx_HAL_Driver/Src/stm32h7xx_hal_fdcan.c.obj
                0x08004238                HAL_FDCAN_GetRxMessage
 .text.HAL_FDCAN_ActivateNotification
                0x0800441c       0x90 CMakeFiles/dm_h723_lib.elf.dir/Drivers/STM32H7xx_HAL_Driver/Src/stm32h7xx_hal_fdcan.c.obj
                0x0800441c                HAL_FDCAN_ActivateNotification
 .text.HAL_FDCAN_ClockCalibrationCallback
                0x080044ac        0x2 CMakeFiles/dm_h723_lib.elf.dir/Drivers/STM32H7xx_HAL_Driver/Src/stm32h7xx_hal_fdcan.c.obj
                0x080044ac                HAL_FDCAN_ClockCalibrationCallback
 .text.HAL_FDCAN_TxEventFifoCallback
                0x080044ae        0x2 CMakeFiles/dm_h723_lib.elf.dir/Drivers/STM32H7xx_HAL_Driver/Src/stm32h7xx_hal_fdcan.c.obj
                0x080044ae                HAL_FDCAN_TxEventFifoCallback
 .text.HAL_FDCAN_RxFifo1Callback
                0x080044b0        0x2 CMakeFiles/dm_h723_lib.elf.dir/Drivers/STM32H7xx_HAL_Driver/Src/stm32h7xx_hal_fdcan.c.obj
                0x080044b0                HAL_FDCAN_RxFifo1Callback
 .text.HAL_FDCAN_TxFifoEmptyCallback
                0x080044b2        0x2 CMakeFiles/dm_h723_lib.elf.dir/Drivers/STM32H7xx_HAL_Driver/Src/stm32h7xx_hal_fdcan.c.obj
                0x080044b2                HAL_FDCAN_TxFifoEmptyCallback
 .text.HAL_FDCAN_TxBufferCompleteCallback
                0x080044b4        0x2 CMakeFiles/dm_h723_lib.elf.dir/Drivers/STM32H7xx_HAL_Driver/Src/stm32h7xx_hal_fdcan.c.obj
                0x080044b4                HAL_FDCAN_TxBufferCompleteCallback
 .text.HAL_FDCAN_TxBufferAbortCallback
                0x080044b6        0x2 CMakeFiles/dm_h723_lib.elf.dir/Drivers/STM32H7xx_HAL_Driver/Src/stm32h7xx_hal_fdcan.c.obj
                0x080044b6                HAL_FDCAN_TxBufferAbortCallback
 .text.HAL_FDCAN_RxBufferNewMessageCallback
                0x080044b8        0x2 CMakeFiles/dm_h723_lib.elf.dir/Drivers/STM32H7xx_HAL_Driver/Src/stm32h7xx_hal_fdcan.c.obj
                0x080044b8                HAL_FDCAN_RxBufferNewMessageCallback
 .text.HAL_FDCAN_TimestampWraparoundCallback
                0x080044ba        0x2 CMakeFiles/dm_h723_lib.elf.dir/Drivers/STM32H7xx_HAL_Driver/Src/stm32h7xx_hal_fdcan.c.obj
                0x080044ba                HAL_FDCAN_TimestampWraparoundCallback
 .text.HAL_FDCAN_TimeoutOccurredCallback
                0x080044bc        0x2 CMakeFiles/dm_h723_lib.elf.dir/Drivers/STM32H7xx_HAL_Driver/Src/stm32h7xx_hal_fdcan.c.obj
                0x080044bc                HAL_FDCAN_TimeoutOccurredCallback
 .text.HAL_FDCAN_HighPriorityMessageCallback
                0x080044be        0x2 CMakeFiles/dm_h723_lib.elf.dir/Drivers/STM32H7xx_HAL_Driver/Src/stm32h7xx_hal_fdcan.c.obj
                0x080044be                HAL_FDCAN_HighPriorityMessageCallback
 .text.HAL_FDCAN_ErrorCallback
                0x080044c0        0x2 CMakeFiles/dm_h723_lib.elf.dir/Drivers/STM32H7xx_HAL_Driver/Src/stm32h7xx_hal_fdcan.c.obj
                0x080044c0                HAL_FDCAN_ErrorCallback
 .text.HAL_FDCAN_ErrorStatusCallback
                0x080044c2        0x2 CMakeFiles/dm_h723_lib.elf.dir/Drivers/STM32H7xx_HAL_Driver/Src/stm32h7xx_hal_fdcan.c.obj
                0x080044c2                HAL_FDCAN_ErrorStatusCallback
 .text.HAL_FDCAN_TT_ScheduleSyncCallback
                0x080044c4        0x2 CMakeFiles/dm_h723_lib.elf.dir/Drivers/STM32H7xx_HAL_Driver/Src/stm32h7xx_hal_fdcan.c.obj
                0x080044c4                HAL_FDCAN_TT_ScheduleSyncCallback
 .text.HAL_FDCAN_TT_TimeMarkCallback
                0x080044c6        0x2 CMakeFiles/dm_h723_lib.elf.dir/Drivers/STM32H7xx_HAL_Driver/Src/stm32h7xx_hal_fdcan.c.obj
                0x080044c6                HAL_FDCAN_TT_TimeMarkCallback
 .text.HAL_FDCAN_TT_StopWatchCallback
                0x080044c8        0x2 CMakeFiles/dm_h723_lib.elf.dir/Drivers/STM32H7xx_HAL_Driver/Src/stm32h7xx_hal_fdcan.c.obj
                0x080044c8                HAL_FDCAN_TT_StopWatchCallback
 .text.HAL_FDCAN_TT_GlobalTimeCallback
                0x080044ca        0x2 CMakeFiles/dm_h723_lib.elf.dir/Drivers/STM32H7xx_HAL_Driver/Src/stm32h7xx_hal_fdcan.c.obj
                0x080044ca                HAL_FDCAN_TT_GlobalTimeCallback
 .text.HAL_FDCAN_IRQHandler
                0x080044cc      0x320 CMakeFiles/dm_h723_lib.elf.dir/Drivers/STM32H7xx_HAL_Driver/Src/stm32h7xx_hal_fdcan.c.obj
                0x080044cc                HAL_FDCAN_IRQHandler
 .text.HAL_GPIO_Init
                0x080047ec      0x214 CMakeFiles/dm_h723_lib.elf.dir/Drivers/STM32H7xx_HAL_Driver/Src/stm32h7xx_hal_gpio.c.obj
                0x080047ec                HAL_GPIO_Init
 .text.HAL_GPIO_WritePin
                0x08004a00        0xc CMakeFiles/dm_h723_lib.elf.dir/Drivers/STM32H7xx_HAL_Driver/Src/stm32h7xx_hal_gpio.c.obj
                0x08004a00                HAL_GPIO_WritePin
 .text.HAL_PWREx_ConfigSupply
                0x08004a0c       0x54 CMakeFiles/dm_h723_lib.elf.dir/Drivers/STM32H7xx_HAL_Driver/Src/stm32h7xx_hal_pwr_ex.c.obj
                0x08004a0c                HAL_PWREx_ConfigSupply
 .text.HAL_RCC_OscConfig
                0x08004a60      0x5e4 CMakeFiles/dm_h723_lib.elf.dir/Drivers/STM32H7xx_HAL_Driver/Src/stm32h7xx_hal_rcc.c.obj
                0x08004a60                HAL_RCC_OscConfig
 .text.HAL_RCC_GetSysClockFreq
                0x08005044      0x1f8 CMakeFiles/dm_h723_lib.elf.dir/Drivers/STM32H7xx_HAL_Driver/Src/stm32h7xx_hal_rcc.c.obj
                0x08005044                HAL_RCC_GetSysClockFreq
 .text.HAL_RCC_ClockConfig
                0x0800523c      0x294 CMakeFiles/dm_h723_lib.elf.dir/Drivers/STM32H7xx_HAL_Driver/Src/stm32h7xx_hal_rcc.c.obj
                0x0800523c                HAL_RCC_ClockConfig
 .text.HAL_RCC_GetHCLKFreq
                0x080054d0       0x44 CMakeFiles/dm_h723_lib.elf.dir/Drivers/STM32H7xx_HAL_Driver/Src/stm32h7xx_hal_rcc.c.obj
                0x080054d0                HAL_RCC_GetHCLKFreq
 .text.HAL_RCC_GetPCLK1Freq
                0x08005514       0x24 CMakeFiles/dm_h723_lib.elf.dir/Drivers/STM32H7xx_HAL_Driver/Src/stm32h7xx_hal_rcc.c.obj
                0x08005514                HAL_RCC_GetPCLK1Freq
 .text.HAL_RCC_GetPCLK2Freq
                0x08005538       0x24 CMakeFiles/dm_h723_lib.elf.dir/Drivers/STM32H7xx_HAL_Driver/Src/stm32h7xx_hal_rcc.c.obj
                0x08005538                HAL_RCC_GetPCLK2Freq
 .text.HAL_RCC_GetClockConfig
                0x0800555c       0x54 CMakeFiles/dm_h723_lib.elf.dir/Drivers/STM32H7xx_HAL_Driver/Src/stm32h7xx_hal_rcc.c.obj
                0x0800555c                HAL_RCC_GetClockConfig
 .text.RCCEx_PLL2_Config
                0x080055b0      0x108 CMakeFiles/dm_h723_lib.elf.dir/Drivers/STM32H7xx_HAL_Driver/Src/stm32h7xx_hal_rcc_ex.c.obj
 .text.RCCEx_PLL3_Config
                0x080056b8      0x108 CMakeFiles/dm_h723_lib.elf.dir/Drivers/STM32H7xx_HAL_Driver/Src/stm32h7xx_hal_rcc_ex.c.obj
 .text.HAL_RCCEx_PeriphCLKConfig
                0x080057c0      0xa2c CMakeFiles/dm_h723_lib.elf.dir/Drivers/STM32H7xx_HAL_Driver/Src/stm32h7xx_hal_rcc_ex.c.obj
                0x080057c0                HAL_RCCEx_PeriphCLKConfig
 .text.HAL_RCCEx_GetD3PCLK1Freq
                0x080061ec       0x24 CMakeFiles/dm_h723_lib.elf.dir/Drivers/STM32H7xx_HAL_Driver/Src/stm32h7xx_hal_rcc_ex.c.obj
                0x080061ec                HAL_RCCEx_GetD3PCLK1Freq
 .text.HAL_RCCEx_GetPLL2ClockFreq
                0x08006210      0x200 CMakeFiles/dm_h723_lib.elf.dir/Drivers/STM32H7xx_HAL_Driver/Src/stm32h7xx_hal_rcc_ex.c.obj
                0x08006210                HAL_RCCEx_GetPLL2ClockFreq
 .text.HAL_RCCEx_GetPLL3ClockFreq
                0x08006410      0x200 CMakeFiles/dm_h723_lib.elf.dir/Drivers/STM32H7xx_HAL_Driver/Src/stm32h7xx_hal_rcc_ex.c.obj
                0x08006410                HAL_RCCEx_GetPLL3ClockFreq
 .text.SPI_CloseTransfer
                0x08006610       0xd0 CMakeFiles/dm_h723_lib.elf.dir/Drivers/STM32H7xx_HAL_Driver/Src/stm32h7xx_hal_spi.c.obj
 .text.SPI_GetPacketSize
                0x080066e0       0x10 CMakeFiles/dm_h723_lib.elf.dir/Drivers/STM32H7xx_HAL_Driver/Src/stm32h7xx_hal_spi.c.obj
 .text.SPI_WaitOnFlagUntilTimeout
                0x080066f0       0x48 CMakeFiles/dm_h723_lib.elf.dir/Drivers/STM32H7xx_HAL_Driver/Src/stm32h7xx_hal_spi.c.obj
 .text.HAL_SPI_Init
                0x08006738      0x190 CMakeFiles/dm_h723_lib.elf.dir/Drivers/STM32H7xx_HAL_Driver/Src/stm32h7xx_hal_spi.c.obj
                0x08006738                HAL_SPI_Init
 .text.HAL_SPI_Transmit
                0x080068c8      0x2c0 CMakeFiles/dm_h723_lib.elf.dir/Drivers/STM32H7xx_HAL_Driver/Src/stm32h7xx_hal_spi.c.obj
                0x080068c8                HAL_SPI_Transmit
 .text.HAL_SPI_TransmitReceive
                0x08006b88      0x490 CMakeFiles/dm_h723_lib.elf.dir/Drivers/STM32H7xx_HAL_Driver/Src/stm32h7xx_hal_spi.c.obj
                0x08006b88                HAL_SPI_TransmitReceive
 .text.HAL_SPI_TxCpltCallback
                0x08007018        0x2 CMakeFiles/dm_h723_lib.elf.dir/Drivers/STM32H7xx_HAL_Driver/Src/stm32h7xx_hal_spi.c.obj
                0x08007018                HAL_SPI_TxCpltCallback
 .text.HAL_SPI_RxCpltCallback
                0x0800701a        0x2 CMakeFiles/dm_h723_lib.elf.dir/Drivers/STM32H7xx_HAL_Driver/Src/stm32h7xx_hal_spi.c.obj
                0x0800701a                HAL_SPI_RxCpltCallback
 .text.HAL_SPI_TxRxCpltCallback
                0x0800701c        0x2 CMakeFiles/dm_h723_lib.elf.dir/Drivers/STM32H7xx_HAL_Driver/Src/stm32h7xx_hal_spi.c.obj
                0x0800701c                HAL_SPI_TxRxCpltCallback
 .text.HAL_SPI_ErrorCallback
                0x0800701e        0x2 CMakeFiles/dm_h723_lib.elf.dir/Drivers/STM32H7xx_HAL_Driver/Src/stm32h7xx_hal_spi.c.obj
                0x0800701e                HAL_SPI_ErrorCallback
 .text.SPI_DMAAbortOnError
                0x08007020       0x1a CMakeFiles/dm_h723_lib.elf.dir/Drivers/STM32H7xx_HAL_Driver/Src/stm32h7xx_hal_spi.c.obj
 .text.HAL_SPI_SuspendCallback
                0x0800703a        0x2 CMakeFiles/dm_h723_lib.elf.dir/Drivers/STM32H7xx_HAL_Driver/Src/stm32h7xx_hal_spi.c.obj
                0x0800703a                HAL_SPI_SuspendCallback
 .text.HAL_SPI_IRQHandler
                0x0800703c      0x240 CMakeFiles/dm_h723_lib.elf.dir/Drivers/STM32H7xx_HAL_Driver/Src/stm32h7xx_hal_spi.c.obj
                0x0800703c                HAL_SPI_IRQHandler
 .text.HAL_TIM_Base_MspInit
                0x0800727c        0x2 CMakeFiles/dm_h723_lib.elf.dir/Drivers/STM32H7xx_HAL_Driver/Src/stm32h7xx_hal_tim.c.obj
                0x0800727c                HAL_TIM_Base_MspInit
 *fill*         0x0800727e        0x2 
 .text.HAL_TIM_Base_Start_IT
                0x08007280       0xa0 CMakeFiles/dm_h723_lib.elf.dir/Drivers/STM32H7xx_HAL_Driver/Src/stm32h7xx_hal_tim.c.obj
                0x08007280                HAL_TIM_Base_Start_IT
 .text.HAL_TIM_OC_DelayElapsedCallback
                0x08007320        0x2 CMakeFiles/dm_h723_lib.elf.dir/Drivers/STM32H7xx_HAL_Driver/Src/stm32h7xx_hal_tim.c.obj
                0x08007320                HAL_TIM_OC_DelayElapsedCallback
 .text.HAL_TIM_IC_CaptureCallback
                0x08007322        0x2 CMakeFiles/dm_h723_lib.elf.dir/Drivers/STM32H7xx_HAL_Driver/Src/stm32h7xx_hal_tim.c.obj
                0x08007322                HAL_TIM_IC_CaptureCallback
 .text.HAL_TIM_PWM_PulseFinishedCallback
                0x08007324        0x2 CMakeFiles/dm_h723_lib.elf.dir/Drivers/STM32H7xx_HAL_Driver/Src/stm32h7xx_hal_tim.c.obj
                0x08007324                HAL_TIM_PWM_PulseFinishedCallback
 .text.HAL_TIM_TriggerCallback
                0x08007326        0x2 CMakeFiles/dm_h723_lib.elf.dir/Drivers/STM32H7xx_HAL_Driver/Src/stm32h7xx_hal_tim.c.obj
                0x08007326                HAL_TIM_TriggerCallback
 .text.HAL_TIM_IRQHandler
                0x08007328      0x17a CMakeFiles/dm_h723_lib.elf.dir/Drivers/STM32H7xx_HAL_Driver/Src/stm32h7xx_hal_tim.c.obj
                0x08007328                HAL_TIM_IRQHandler
 *fill*         0x080074a2        0x2 
 .text.TIM_Base_SetConfig
                0x080074a4      0x130 CMakeFiles/dm_h723_lib.elf.dir/Drivers/STM32H7xx_HAL_Driver/Src/stm32h7xx_hal_tim.c.obj
                0x080074a4                TIM_Base_SetConfig
 .text.HAL_TIM_Base_Init
                0x080075d4       0x60 CMakeFiles/dm_h723_lib.elf.dir/Drivers/STM32H7xx_HAL_Driver/Src/stm32h7xx_hal_tim.c.obj
                0x080075d4                HAL_TIM_Base_Init
 .text.HAL_TIMEx_CommutCallback
                0x08007634        0x2 CMakeFiles/dm_h723_lib.elf.dir/Drivers/STM32H7xx_HAL_Driver/Src/stm32h7xx_hal_tim_ex.c.obj
                0x08007634                HAL_TIMEx_CommutCallback
 .text.HAL_TIMEx_BreakCallback
                0x08007636        0x2 CMakeFiles/dm_h723_lib.elf.dir/Drivers/STM32H7xx_HAL_Driver/Src/stm32h7xx_hal_tim_ex.c.obj
                0x08007636                HAL_TIMEx_BreakCallback
 .text.HAL_TIMEx_Break2Callback
                0x08007638        0x2 CMakeFiles/dm_h723_lib.elf.dir/Drivers/STM32H7xx_HAL_Driver/Src/stm32h7xx_hal_tim_ex.c.obj
                0x08007638                HAL_TIMEx_Break2Callback
 .text.UART_EndTxTransfer
                0x0800763a       0x32 CMakeFiles/dm_h723_lib.elf.dir/Drivers/STM32H7xx_HAL_Driver/Src/stm32h7xx_hal_uart.c.obj
 .text.UART_EndRxTransfer
                0x0800766c       0x58 CMakeFiles/dm_h723_lib.elf.dir/Drivers/STM32H7xx_HAL_Driver/Src/stm32h7xx_hal_uart.c.obj
 .text.HAL_UART_TxCpltCallback
                0x080076c4        0x2 CMakeFiles/dm_h723_lib.elf.dir/Drivers/STM32H7xx_HAL_Driver/Src/stm32h7xx_hal_uart.c.obj
                0x080076c4                HAL_UART_TxCpltCallback
 .text.UART_EndTransmit_IT
                0x080076c6       0x24 CMakeFiles/dm_h723_lib.elf.dir/Drivers/STM32H7xx_HAL_Driver/Src/stm32h7xx_hal_uart.c.obj
 .text.HAL_UART_RxCpltCallback
                0x080076ea        0x2 CMakeFiles/dm_h723_lib.elf.dir/Drivers/STM32H7xx_HAL_Driver/Src/stm32h7xx_hal_uart.c.obj
                0x080076ea                HAL_UART_RxCpltCallback
 .text.HAL_UART_RxHalfCpltCallback
                0x080076ec        0x2 CMakeFiles/dm_h723_lib.elf.dir/Drivers/STM32H7xx_HAL_Driver/Src/stm32h7xx_hal_uart.c.obj
                0x080076ec                HAL_UART_RxHalfCpltCallback
 .text.UART_DMAError
                0x080076ee       0x58 CMakeFiles/dm_h723_lib.elf.dir/Drivers/STM32H7xx_HAL_Driver/Src/stm32h7xx_hal_uart.c.obj
 .text.UART_DMAAbortOnError
                0x08007746       0x14 CMakeFiles/dm_h723_lib.elf.dir/Drivers/STM32H7xx_HAL_Driver/Src/stm32h7xx_hal_uart.c.obj
 *fill*         0x0800775a        0x2 
 .text.HAL_UART_IRQHandler
                0x0800775c      0x3b4 CMakeFiles/dm_h723_lib.elf.dir/Drivers/STM32H7xx_HAL_Driver/Src/stm32h7xx_hal_uart.c.obj
                0x0800775c                HAL_UART_IRQHandler
 .text.UART_DMARxHalfCplt
                0x08007b10       0x20 CMakeFiles/dm_h723_lib.elf.dir/Drivers/STM32H7xx_HAL_Driver/Src/stm32h7xx_hal_uart.c.obj
 .text.UART_DMAReceiveCplt
                0x08007b30       0x90 CMakeFiles/dm_h723_lib.elf.dir/Drivers/STM32H7xx_HAL_Driver/Src/stm32h7xx_hal_uart.c.obj
 .text.UART_SetConfig
                0x08007bc0      0x6c4 CMakeFiles/dm_h723_lib.elf.dir/Drivers/STM32H7xx_HAL_Driver/Src/stm32h7xx_hal_uart.c.obj
                0x08007bc0                UART_SetConfig
 .text.UART_AdvFeatureConfig
                0x08008284       0xca CMakeFiles/dm_h723_lib.elf.dir/Drivers/STM32H7xx_HAL_Driver/Src/stm32h7xx_hal_uart.c.obj
                0x08008284                UART_AdvFeatureConfig
 .text.UART_WaitOnFlagUntilTimeout
                0x0800834e       0xa6 CMakeFiles/dm_h723_lib.elf.dir/Drivers/STM32H7xx_HAL_Driver/Src/stm32h7xx_hal_uart.c.obj
                0x0800834e                UART_WaitOnFlagUntilTimeout
 .text.HAL_UART_Transmit
                0x080083f4       0xd0 CMakeFiles/dm_h723_lib.elf.dir/Drivers/STM32H7xx_HAL_Driver/Src/stm32h7xx_hal_uart.c.obj
                0x080083f4                HAL_UART_Transmit
 .text.UART_CheckIdleState
                0x080084c4       0xca CMakeFiles/dm_h723_lib.elf.dir/Drivers/STM32H7xx_HAL_Driver/Src/stm32h7xx_hal_uart.c.obj
                0x080084c4                UART_CheckIdleState
 .text.HAL_UART_Init
                0x0800858e       0x66 CMakeFiles/dm_h723_lib.elf.dir/Drivers/STM32H7xx_HAL_Driver/Src/stm32h7xx_hal_uart.c.obj
                0x0800858e                HAL_UART_Init
 .text.UART_Start_Receive_DMA
                0x080085f4       0xb0 CMakeFiles/dm_h723_lib.elf.dir/Drivers/STM32H7xx_HAL_Driver/Src/stm32h7xx_hal_uart.c.obj
                0x080085f4                UART_Start_Receive_DMA
 .text.UARTEx_SetNbDataToProcess
                0x080086a4       0x4c CMakeFiles/dm_h723_lib.elf.dir/Drivers/STM32H7xx_HAL_Driver/Src/stm32h7xx_hal_uart_ex.c.obj
 .text.HAL_UARTEx_WakeupCallback
                0x080086f0        0x2 CMakeFiles/dm_h723_lib.elf.dir/Drivers/STM32H7xx_HAL_Driver/Src/stm32h7xx_hal_uart_ex.c.obj
                0x080086f0                HAL_UARTEx_WakeupCallback
 .text.HAL_UARTEx_RxFifoFullCallback
                0x080086f2        0x2 CMakeFiles/dm_h723_lib.elf.dir/Drivers/STM32H7xx_HAL_Driver/Src/stm32h7xx_hal_uart_ex.c.obj
                0x080086f2                HAL_UARTEx_RxFifoFullCallback
 .text.HAL_UARTEx_TxFifoEmptyCallback
                0x080086f4        0x2 CMakeFiles/dm_h723_lib.elf.dir/Drivers/STM32H7xx_HAL_Driver/Src/stm32h7xx_hal_uart_ex.c.obj
                0x080086f4                HAL_UARTEx_TxFifoEmptyCallback
 .text.HAL_UARTEx_DisableFifoMode
                0x080086f6       0x3e CMakeFiles/dm_h723_lib.elf.dir/Drivers/STM32H7xx_HAL_Driver/Src/stm32h7xx_hal_uart_ex.c.obj
                0x080086f6                HAL_UARTEx_DisableFifoMode
 .text.HAL_UARTEx_SetTxFifoThreshold
                0x08008734       0x4a CMakeFiles/dm_h723_lib.elf.dir/Drivers/STM32H7xx_HAL_Driver/Src/stm32h7xx_hal_uart_ex.c.obj
                0x08008734                HAL_UARTEx_SetTxFifoThreshold
 .text.HAL_UARTEx_SetRxFifoThreshold
                0x0800877e       0x4a CMakeFiles/dm_h723_lib.elf.dir/Drivers/STM32H7xx_HAL_Driver/Src/stm32h7xx_hal_uart_ex.c.obj
                0x0800877e                HAL_UARTEx_SetRxFifoThreshold
 .text.HAL_UARTEx_ReceiveToIdle_DMA
                0x080087c8       0x50 CMakeFiles/dm_h723_lib.elf.dir/Drivers/STM32H7xx_HAL_Driver/Src/stm32h7xx_hal_uart_ex.c.obj
                0x080087c8                HAL_UARTEx_ReceiveToIdle_DMA
 .text.makeFreeRtosPriority
                0x08008818        0xc CMakeFiles/dm_h723_lib.elf.dir/Middlewares/Third_Party/FreeRTOS/Source/CMSIS_RTOS/cmsis_os.c.obj
 .text.osKernelStart
                0x08008824        0xa CMakeFiles/dm_h723_lib.elf.dir/Middlewares/Third_Party/FreeRTOS/Source/CMSIS_RTOS/cmsis_os.c.obj
                0x08008824                osKernelStart
 .text.osThreadCreate
                0x0800882e       0x66 CMakeFiles/dm_h723_lib.elf.dir/Middlewares/Third_Party/FreeRTOS/Source/CMSIS_RTOS/cmsis_os.c.obj
                0x0800882e                osThreadCreate
 .text.osDelay  0x08008894        0xe CMakeFiles/dm_h723_lib.elf.dir/Middlewares/Third_Party/FreeRTOS/Source/CMSIS_RTOS/cmsis_os.c.obj
                0x08008894                osDelay
 .text.vListInitialise
                0x080088a2       0x16 CMakeFiles/dm_h723_lib.elf.dir/Middlewares/Third_Party/FreeRTOS/Source/list.c.obj
                0x080088a2                vListInitialise
 .text.vListInitialiseItem
                0x080088b8        0x6 CMakeFiles/dm_h723_lib.elf.dir/Middlewares/Third_Party/FreeRTOS/Source/list.c.obj
                0x080088b8                vListInitialiseItem
 .text.vListInsertEnd
                0x080088be       0x16 CMakeFiles/dm_h723_lib.elf.dir/Middlewares/Third_Party/FreeRTOS/Source/list.c.obj
                0x080088be                vListInsertEnd
 .text.vListInsert
                0x080088d4       0x32 CMakeFiles/dm_h723_lib.elf.dir/Middlewares/Third_Party/FreeRTOS/Source/list.c.obj
                0x080088d4                vListInsert
 .text.uxListRemove
                0x08008906       0x26 CMakeFiles/dm_h723_lib.elf.dir/Middlewares/Third_Party/FreeRTOS/Source/list.c.obj
                0x08008906                uxListRemove
 .text.prvTaskExitError
                0x0800892c       0x40 CMakeFiles/dm_h723_lib.elf.dir/Middlewares/Third_Party/FreeRTOS/Source/portable/GCC/ARM_CM4F/port.c.obj
 .text.prvPortStartFirstTask
                0x0800896c       0x28 CMakeFiles/dm_h723_lib.elf.dir/Middlewares/Third_Party/FreeRTOS/Source/portable/GCC/ARM_CM4F/port.c.obj
 .text.vPortEnableVFP
                0x08008994       0x14 CMakeFiles/dm_h723_lib.elf.dir/Middlewares/Third_Party/FreeRTOS/Source/portable/GCC/ARM_CM4F/port.c.obj
 .text.pxPortInitialiseStack
                0x080089a8       0x2c CMakeFiles/dm_h723_lib.elf.dir/Middlewares/Third_Party/FreeRTOS/Source/portable/GCC/ARM_CM4F/port.c.obj
                0x080089a8                pxPortInitialiseStack
 *fill*         0x080089d4        0xc 
 .text.SVC_Handler
                0x080089e0       0x24 CMakeFiles/dm_h723_lib.elf.dir/Middlewares/Third_Party/FreeRTOS/Source/portable/GCC/ARM_CM4F/port.c.obj
                0x080089e0                SVC_Handler
 .text.vPortEnterCritical
                0x08008a04       0x44 CMakeFiles/dm_h723_lib.elf.dir/Middlewares/Third_Party/FreeRTOS/Source/portable/GCC/ARM_CM4F/port.c.obj
                0x08008a04                vPortEnterCritical
 .text.vPortExitCritical
                0x08008a48       0x2c CMakeFiles/dm_h723_lib.elf.dir/Middlewares/Third_Party/FreeRTOS/Source/portable/GCC/ARM_CM4F/port.c.obj
                0x08008a48                vPortExitCritical
 *fill*         0x08008a74        0xc 
 .text.PendSV_Handler
                0x08008a80       0x64 CMakeFiles/dm_h723_lib.elf.dir/Middlewares/Third_Party/FreeRTOS/Source/portable/GCC/ARM_CM4F/port.c.obj
                0x08008a80                PendSV_Handler
 .text.SysTick_Handler
                0x08008ae4       0x2c CMakeFiles/dm_h723_lib.elf.dir/Middlewares/Third_Party/FreeRTOS/Source/portable/GCC/ARM_CM4F/port.c.obj
                0x08008ae4                SysTick_Handler
 .text.vPortSetupTimerInterrupt
                0x08008b10       0x28 CMakeFiles/dm_h723_lib.elf.dir/Middlewares/Third_Party/FreeRTOS/Source/portable/GCC/ARM_CM4F/port.c.obj
                0x08008b10                vPortSetupTimerInterrupt
 .text.xPortStartScheduler
                0x08008b38      0x118 CMakeFiles/dm_h723_lib.elf.dir/Middlewares/Third_Party/FreeRTOS/Source/portable/GCC/ARM_CM4F/port.c.obj
                0x08008b38                xPortStartScheduler
 .text.prvHeapInit
                0x08008c50       0x68 CMakeFiles/dm_h723_lib.elf.dir/Middlewares/Third_Party/FreeRTOS/Source/portable/MemMang/heap_4.c.obj
 .text.prvInsertBlockIntoFreeList
                0x08008cb8       0x64 CMakeFiles/dm_h723_lib.elf.dir/Middlewares/Third_Party/FreeRTOS/Source/portable/MemMang/heap_4.c.obj
 .text.pvPortMalloc
                0x08008d1c      0x104 CMakeFiles/dm_h723_lib.elf.dir/Middlewares/Third_Party/FreeRTOS/Source/portable/MemMang/heap_4.c.obj
                0x08008d1c                pvPortMalloc
 .text.vPortFree
                0x08008e20       0x7c CMakeFiles/dm_h723_lib.elf.dir/Middlewares/Third_Party/FreeRTOS/Source/portable/MemMang/heap_4.c.obj
                0x08008e20                vPortFree
 .text.prvResetNextTaskUnblockTime
                0x08008e9c       0x2c CMakeFiles/dm_h723_lib.elf.dir/Middlewares/Third_Party/FreeRTOS/Source/tasks.c.obj
 .text.prvInitialiseNewTask
                0x08008ec8       0xfc CMakeFiles/dm_h723_lib.elf.dir/Middlewares/Third_Party/FreeRTOS/Source/tasks.c.obj
 .text.prvInitialiseTaskLists
                0x08008fc4       0x68 CMakeFiles/dm_h723_lib.elf.dir/Middlewares/Third_Party/FreeRTOS/Source/tasks.c.obj
 .text.prvAddNewTaskToReadyList
                0x0800902c       0xa8 CMakeFiles/dm_h723_lib.elf.dir/Middlewares/Third_Party/FreeRTOS/Source/tasks.c.obj
 .text.prvDeleteTCB
                0x080090d4       0x40 CMakeFiles/dm_h723_lib.elf.dir/Middlewares/Third_Party/FreeRTOS/Source/tasks.c.obj
 .text.prvCheckTasksWaitingTermination
                0x08009114       0x4c CMakeFiles/dm_h723_lib.elf.dir/Middlewares/Third_Party/FreeRTOS/Source/tasks.c.obj
 .text.prvIdleTask
                0x08009160       0x28 CMakeFiles/dm_h723_lib.elf.dir/Middlewares/Third_Party/FreeRTOS/Source/tasks.c.obj
 .text.prvAddCurrentTaskToDelayedList
                0x08009188       0xa0 CMakeFiles/dm_h723_lib.elf.dir/Middlewares/Third_Party/FreeRTOS/Source/tasks.c.obj
 .text.xTaskCreateStatic
                0x08009228       0x7a CMakeFiles/dm_h723_lib.elf.dir/Middlewares/Third_Party/FreeRTOS/Source/tasks.c.obj
                0x08009228                xTaskCreateStatic
 .text.xTaskCreate
                0x080092a2       0x66 CMakeFiles/dm_h723_lib.elf.dir/Middlewares/Third_Party/FreeRTOS/Source/tasks.c.obj
                0x080092a2                xTaskCreate
 .text.vTaskStartScheduler
                0x08009308       0x84 CMakeFiles/dm_h723_lib.elf.dir/Middlewares/Third_Party/FreeRTOS/Source/tasks.c.obj
                0x08009308                vTaskStartScheduler
 .text.vTaskSuspendAll
                0x0800938c       0x10 CMakeFiles/dm_h723_lib.elf.dir/Middlewares/Third_Party/FreeRTOS/Source/tasks.c.obj
                0x0800938c                vTaskSuspendAll
 .text.xTaskIncrementTick
                0x0800939c      0x118 CMakeFiles/dm_h723_lib.elf.dir/Middlewares/Third_Party/FreeRTOS/Source/tasks.c.obj
                0x0800939c                xTaskIncrementTick
 .text.xTaskResumeAll
                0x080094b4       0xf8 CMakeFiles/dm_h723_lib.elf.dir/Middlewares/Third_Party/FreeRTOS/Source/tasks.c.obj
                0x080094b4                xTaskResumeAll
 .text.vTaskDelay
                0x080095ac       0x4c CMakeFiles/dm_h723_lib.elf.dir/Middlewares/Third_Party/FreeRTOS/Source/tasks.c.obj
                0x080095ac                vTaskDelay
 .text.vTaskSwitchContext
                0x080095f8       0xa4 CMakeFiles/dm_h723_lib.elf.dir/Middlewares/Third_Party/FreeRTOS/Source/tasks.c.obj
                0x080095f8                vTaskSwitchContext
 .text.DWT_Init
                0x0800969c       0x30 CMakeFiles/dm_h723_lib.elf.dir/code_mf/Src/BMI088Middleware.c.obj
                0x0800969c                DWT_Init
 .text.BMI088_GPIO_init
                0x080096cc        0x2 CMakeFiles/dm_h723_lib.elf.dir/code_mf/Src/BMI088Middleware.c.obj
                0x080096cc                BMI088_GPIO_init
 .text.BMI088_com_init
                0x080096ce        0x8 CMakeFiles/dm_h723_lib.elf.dir/code_mf/Src/BMI088Middleware.c.obj
                0x080096ce                BMI088_com_init
 *fill*         0x080096d6        0x2 
 .text.BMI088_delay_us
                0x080096d8       0x2c CMakeFiles/dm_h723_lib.elf.dir/code_mf/Src/BMI088Middleware.c.obj
                0x080096d8                BMI088_delay_us
 .text.BMI088_delay_ms
                0x08009704       0x18 CMakeFiles/dm_h723_lib.elf.dir/code_mf/Src/BMI088Middleware.c.obj
                0x08009704                BMI088_delay_ms
 .text.BMI088_ACCEL_NS_L
                0x0800971c       0x14 CMakeFiles/dm_h723_lib.elf.dir/code_mf/Src/BMI088Middleware.c.obj
                0x0800971c                BMI088_ACCEL_NS_L
 .text.BMI088_ACCEL_NS_H
                0x08009730       0x14 CMakeFiles/dm_h723_lib.elf.dir/code_mf/Src/BMI088Middleware.c.obj
                0x08009730                BMI088_ACCEL_NS_H
 .text.BMI088_GYRO_NS_L
                0x08009744       0x14 CMakeFiles/dm_h723_lib.elf.dir/code_mf/Src/BMI088Middleware.c.obj
                0x08009744                BMI088_GYRO_NS_L
 .text.BMI088_GYRO_NS_H
                0x08009758       0x14 CMakeFiles/dm_h723_lib.elf.dir/code_mf/Src/BMI088Middleware.c.obj
                0x08009758                BMI088_GYRO_NS_H
 .text.BMI088_read_write_byte
                0x0800976c       0x2c CMakeFiles/dm_h723_lib.elf.dir/code_mf/Src/BMI088Middleware.c.obj
                0x0800976c                BMI088_read_write_byte
 .text.BMI088_write_single_reg
                0x08009798       0x10 CMakeFiles/dm_h723_lib.elf.dir/code_mf/Src/BMI088driver.c.obj
 .text.BMI088_read_single_reg
                0x080097a8       0x16 CMakeFiles/dm_h723_lib.elf.dir/code_mf/Src/BMI088driver.c.obj
 .text.BMI088_read_muli_reg
                0x080097be       0x24 CMakeFiles/dm_h723_lib.elf.dir/code_mf/Src/BMI088driver.c.obj
 *fill*         0x080097e2        0x2 
 .text.bmi088_accel_init
                0x080097e4      0x10c CMakeFiles/dm_h723_lib.elf.dir/code_mf/Src/BMI088driver.c.obj
                0x080097e4                bmi088_accel_init
 .text.bmi088_gyro_init
                0x080098f0       0xf0 CMakeFiles/dm_h723_lib.elf.dir/code_mf/Src/BMI088driver.c.obj
                0x080098f0                bmi088_gyro_init
 .text.BMI088_init
                0x080099e0       0x1a CMakeFiles/dm_h723_lib.elf.dir/code_mf/Src/BMI088driver.c.obj
                0x080099e0                BMI088_init
 *fill*         0x080099fa        0x2 
 .text.BMI088_read
                0x080099fc      0x164 CMakeFiles/dm_h723_lib.elf.dir/code_mf/Src/BMI088driver.c.obj
                0x080099fc                BMI088_read
 .text.DM_CAN_SENT
                0x08009b60      0x114 CMakeFiles/dm_h723_lib.elf.dir/code_mf/Src/CAN_SENT_TASK.c.obj
                0x08009b60                DM_CAN_SENT
 .text.CAN_SENT_TASK
                0x08009c74       0x30 CMakeFiles/dm_h723_lib.elf.dir/code_mf/Src/CAN_SENT_TASK.c.obj
                0x08009c74                CAN_SENT_TASK
 .text.chassis_goal_speed_compute
                0x08009ca4       0x30 CMakeFiles/dm_h723_lib.elf.dir/code_mf/Src/CHASSIS_TASK.c.obj
                0x08009ca4                chassis_goal_speed_compute
 .text.chassis_vx_compute_loop
                0x08009cd4       0x60 CMakeFiles/dm_h723_lib.elf.dir/code_mf/Src/CHASSIS_TASK.c.obj
                0x08009cd4                chassis_vx_compute_loop
 .text.chassis_yaw_pid_init
                0x08009d34       0x28 CMakeFiles/dm_h723_lib.elf.dir/code_mf/Src/CHASSIS_TASK.c.obj
                0x08009d34                chassis_yaw_pid_init
 .text.chassis_yaw_pid_loop
                0x08009d5c       0x24 CMakeFiles/dm_h723_lib.elf.dir/code_mf/Src/CHASSIS_TASK.c.obj
                0x08009d5c                chassis_yaw_pid_loop
 .text.gimbal_follow_pid_init
                0x08009d80       0x24 CMakeFiles/dm_h723_lib.elf.dir/code_mf/Src/CHASSIS_TASK.c.obj
                0x08009d80                gimbal_follow_pid_init
 .text.gimbal_follow_pid_loop
                0x08009da4       0x28 CMakeFiles/dm_h723_lib.elf.dir/code_mf/Src/CHASSIS_TASK.c.obj
                0x08009da4                gimbal_follow_pid_loop
 .text.chassis_two_leg_pid_init
                0x08009dcc       0x24 CMakeFiles/dm_h723_lib.elf.dir/code_mf/Src/CHASSIS_TASK.c.obj
                0x08009dcc                chassis_two_leg_pid_init
 .text.wheel_tor_limit
                0x08009df0       0x8c CMakeFiles/dm_h723_lib.elf.dir/code_mf/Src/CHASSIS_TASK.c.obj
                0x08009df0                wheel_tor_limit
 .text.compute_jacobian_K
                0x08009e7c       0x74 CMakeFiles/dm_h723_lib.elf.dir/code_mf/Src/CHASSIS_TASK.c.obj
                0x08009e7c                compute_jacobian_K
 .text.get_jacobian
                0x08009ef0       0x94 CMakeFiles/dm_h723_lib.elf.dir/code_mf/Src/CHASSIS_TASK.c.obj
                0x08009ef0                get_jacobian
 .text.get_leg_velocity
                0x08009f84       0x98 CMakeFiles/dm_h723_lib.elf.dir/code_mf/Src/CHASSIS_TASK.c.obj
                0x08009f84                get_leg_velocity
 .text.virtual_leg_goal_compute
                0x0800a01c       0x18 CMakeFiles/dm_h723_lib.elf.dir/code_mf/Src/CHASSIS_TASK.c.obj
                0x0800a01c                virtual_leg_goal_compute
 .text.leg_torque_47_compute
                0x0800a034       0x68 CMakeFiles/dm_h723_lib.elf.dir/code_mf/Src/CHASSIS_TASK.c.obj
                0x0800a034                leg_torque_47_compute
 .text.left_virtual_leg_target_angle47_pid_init
                0x0800a09c       0x28 CMakeFiles/dm_h723_lib.elf.dir/code_mf/Src/CHASSIS_TASK.c.obj
                0x0800a09c                left_virtual_leg_target_angle47_pid_init
 .text.right_virtual_leg_target_angle47_pid_init
                0x0800a0c4       0x28 CMakeFiles/dm_h723_lib.elf.dir/code_mf/Src/CHASSIS_TASK.c.obj
                0x0800a0c4                right_virtual_leg_target_angle47_pid_init
 .text.joint_vmc_compute
                0x0800a0ec       0x78 CMakeFiles/dm_h723_lib.elf.dir/code_mf/Src/CHASSIS_TASK.c.obj
                0x0800a0ec                joint_vmc_compute
 .text.joint_tor_Limit
                0x0800a164       0xe4 CMakeFiles/dm_h723_lib.elf.dir/code_mf/Src/CHASSIS_TASK.c.obj
                0x0800a164                joint_tor_Limit
 .text.fly_state_logic_judgment
                0x0800a248       0x50 CMakeFiles/dm_h723_lib.elf.dir/code_mf/Src/CHASSIS_TASK.c.obj
                0x0800a248                fly_state_logic_judgment
 .text.fly_state_compute
                0x0800a298       0xd8 CMakeFiles/dm_h723_lib.elf.dir/code_mf/Src/CHASSIS_TASK.c.obj
                0x0800a298                fly_state_compute
 .text.update_LQR_K
                0x0800a370      0x2d8 CMakeFiles/dm_h723_lib.elf.dir/code_mf/Src/CHASSIS_TASK.c.obj
                0x0800a370                update_LQR_K
 .text.wheel_calculate_lqr_control_loop
                0x0800a648       0xe0 CMakeFiles/dm_h723_lib.elf.dir/code_mf/Src/CHASSIS_TASK.c.obj
                0x0800a648                wheel_calculate_lqr_control_loop
 .text.wheel_torque_LQR_compute_loop
                0x0800a728      0x100 CMakeFiles/dm_h723_lib.elf.dir/code_mf/Src/CHASSIS_TASK.c.obj
                0x0800a728                wheel_torque_LQR_compute_loop
 .text.left_leg_pid_init
                0x0800a828       0x28 CMakeFiles/dm_h723_lib.elf.dir/code_mf/Src/CHASSIS_TASK.c.obj
                0x0800a828                left_leg_pid_init
 .text.left_leg_pid_loop
                0x0800a850       0x24 CMakeFiles/dm_h723_lib.elf.dir/code_mf/Src/CHASSIS_TASK.c.obj
                0x0800a850                left_leg_pid_loop
 .text.right_leg_pid_init
                0x0800a874       0x28 CMakeFiles/dm_h723_lib.elf.dir/code_mf/Src/CHASSIS_TASK.c.obj
                0x0800a874                right_leg_pid_init
 .text.right_leg_pid_loop
                0x0800a89c       0x24 CMakeFiles/dm_h723_lib.elf.dir/code_mf/Src/CHASSIS_TASK.c.obj
                0x0800a89c                right_leg_pid_loop
 .text.virtual_leg_give_tor_compute
                0x0800a8c0       0x50 CMakeFiles/dm_h723_lib.elf.dir/code_mf/Src/CHASSIS_TASK.c.obj
                0x0800a8c0                virtual_leg_give_tor_compute
 .text.calculate_side_c
                0x0800a910       0x70 CMakeFiles/dm_h723_lib.elf.dir/code_mf/Src/CHASSIS_TASK.c.obj
                0x0800a910                calculate_side_c
 .text.chassis_leg_angle_compute_loop
                0x0800a980       0xbc CMakeFiles/dm_h723_lib.elf.dir/code_mf/Src/CHASSIS_TASK.c.obj
                0x0800a980                chassis_leg_angle_compute_loop
 .text.chassis_all_state_update_loop
                0x0800aa3c      0x120 CMakeFiles/dm_h723_lib.elf.dir/code_mf/Src/CHASSIS_TASK.c.obj
                0x0800aa3c                chassis_all_state_update_loop
 .text.CHASSIS_TASK
                0x0800ab5c       0xc4 CMakeFiles/dm_h723_lib.elf.dir/code_mf/Src/CHASSIS_TASK.c.obj
                0x0800ab5c                CHASSIS_TASK
 .text.DEBUG_UART_TASK
                0x0800ac20       0x20 CMakeFiles/dm_h723_lib.elf.dir/code_mf/Src/DEBUG_UART_TASK.c.obj
                0x0800ac20                DEBUG_UART_TASK
 .text.IMU_UpdateAccel
                0x0800ac40       0x88 CMakeFiles/dm_h723_lib.elf.dir/code_mf/Src/DM_IMU.c.obj
                0x0800ac40                IMU_UpdateAccel
 .text.IMU_UpdateGyro
                0x0800acc8       0x88 CMakeFiles/dm_h723_lib.elf.dir/code_mf/Src/DM_IMU.c.obj
                0x0800acc8                IMU_UpdateGyro
 .text.IMU_UpdateEuler
                0x0800ad50       0x88 CMakeFiles/dm_h723_lib.elf.dir/code_mf/Src/DM_IMU.c.obj
                0x0800ad50                IMU_UpdateEuler
 .text.IMU_UpdateQuaternion
                0x0800add8       0x98 CMakeFiles/dm_h723_lib.elf.dir/code_mf/Src/DM_IMU.c.obj
                0x0800add8                IMU_UpdateQuaternion
 .text.IMU_UpdateData
                0x0800ae70       0x2a CMakeFiles/dm_h723_lib.elf.dir/code_mf/Src/DM_IMU.c.obj
                0x0800ae70                IMU_UpdateData
 *fill*         0x0800ae9a        0x2 
 .text.yaw_6020_status
                0x0800ae9c       0x24 CMakeFiles/dm_h723_lib.elf.dir/code_mf/Src/ERROR_DETECTION.c.obj
                0x0800ae9c                yaw_6020_status
 .text.DM_motor_status
                0x0800aec0       0x8c CMakeFiles/dm_h723_lib.elf.dir/code_mf/Src/ERROR_DETECTION.c.obj
                0x0800aec0                DM_motor_status
 .text.ERROR_DETECTION
                0x0800af4c       0x12 CMakeFiles/dm_h723_lib.elf.dir/code_mf/Src/ERROR_DETECTION.c.obj
                0x0800af4c                ERROR_DETECTION
 *fill*         0x0800af5e        0x2 
 .text.GET_RC_TASK
                0x0800af60       0x5c CMakeFiles/dm_h723_lib.elf.dir/code_mf/Src/GET_RC_TASK.c.obj
                0x0800af60                GET_RC_TASK
 .text.IMU_DATA_GET
                0x0800afbc      0x12c CMakeFiles/dm_h723_lib.elf.dir/code_mf/Src/IMU_DATA_GET.c.obj
                0x0800afbc                IMU_DATA_GET
 .text.LED_TASK
                0x0800b0e8       0x3a CMakeFiles/dm_h723_lib.elf.dir/code_mf/Src/LED_TASK.c.obj
                0x0800b0e8                LED_TASK
 *fill*         0x0800b122        0x2 
 .text.invSqrt  0x0800b124       0x30 CMakeFiles/dm_h723_lib.elf.dir/code_mf/Src/MahonyAHRS.c.obj
                0x0800b124                invSqrt
 .text.MahonyAHRSupdateIMU
                0x0800b154      0x274 CMakeFiles/dm_h723_lib.elf.dir/code_mf/Src/MahonyAHRS.c.obj
                0x0800b154                MahonyAHRSupdateIMU
 .text.MahonyAHRSupdate
                0x0800b3c8      0x3f8 CMakeFiles/dm_h723_lib.elf.dir/code_mf/Src/MahonyAHRS.c.obj
                0x0800b3c8                MahonyAHRSupdate
 .text.get_angle
                0x0800b7c0       0xbc CMakeFiles/dm_h723_lib.elf.dir/code_mf/Src/MahonyAHRS.c.obj
                0x0800b7c0                get_angle
 .text.shoot_stop_check
                0x0800b87c       0x58 CMakeFiles/dm_h723_lib.elf.dir/code_mf/Src/SHOOT_TASK.c.obj
                0x0800b87c                shoot_stop_check
 .text.SHOOOT_STOP_CHECK
                0x0800b8d4        0xe CMakeFiles/dm_h723_lib.elf.dir/code_mf/Src/SHOOT_TASK.c.obj
                0x0800b8d4                SHOOOT_STOP_CHECK
 *fill*         0x0800b8e2        0x2 
 .text.shoot_2006_id3_speed_pid_init
                0x0800b8e4       0x28 CMakeFiles/dm_h723_lib.elf.dir/code_mf/Src/SHOOT_TASK.c.obj
                0x0800b8e4                shoot_2006_id3_speed_pid_init
 .text.shoot_2006_id3_speed_pid_loop
                0x0800b90c       0x34 CMakeFiles/dm_h723_lib.elf.dir/code_mf/Src/SHOOT_TASK.c.obj
                0x0800b90c                shoot_2006_id3_speed_pid_loop
 .text.shoot_pid_control
                0x0800b940       0x24 CMakeFiles/dm_h723_lib.elf.dir/code_mf/Src/SHOOT_TASK.c.obj
                0x0800b940                shoot_pid_control
 .text.SHOOT_TASK
                0x0800b964       0x12 CMakeFiles/dm_h723_lib.elf.dir/code_mf/Src/SHOOT_TASK.c.obj
                0x0800b964                SHOOT_TASK
 .text.UP_STAIRS_TASK
                0x0800b976        0xa CMakeFiles/dm_h723_lib.elf.dir/code_mf/Src/UP_STAIRS_TASK.c.obj
                0x0800b976                UP_STAIRS_TASK
 .text.BSP_FDCAN_Init
                0x0800b980      0x130 CMakeFiles/dm_h723_lib.elf.dir/code_mf/Src/bsp_can.c.obj
                0x0800b980                BSP_FDCAN_Init
 .text.DM_motors_parse
                0x0800bab0       0x86 CMakeFiles/dm_h723_lib.elf.dir/code_mf/Src/can_receive.c.obj
                0x0800bab0                DM_motors_parse
 *fill*         0x0800bb36        0x2 
 .text.HAL_FDCAN_RxFifo0Callback
                0x0800bb38      0x1e4 CMakeFiles/dm_h723_lib.elf.dir/code_mf/Src/can_receive.c.obj
                0x0800bb38                HAL_FDCAN_RxFifo0Callback
 .text.Get_FDCAN_DLC
                0x0800bd1c       0x3a CMakeFiles/dm_h723_lib.elf.dir/code_mf/Src/dm_motor.c.obj
 *fill*         0x0800bd56        0x2 
 .text.DMCanTransmit
                0x0800bd58       0x60 CMakeFiles/dm_h723_lib.elf.dir/code_mf/Src/dm_motor.c.obj
 .text.dm_motor_init
                0x0800bdb8       0x74 CMakeFiles/dm_h723_lib.elf.dir/code_mf/Src/dm_motor.c.obj
                0x0800bdb8                dm_motor_init
 .text.dm_motor_mode_set
                0x0800be2c       0x54 CMakeFiles/dm_h723_lib.elf.dir/code_mf/Src/dm_motor.c.obj
                0x0800be2c                dm_motor_mode_set
 .text.float_to_uint
                0x0800be80       0x2a CMakeFiles/dm_h723_lib.elf.dir/code_mf/Src/dm_motor.c.obj
                0x0800be80                float_to_uint
 *fill*         0x0800beaa        0x2 
 .text.Dm_Can_Send
                0x0800beac      0x360 CMakeFiles/dm_h723_lib.elf.dir/code_mf/Src/dm_motor.c.obj
                0x0800beac                Dm_Can_Send
 .text.uint_to_float
                0x0800c20c       0x28 CMakeFiles/dm_h723_lib.elf.dir/code_mf/Src/dm_motor.c.obj
                0x0800c20c                uint_to_float
 .text.PID_init
                0x0800c234       0x3c CMakeFiles/dm_h723_lib.elf.dir/code_mf/Src/pid.c.obj
                0x0800c234                PID_init
 .text.PID_calc
                0x0800c270      0x158 CMakeFiles/dm_h723_lib.elf.dir/code_mf/Src/pid.c.obj
                0x0800c270                PID_calc
 .text.Referee_Structure_Init
                0x0800c3c8       0x24 CMakeFiles/dm_h723_lib.elf.dir/code_mf/Src/referre.c.obj
 .text.Referee_Init
                0x0800c3ec       0x2c CMakeFiles/dm_h723_lib.elf.dir/code_mf/Src/referre.c.obj
                0x0800c3ec                Referee_Init
 .text.Referee_Verify_CRC_8
                0x0800c418       0x24 CMakeFiles/dm_h723_lib.elf.dir/code_mf/Src/referre.c.obj
                0x0800c418                Referee_Verify_CRC_8
 .text.Referee_Verify_CRC_16
                0x0800c43c       0x34 CMakeFiles/dm_h723_lib.elf.dir/code_mf/Src/referre.c.obj
                0x0800c43c                Referee_Verify_CRC_16
 .text.Referee_Data_Process
                0x0800c470      0x2d8 CMakeFiles/dm_h723_lib.elf.dir/code_mf/Src/referre.c.obj
                0x0800c470                Referee_Data_Process
 .text.dbus_frame_parse
                0x0800c748       0xc6 CMakeFiles/dm_h723_lib.elf.dir/code_mf/Src/remote_control.c.obj
                0x0800c748                dbus_frame_parse
 *fill*         0x0800c80e        0x2 
 .text.HAL_UARTEx_RxEventCallback
                0x0800c810       0x60 CMakeFiles/dm_h723_lib.elf.dir/code_mf/Src/uart_callback.c.obj
                0x0800c810                HAL_UARTEx_RxEventCallback
 .text.HAL_UART_ErrorCallback
                0x0800c870       0x20 CMakeFiles/dm_h723_lib.elf.dir/code_mf/Src/uart_callback.c.obj
                0x0800c870                HAL_UART_ErrorCallback
 .text.usart1_printf
                0x0800c890       0x40 CMakeFiles/dm_h723_lib.elf.dir/code_mf/Src/uart_printf.c.obj
                0x0800c890                usart1_printf
 .text.WS2812_Ctrl
                0x0800c8d0       0xc0 CMakeFiles/dm_h723_lib.elf.dir/code_mf/Src/ws2812.c.obj
                0x0800c8d0                WS2812_Ctrl
 .text.__udivmoddi4
                0x0800c990      0x2bc C:/CLionToolchains/gcc-arm-none-eabi-10.3-2021.10/bin/../lib/gcc/arm-none-eabi/13.3.1/thumb/v7e-m+fp/hard\libgcc.a(_udivmoddi4.o)
                0x0800c990                __udivmoddi4
 .text.stdio_exit_handler
                0x0800cc4c       0x18 C:/CLionToolchains/gcc-arm-none-eabi-10.3-2021.10/bin/../lib/gcc/arm-none-eabi/13.3.1/thumb/v7e-m+fp/hard\libg.a(libc_a-findfp.o)
 .text.cleanup_stdio
                0x0800cc64       0x40 C:/CLionToolchains/gcc-arm-none-eabi-10.3-2021.10/bin/../lib/gcc/arm-none-eabi/13.3.1/thumb/v7e-m+fp/hard\libg.a(libc_a-findfp.o)
 .text.global_stdio_init.part.0
                0x0800cca4       0xf0 C:/CLionToolchains/gcc-arm-none-eabi-10.3-2021.10/bin/../lib/gcc/arm-none-eabi/13.3.1/thumb/v7e-m+fp/hard\libg.a(libc_a-findfp.o)
 .text.__sinit  0x0800cd94       0x3c C:/CLionToolchains/gcc-arm-none-eabi-10.3-2021.10/bin/../lib/gcc/arm-none-eabi/13.3.1/thumb/v7e-m+fp/hard\libg.a(libc_a-findfp.o)
                0x0800cd94                __sinit
 .text.__sfp_lock_acquire
                0x0800cdd0        0xc C:/CLionToolchains/gcc-arm-none-eabi-10.3-2021.10/bin/../lib/gcc/arm-none-eabi/13.3.1/thumb/v7e-m+fp/hard\libg.a(libc_a-findfp.o)
                0x0800cdd0                __sfp_lock_acquire
 .text.__sfp_lock_release
                0x0800cddc        0xc C:/CLionToolchains/gcc-arm-none-eabi-10.3-2021.10/bin/../lib/gcc/arm-none-eabi/13.3.1/thumb/v7e-m+fp/hard\libg.a(libc_a-findfp.o)
                0x0800cddc                __sfp_lock_release
 .text._fwalk_sglue
                0x0800cde8       0x44 C:/CLionToolchains/gcc-arm-none-eabi-10.3-2021.10/bin/../lib/gcc/arm-none-eabi/13.3.1/thumb/v7e-m+fp/hard\libg.a(libc_a-fwalk.o)
                0x0800cde8                _fwalk_sglue
 .text.__sread  0x0800ce2c       0x24 C:/CLionToolchains/gcc-arm-none-eabi-10.3-2021.10/bin/../lib/gcc/arm-none-eabi/13.3.1/thumb/v7e-m+fp/hard\libg.a(libc_a-stdio.o)
                0x0800ce2c                __sread
 .text.__swrite
                0x0800ce50       0x40 C:/CLionToolchains/gcc-arm-none-eabi-10.3-2021.10/bin/../lib/gcc/arm-none-eabi/13.3.1/thumb/v7e-m+fp/hard\libg.a(libc_a-stdio.o)
                0x0800ce50                __swrite
 .text.__sseek  0x0800ce90       0x24 C:/CLionToolchains/gcc-arm-none-eabi-10.3-2021.10/bin/../lib/gcc/arm-none-eabi/13.3.1/thumb/v7e-m+fp/hard\libg.a(libc_a-stdio.o)
                0x0800ce90                __sseek
 .text.__sclose
                0x0800ceb4        0x8 C:/CLionToolchains/gcc-arm-none-eabi-10.3-2021.10/bin/../lib/gcc/arm-none-eabi/13.3.1/thumb/v7e-m+fp/hard\libg.a(libc_a-stdio.o)
                0x0800ceb4                __sclose
 .text.vsprintf
                0x0800cebc       0x38 C:/CLionToolchains/gcc-arm-none-eabi-10.3-2021.10/bin/../lib/gcc/arm-none-eabi/13.3.1/thumb/v7e-m+fp/hard\libg.a(libc_a-vsprintf.o)
                0x0800cebc                vsprintf
 .text.memset   0x0800cef4       0xa4 C:/CLionToolchains/gcc-arm-none-eabi-10.3-2021.10/bin/../lib/gcc/arm-none-eabi/13.3.1/thumb/v7e-m+fp/hard\libg.a(libc_a-memset.o)
                0x0800cef4                memset
 .text.strncpy  0x0800cf98       0x68 C:/CLionToolchains/gcc-arm-none-eabi-10.3-2021.10/bin/../lib/gcc/arm-none-eabi/13.3.1/thumb/v7e-m+fp/hard\libg.a(libc_a-strncpy.o)
                0x0800cf98                strncpy
 .text._close_r
                0x0800d000       0x24 C:/CLionToolchains/gcc-arm-none-eabi-10.3-2021.10/bin/../lib/gcc/arm-none-eabi/13.3.1/thumb/v7e-m+fp/hard\libg.a(libc_a-closer.o)
                0x0800d000                _close_r
 .text._reclaim_reent
                0x0800d024       0x6c C:/CLionToolchains/gcc-arm-none-eabi-10.3-2021.10/bin/../lib/gcc/arm-none-eabi/13.3.1/thumb/v7e-m+fp/hard\libg.a(libc_a-reent.o)
                0x0800d024                _reclaim_reent
 .text._lseek_r
                0x0800d090       0x2c C:/CLionToolchains/gcc-arm-none-eabi-10.3-2021.10/bin/../lib/gcc/arm-none-eabi/13.3.1/thumb/v7e-m+fp/hard\libg.a(libc_a-lseekr.o)
                0x0800d090                _lseek_r
 .text._read_r  0x0800d0bc       0x2c C:/CLionToolchains/gcc-arm-none-eabi-10.3-2021.10/bin/../lib/gcc/arm-none-eabi/13.3.1/thumb/v7e-m+fp/hard\libg.a(libc_a-readr.o)
                0x0800d0bc                _read_r
 .text._write_r
                0x0800d0e8       0x2c C:/CLionToolchains/gcc-arm-none-eabi-10.3-2021.10/bin/../lib/gcc/arm-none-eabi/13.3.1/thumb/v7e-m+fp/hard\libg.a(libc_a-writer.o)
                0x0800d0e8                _write_r
 .text.__errno  0x0800d114        0xc C:/CLionToolchains/gcc-arm-none-eabi-10.3-2021.10/bin/../lib/gcc/arm-none-eabi/13.3.1/thumb/v7e-m+fp/hard\libg.a(libc_a-errno.o)
                0x0800d114                __errno
 .text.__libc_init_array
                0x0800d120       0x50 C:/CLionToolchains/gcc-arm-none-eabi-10.3-2021.10/bin/../lib/gcc/arm-none-eabi/13.3.1/thumb/v7e-m+fp/hard\libg.a(libc_a-init.o)
                0x0800d120                __libc_init_array
 .text.__retarget_lock_init_recursive
                0x0800d170        0x4 C:/CLionToolchains/gcc-arm-none-eabi-10.3-2021.10/bin/../lib/gcc/arm-none-eabi/13.3.1/thumb/v7e-m+fp/hard\libg.a(libc_a-lock.o)
                0x0800d170                __retarget_lock_init_recursive
 .text.__retarget_lock_close_recursive
                0x0800d174        0x4 C:/CLionToolchains/gcc-arm-none-eabi-10.3-2021.10/bin/../lib/gcc/arm-none-eabi/13.3.1/thumb/v7e-m+fp/hard\libg.a(libc_a-lock.o)
                0x0800d174                __retarget_lock_close_recursive
 .text.__retarget_lock_acquire_recursive
                0x0800d178        0x4 C:/CLionToolchains/gcc-arm-none-eabi-10.3-2021.10/bin/../lib/gcc/arm-none-eabi/13.3.1/thumb/v7e-m+fp/hard\libg.a(libc_a-lock.o)
                0x0800d178                __retarget_lock_acquire_recursive
 .text.__retarget_lock_release_recursive
                0x0800d17c        0x4 C:/CLionToolchains/gcc-arm-none-eabi-10.3-2021.10/bin/../lib/gcc/arm-none-eabi/13.3.1/thumb/v7e-m+fp/hard\libg.a(libc_a-lock.o)
                0x0800d17c                __retarget_lock_release_recursive
 .text.startup.register_fini
                0x0800d180       0x14 C:/CLionToolchains/gcc-arm-none-eabi-10.3-2021.10/bin/../lib/gcc/arm-none-eabi/13.3.1/thumb/v7e-m+fp/hard\libg.a(libc_a-__call_atexit.o)
 .text.atexit   0x0800d194        0xc C:/CLionToolchains/gcc-arm-none-eabi-10.3-2021.10/bin/../lib/gcc/arm-none-eabi/13.3.1/thumb/v7e-m+fp/hard\libg.a(libc_a-atexit.o)
                0x0800d194                atexit
 .text._malloc_trim_r
                0x0800d1a0       0xb8 C:/CLionToolchains/gcc-arm-none-eabi-10.3-2021.10/bin/../lib/gcc/arm-none-eabi/13.3.1/thumb/v7e-m+fp/hard\libg.a(libc_a-freer.o)
                0x0800d1a0                _malloc_trim_r
 .text._free_r  0x0800d258      0x1f8 C:/CLionToolchains/gcc-arm-none-eabi-10.3-2021.10/bin/../lib/gcc/arm-none-eabi/13.3.1/thumb/v7e-m+fp/hard\libg.a(libc_a-freer.o)
                0x0800d258                _free_r
 .text._malloc_r
                0x0800d450      0x564 C:/CLionToolchains/gcc-arm-none-eabi-10.3-2021.10/bin/../lib/gcc/arm-none-eabi/13.3.1/thumb/v7e-m+fp/hard\libg.a(libc_a-mallocr.o)
                0x0800d450                _malloc_r
 .text.__malloc_lock
                0x0800d9b4        0xc C:/CLionToolchains/gcc-arm-none-eabi-10.3-2021.10/bin/../lib/gcc/arm-none-eabi/13.3.1/thumb/v7e-m+fp/hard\libg.a(libc_a-mlock.o)
                0x0800d9b4                __malloc_lock
 .text.__malloc_unlock
                0x0800d9c0        0xc C:/CLionToolchains/gcc-arm-none-eabi-10.3-2021.10/bin/../lib/gcc/arm-none-eabi/13.3.1/thumb/v7e-m+fp/hard\libg.a(libc_a-mlock.o)
                0x0800d9c0                __malloc_unlock
 *fill*         0x0800d9cc        0x4 
 .text._svfprintf_r
                0x0800d9d0     0x1b3c C:/CLionToolchains/gcc-arm-none-eabi-10.3-2021.10/bin/../lib/gcc/arm-none-eabi/13.3.1/thumb/v7e-m+fp/hard\libg.a(libc_a-svfprintf.o)
                0x0800d9d0                _svfprintf_r
 .text.__ssprint_r
                0x0800f50c       0x58 C:/CLionToolchains/gcc-arm-none-eabi-10.3-2021.10/bin/../lib/gcc/arm-none-eabi/13.3.1/thumb/v7e-m+fp/hard\libg.a(libc_a-ssprint_r.o)
                0x0800f50c                __ssprint_r
 .text._fclose_r
                0x0800f564       0xc0 C:/CLionToolchains/gcc-arm-none-eabi-10.3-2021.10/bin/../lib/gcc/arm-none-eabi/13.3.1/thumb/v7e-m+fp/hard\libg.a(libc_a-fclose.o)
                0x0800f564                _fclose_r
 .text.__sflush_r
                0x0800f624      0x138 C:/CLionToolchains/gcc-arm-none-eabi-10.3-2021.10/bin/../lib/gcc/arm-none-eabi/13.3.1/thumb/v7e-m+fp/hard\libg.a(libc_a-fflush.o)
                0x0800f624                __sflush_r
 .text._fflush_r
                0x0800f75c       0x54 C:/CLionToolchains/gcc-arm-none-eabi-10.3-2021.10/bin/../lib/gcc/arm-none-eabi/13.3.1/thumb/v7e-m+fp/hard\libg.a(libc_a-fflush.o)
                0x0800f75c                _fflush_r
 .text.__locale_mb_cur_max
                0x0800f7b0        0xc C:/CLionToolchains/gcc-arm-none-eabi-10.3-2021.10/bin/../lib/gcc/arm-none-eabi/13.3.1/thumb/v7e-m+fp/hard\libg.a(libc_a-locale.o)
                0x0800f7b0                __locale_mb_cur_max
 .text._localeconv_r
                0x0800f7bc        0x8 C:/CLionToolchains/gcc-arm-none-eabi-10.3-2021.10/bin/../lib/gcc/arm-none-eabi/13.3.1/thumb/v7e-m+fp/hard\libg.a(libc_a-localeconv.o)
                0x0800f7bc                _localeconv_r
 .text._sbrk_r  0x0800f7c4       0x24 C:/CLionToolchains/gcc-arm-none-eabi-10.3-2021.10/bin/../lib/gcc/arm-none-eabi/13.3.1/thumb/v7e-m+fp/hard\libg.a(libc_a-sbrkr.o)
                0x0800f7c4                _sbrk_r
 .text.__libc_fini_array
                0x0800f7e8       0x28 C:/CLionToolchains/gcc-arm-none-eabi-10.3-2021.10/bin/../lib/gcc/arm-none-eabi/13.3.1/thumb/v7e-m+fp/hard\libg.a(libc_a-fini.o)
                0x0800f7e8                __libc_fini_array
 .text.sysconf  0x0800f810       0x1c C:/CLionToolchains/gcc-arm-none-eabi-10.3-2021.10/bin/../lib/gcc/arm-none-eabi/13.3.1/thumb/v7e-m+fp/hard\libg.a(libc_a-sysconf.o)
                0x0800f810                sysconf
 .text.frexp    0x0800f82c       0x64 C:/CLionToolchains/gcc-arm-none-eabi-10.3-2021.10/bin/../lib/gcc/arm-none-eabi/13.3.1/thumb/v7e-m+fp/hard\libg.a(libm_a-s_frexp.o)
                0x0800f82c                frexp
 .text.__register_exitproc
                0x0800f890       0x80 C:/CLionToolchains/gcc-arm-none-eabi-10.3-2021.10/bin/../lib/gcc/arm-none-eabi/13.3.1/thumb/v7e-m+fp/hard\libg.a(libc_a-__atexit.o)
                0x0800f890                __register_exitproc
 .text.quorem   0x0800f910      0x12c C:/CLionToolchains/gcc-arm-none-eabi-10.3-2021.10/bin/../lib/gcc/arm-none-eabi/13.3.1/thumb/v7e-m+fp/hard\libg.a(libc_a-dtoa.o)
 *fill*         0x0800fa3c        0x4 
 .text._dtoa_r  0x0800fa40      0xe80 C:/CLionToolchains/gcc-arm-none-eabi-10.3-2021.10/bin/../lib/gcc/arm-none-eabi/13.3.1/thumb/v7e-m+fp/hard\libg.a(libc_a-dtoa.o)
                0x0800fa40                _dtoa_r
 .text.__ascii_mbtowc
                0x080108c0       0x2c C:/CLionToolchains/gcc-arm-none-eabi-10.3-2021.10/bin/../lib/gcc/arm-none-eabi/13.3.1/thumb/v7e-m+fp/hard\libg.a(libc_a-mbtowc_r.o)
                0x080108c0                __ascii_mbtowc
 .text._Balloc  0x080108ec       0x4c C:/CLionToolchains/gcc-arm-none-eabi-10.3-2021.10/bin/../lib/gcc/arm-none-eabi/13.3.1/thumb/v7e-m+fp/hard\libg.a(libc_a-mprec.o)
                0x080108ec                _Balloc
 .text._Bfree   0x08010938       0x14 C:/CLionToolchains/gcc-arm-none-eabi-10.3-2021.10/bin/../lib/gcc/arm-none-eabi/13.3.1/thumb/v7e-m+fp/hard\libg.a(libc_a-mprec.o)
                0x08010938                _Bfree
 .text.__multadd
                0x0801094c       0xa0 C:/CLionToolchains/gcc-arm-none-eabi-10.3-2021.10/bin/../lib/gcc/arm-none-eabi/13.3.1/thumb/v7e-m+fp/hard\libg.a(libc_a-mprec.o)
                0x0801094c                __multadd
 .text.__hi0bits
                0x080109ec       0x44 C:/CLionToolchains/gcc-arm-none-eabi-10.3-2021.10/bin/../lib/gcc/arm-none-eabi/13.3.1/thumb/v7e-m+fp/hard\libg.a(libc_a-mprec.o)
                0x080109ec                __hi0bits
 .text.__lo0bits
                0x08010a30       0x60 C:/CLionToolchains/gcc-arm-none-eabi-10.3-2021.10/bin/../lib/gcc/arm-none-eabi/13.3.1/thumb/v7e-m+fp/hard\libg.a(libc_a-mprec.o)
                0x08010a30                __lo0bits
 .text.__i2b    0x08010a90       0x5c C:/CLionToolchains/gcc-arm-none-eabi-10.3-2021.10/bin/../lib/gcc/arm-none-eabi/13.3.1/thumb/v7e-m+fp/hard\libg.a(libc_a-mprec.o)
                0x08010a90                __i2b
 .text.__multiply
                0x08010aec      0x16c C:/CLionToolchains/gcc-arm-none-eabi-10.3-2021.10/bin/../lib/gcc/arm-none-eabi/13.3.1/thumb/v7e-m+fp/hard\libg.a(libc_a-mprec.o)
                0x08010aec                __multiply
 .text.__pow5mult
                0x08010c58       0xb4 C:/CLionToolchains/gcc-arm-none-eabi-10.3-2021.10/bin/../lib/gcc/arm-none-eabi/13.3.1/thumb/v7e-m+fp/hard\libg.a(libc_a-mprec.o)
                0x08010c58                __pow5mult
 .text.__lshift
                0x08010d0c       0xf0 C:/CLionToolchains/gcc-arm-none-eabi-10.3-2021.10/bin/../lib/gcc/arm-none-eabi/13.3.1/thumb/v7e-m+fp/hard\libg.a(libc_a-mprec.o)
                0x08010d0c                __lshift
 .text.__mcmp   0x08010dfc       0x44 C:/CLionToolchains/gcc-arm-none-eabi-10.3-2021.10/bin/../lib/gcc/arm-none-eabi/13.3.1/thumb/v7e-m+fp/hard\libg.a(libc_a-mprec.o)
                0x08010dfc                __mcmp
 .text.__mdiff  0x08010e40      0x178 C:/CLionToolchains/gcc-arm-none-eabi-10.3-2021.10/bin/../lib/gcc/arm-none-eabi/13.3.1/thumb/v7e-m+fp/hard\libg.a(libc_a-mprec.o)
                0x08010e40                __mdiff
 .text.__d2b    0x08010fb8       0xc0 C:/CLionToolchains/gcc-arm-none-eabi-10.3-2021.10/bin/../lib/gcc/arm-none-eabi/13.3.1/thumb/v7e-m+fp/hard\libg.a(libc_a-mprec.o)
                0x08010fb8                __d2b
 .text.__ascii_wctomb
                0x08011078       0x1c C:/CLionToolchains/gcc-arm-none-eabi-10.3-2021.10/bin/../lib/gcc/arm-none-eabi/13.3.1/thumb/v7e-m+fp/hard\libg.a(libc_a-wctomb_r.o)
                0x08011078                __ascii_wctomb
 .text._wcrtomb_r
                0x08011094       0x4c C:/CLionToolchains/gcc-arm-none-eabi-10.3-2021.10/bin/../lib/gcc/arm-none-eabi/13.3.1/thumb/v7e-m+fp/hard\libg.a(libc_a-wcrtomb.o)
                0x08011094                _wcrtomb_r
 .text._wcsrtombs_r
                0x080110e0       0x18 C:/CLionToolchains/gcc-arm-none-eabi-10.3-2021.10/bin/../lib/gcc/arm-none-eabi/13.3.1/thumb/v7e-m+fp/hard\libg.a(libc_a-wcsrtombs.o)
                0x080110e0                _wcsrtombs_r
 .text.__ssputs_r
                0x080110f8       0xc0 C:/CLionToolchains/gcc-arm-none-eabi-10.3-2021.10/bin/../lib/gcc/arm-none-eabi/13.3.1/thumb/v7e-m+fp/hard\libg.a(libc_a-ssputs_r.o)
                0x080110f8                __ssputs_r
 .text.memmove  0x080111b8      0x100 C:/CLionToolchains/gcc-arm-none-eabi-10.3-2021.10/bin/../lib/gcc/arm-none-eabi/13.3.1/thumb/v7e-m+fp/hard\libg.a(libc_a-memmove.o)
                0x080111b8                memmove
 .text.__assert_func
                0x080112b8       0x40 C:/CLionToolchains/gcc-arm-none-eabi-10.3-2021.10/bin/../lib/gcc/arm-none-eabi/13.3.1/thumb/v7e-m+fp/hard\libg.a(libc_a-assert.o)
                0x080112b8                __assert_func
 .text._calloc_r
                0x080112f8       0x6c C:/CLionToolchains/gcc-arm-none-eabi-10.3-2021.10/bin/../lib/gcc/arm-none-eabi/13.3.1/thumb/v7e-m+fp/hard\libg.a(libc_a-callocr.o)