Archive member included to satisfy reference by file (symbol)

C:/CLionToolchains/gcc-arm-none-eabi-10.3-2021.10/bin/../lib/gcc/arm-none-eabi/13.3.1/thumb/v7e-m+fp/hard\libgcc.a(_arm_addsubdf3.o)
                              CMakeFiles/bubing_RM2025.elf.dir/code_mf/Src/MahonyAHRS.c.obj (__aeabi_f2d)
C:/CLionToolchains/gcc-arm-none-eabi-10.3-2021.10/bin/../lib/gcc/arm-none-eabi/13.3.1/thumb/v7e-m+fp/hard\libgcc.a(_arm_truncdfsf2.o)
                              CMakeFiles/bubing_RM2025.elf.dir/code_mf/Src/MahonyAHRS.c.obj (__aeabi_d2f)
C:/CLionToolchains/gcc-arm-none-eabi-10.3-2021.10/bin/../lib/gcc/arm-none-eabi/13.3.1/thumb/v7e-m+fp/hard\libgcc.a(_aeabi_uldivmod.o)
                              CMakeFiles/bubing_RM2025.elf.dir/Drivers/STM32F4xx_HAL_Driver/Src/stm32f4xx_hal_rcc.c.obj (__aeabi_uldivmod)
C:/CLionToolchains/gcc-arm-none-eabi-10.3-2021.10/bin/../lib/gcc/arm-none-eabi/13.3.1/thumb/v7e-m+fp/hard\libgcc.a(_udivmoddi4.o)
                              C:/CLionToolchains/gcc-arm-none-eabi-10.3-2021.10/bin/../lib/gcc/arm-none-eabi/13.3.1/thumb/v7e-m+fp/hard\libgcc.a(_aeabi_uldivmod.o) (__udivmoddi4)
C:/CLionToolchains/gcc-arm-none-eabi-10.3-2021.10/bin/../lib/gcc/arm-none-eabi/13.3.1/thumb/v7e-m+fp/hard\libgcc.a(_dvmd_tls.o)
                              C:/CLionToolchains/gcc-arm-none-eabi-10.3-2021.10/bin/../lib/gcc/arm-none-eabi/13.3.1/thumb/v7e-m+fp/hard\libgcc.a(_aeabi_uldivmod.o) (__aeabi_ldiv0)
C:/CLionToolchains/gcc-arm-none-eabi-10.3-2021.10/bin/../lib/gcc/arm-none-eabi/13.3.1/thumb/v7e-m+fp/hard\libg.a(libc_a-exit.o)
                              C:/CLionToolchains/gcc-arm-none-eabi-10.3-2021.10/bin/../lib/gcc/arm-none-eabi/13.3.1/thumb/v7e-m+fp/hard/crt0.o (exit)
C:/CLionToolchains/gcc-arm-none-eabi-10.3-2021.10/bin/../lib/gcc/arm-none-eabi/13.3.1/thumb/v7e-m+fp/hard\libg.a(libc_a-findfp.o)
                              CMakeFiles/bubing_RM2025.elf.dir/Middlewares/Third_Party/FreeRTOS/Source/tasks.c.obj (__sf)
C:/CLionToolchains/gcc-arm-none-eabi-10.3-2021.10/bin/../lib/gcc/arm-none-eabi/13.3.1/thumb/v7e-m+fp/hard\libg.a(libc_a-fwalk.o)
                              C:/CLionToolchains/gcc-arm-none-eabi-10.3-2021.10/bin/../lib/gcc/arm-none-eabi/13.3.1/thumb/v7e-m+fp/hard\libg.a(libc_a-findfp.o) (_fwalk_sglue)
C:/CLionToolchains/gcc-arm-none-eabi-10.3-2021.10/bin/../lib/gcc/arm-none-eabi/13.3.1/thumb/v7e-m+fp/hard\libg.a(libc_a-stdio.o)
                              C:/CLionToolchains/gcc-arm-none-eabi-10.3-2021.10/bin/../lib/gcc/arm-none-eabi/13.3.1/thumb/v7e-m+fp/hard\libg.a(libc_a-findfp.o) (__sread)
C:/CLionToolchains/gcc-arm-none-eabi-10.3-2021.10/bin/../lib/gcc/arm-none-eabi/13.3.1/thumb/v7e-m+fp/hard\libg.a(libc_a-vsprintf.o)
                              CMakeFiles/bubing_RM2025.elf.dir/code_mf/Src/uart_printf.c.obj (vsprintf)
C:/CLionToolchains/gcc-arm-none-eabi-10.3-2021.10/bin/../lib/gcc/arm-none-eabi/13.3.1/thumb/v7e-m+fp/hard\libg.a(libc_a-memset.o)
                              C:/CLionToolchains/gcc-arm-none-eabi-10.3-2021.10/bin/../lib/gcc/arm-none-eabi/13.3.1/thumb/v7e-m+fp/hard/crt0.o (memset)
C:/CLionToolchains/gcc-arm-none-eabi-10.3-2021.10/bin/../lib/gcc/arm-none-eabi/13.3.1/thumb/v7e-m+fp/hard\libg.a(libc_a-closer.o)
                              C:/CLionToolchains/gcc-arm-none-eabi-10.3-2021.10/bin/../lib/gcc/arm-none-eabi/13.3.1/thumb/v7e-m+fp/hard\libg.a(libc_a-stdio.o) (_close_r)
C:/CLionToolchains/gcc-arm-none-eabi-10.3-2021.10/bin/../lib/gcc/arm-none-eabi/13.3.1/thumb/v7e-m+fp/hard\libg.a(libc_a-reent.o)
                              CMakeFiles/bubing_RM2025.elf.dir/Middlewares/Third_Party/FreeRTOS/Source/tasks.c.obj (_reclaim_reent)
C:/CLionToolchains/gcc-arm-none-eabi-10.3-2021.10/bin/../lib/gcc/arm-none-eabi/13.3.1/thumb/v7e-m+fp/hard\libg.a(libc_a-impure.o)
                              CMakeFiles/bubing_RM2025.elf.dir/Middlewares/Third_Party/FreeRTOS/Source/tasks.c.obj (_impure_ptr)
C:/CLionToolchains/gcc-arm-none-eabi-10.3-2021.10/bin/../lib/gcc/arm-none-eabi/13.3.1/thumb/v7e-m+fp/hard\libg.a(libc_a-lseekr.o)
                              C:/CLionToolchains/gcc-arm-none-eabi-10.3-2021.10/bin/../lib/gcc/arm-none-eabi/13.3.1/thumb/v7e-m+fp/hard\libg.a(libc_a-stdio.o) (_lseek_r)
C:/CLionToolchains/gcc-arm-none-eabi-10.3-2021.10/bin/../lib/gcc/arm-none-eabi/13.3.1/thumb/v7e-m+fp/hard\libg.a(libc_a-readr.o)
                              C:/CLionToolchains/gcc-arm-none-eabi-10.3-2021.10/bin/../lib/gcc/arm-none-eabi/13.3.1/thumb/v7e-m+fp/hard\libg.a(libc_a-stdio.o) (_read_r)
C:/CLionToolchains/gcc-arm-none-eabi-10.3-2021.10/bin/../lib/gcc/arm-none-eabi/13.3.1/thumb/v7e-m+fp/hard\libg.a(libc_a-writer.o)
                              C:/CLionToolchains/gcc-arm-none-eabi-10.3-2021.10/bin/../lib/gcc/arm-none-eabi/13.3.1/thumb/v7e-m+fp/hard\libg.a(libc_a-stdio.o) (_write_r)
C:/CLionToolchains/gcc-arm-none-eabi-10.3-2021.10/bin/../lib/gcc/arm-none-eabi/13.3.1/thumb/v7e-m+fp/hard\libg.a(libc_a-errno.o)
[...]
Memory Configuration

Name             Origin             Length             Attributes
CCMRAM           0x10000000         0x00010000         xrw
RAM              0x20000000         0x00020000         xrw
FLASH            0x08000000         0x00100000         xr
*default*        0x00000000         0xffffffff

Linker script and memory map

LOAD C:/CLionToolchains/gcc-arm-none-eabi-10.3-2021.10/bin/../lib/gcc/arm-none-eabi/13.3.1/thumb/v7e-m+fp/hard/crti.o
LOAD C:/CLionToolchains/gcc-arm-none-eabi-10.3-2021.10/bin/../lib/gcc/arm-none-eabi/13.3.1/thumb/v7e-m+fp/hard/crtbegin.o
LOAD C:/CLionToolchains/gcc-arm-none-eabi-10.3-2021.10/bin/../lib/gcc/arm-none-eabi/13.3.1/thumb/v7e-m+fp/hard/crt0.o
LOAD CMakeFiles/bubing_RM2025.elf.dir/Core/Src/can.c.obj
LOAD CMakeFiles/bubing_RM2025.elf.dir/Core/Src/dma.c.obj
LOAD CMakeFiles/bubing_RM2025.elf.dir/Core/Src/freertos.c.obj
LOAD CMakeFiles/bubing_RM2025.elf.dir/Core/Src/gpio.c.obj
LOAD CMakeFiles/bubing_RM2025.elf.dir/Core/Src/main.c.obj
LOAD CMakeFiles/bubing_RM2025.elf.dir/Core/Src/spi.c.obj
LOAD CMakeFiles/bubing_RM2025.elf.dir/Core/Src/stm32f4xx_hal_msp.c.obj
LOAD CMakeFiles/bubing_RM2025.elf.dir/Core/Src/stm32f4xx_hal_timebase_tim.c.obj
LOAD CMakeFiles/bubing_RM2025.elf.dir/Core/Src/stm32f4xx_it.c.obj
LOAD CMakeFiles/bubing_RM2025.elf.dir/Core/Src/syscalls.c.obj
LOAD CMakeFiles/bubing_RM2025.elf.dir/Core/Src/sysmem.c.obj
LOAD CMakeFiles/bubing_RM2025.elf.dir/Core/Src/system_stm32f4xx.c.obj
LOAD CMakeFiles/bubing_RM2025.elf.dir/Core/Src/tim.c.obj
LOAD CMakeFiles/bubing_RM2025.elf.dir/Core/Src/usart.c.obj
LOAD CMakeFiles/bubing_RM2025.elf.dir/Core/Startup/startup_stm32f407ighx.s.obj
LOAD CMakeFiles/bubing_RM2025.elf.dir/Drivers/STM32F4xx_HAL_Driver/Src/stm32f4xx_hal.c.obj
LOAD CMakeFiles/bubing_RM2025.elf.dir/Drivers/STM32F4xx_HAL_Driver/Src/stm32f4xx_hal_can.c.obj
LOAD CMakeFiles/bubing_RM2025.elf.dir/Drivers/STM32F4xx_HAL_Driver/Src/stm32f4xx_hal_cortex.c.obj
LOAD CMakeFiles/bubing_RM2025.elf.dir/Drivers/STM32F4xx_HAL_Driver/Src/stm32f4xx_hal_dma.c.obj
LOAD CMakeFiles/bubing_RM2025.elf.dir/Drivers/STM32F4xx_HAL_Driver/Src/stm32f4xx_hal_dma_ex.c.obj
LOAD CMakeFiles/bubing_RM2025.elf.dir/Drivers/STM32F4xx_HAL_Driver/Src/stm32f4xx_hal_exti.c.obj
LOAD CMakeFiles/bubing_RM2025.elf.dir/Drivers/STM32F4xx_HAL_Driver/Src/stm32f4xx_hal_flash.c.obj
LOAD CMakeFiles/bubing_RM2025.elf.dir/Drivers/STM32F4xx_HAL_Driver/Src/stm32f4xx_hal_flash_ex.c.obj
LOAD CMakeFiles/bubing_RM2025.elf.dir/Drivers/STM32F4xx_HAL_Driver/Src/stm32f4xx_hal_flash_ramfunc.c.obj
LOAD CMakeFiles/bubing_RM2025.elf.dir/Drivers/STM32F4xx_HAL_Driver/Src/stm32f4xx_hal_gpio.c.obj
LOAD CMakeFiles/bubing_RM2025.elf.dir/Drivers/STM32F4xx_HAL_Driver/Src/stm32f4xx_hal_pwr.c.obj
LOAD CMakeFiles/bubing_RM2025.elf.dir/Drivers/STM32F4xx_HAL_Driver/Src/stm32f4xx_hal_pwr_ex.c.obj
LOAD CMakeFiles/bubing_RM2025.elf.dir/Drivers/STM32F4xx_HAL_Driver/Src/stm32f4xx_hal_rcc.c.obj
LOAD CMakeFiles/bubing_RM2025.elf.dir/Drivers/STM32F4xx_HAL_Driver/Src/stm32f4xx_hal_rcc_ex.c.obj
LOAD CMakeFiles/bubing_RM2025.elf.dir/Drivers/STM32F4xx_HAL_Driver/Src/stm32f4xx_hal_spi.c.obj
LOAD CMakeFiles/bubing_RM2025.elf.dir/Drivers/STM32F4xx_HAL_Driver/Src/stm32f4xx_hal_tim.c.obj
LOAD CMakeFiles/bubing_RM2025.elf.dir/Drivers/STM32F4xx_HAL_Driver/Src/stm32f4xx_hal_tim_ex.c.obj
LOAD CMakeFiles/bubing_RM2025.elf.dir/Drivers/STM32F4xx_HAL_Driver/Src/stm32f4xx_hal_uart.c.obj
LOAD CMakeFiles/bubing_RM2025.elf.dir/Middlewares/Third_Party/FreeRTOS/Source/CMSIS_RTOS/cmsis_os.c.obj
LOAD CMakeFiles/bubing_RM2025.elf.dir/Middlewares/Third_Party/FreeRTOS/Source/croutine.c.obj
LOAD CMakeFiles/bubing_RM2025.elf.dir/Middlewares/Third_Party/FreeRTOS/Source/event_groups.c.obj
LOAD CMakeFiles/bubing_RM2025.elf.dir/Middlewares/Third_Party/FreeRTOS/Source/list.c.obj
LOAD CMakeFiles/bubing_RM2025.elf.dir/Middlewares/Third_Party/FreeRTOS/Source/portable/GCC/ARM_CM4F/port.c.obj
LOAD CMakeFiles/bubing_RM2025.elf.dir/Middlewares/Third_Party/FreeRTOS/Source/portable/MemMang/heap_4.c.obj
LOAD CMakeFiles/bubing_RM2025.elf.dir/Middlewares/Third_Party/FreeRTOS/Source/queue.c.obj
LOAD CMakeFiles/bubing_RM2025.elf.dir/Middlewares/Third_Party/FreeRTOS/Source/stream_buffer.c.obj
LOAD CMakeFiles/bubing_RM2025.elf.dir/Middlewares/Third_Party/FreeRTOS/Source/tasks.c.obj
LOAD CMakeFiles/bubing_RM2025.elf.dir/Middlewares/Third_Party/FreeRTOS/Source/timers.c.obj
LOAD CMakeFiles/bubing_RM2025.elf.dir/code_mf/Src/BMI088Middleware.c.obj
LOAD CMakeFiles/bubing_RM2025.elf.dir/code_mf/Src/BMI088driver.c.obj
LOAD CMakeFiles/bubing_RM2025.elf.dir/code_mf/Src/CAN_receive.c.obj
LOAD CMakeFiles/bubing_RM2025.elf.dir/code_mf/Src/CHASSIS_TASK.c.obj
LOAD CMakeFiles/bubing_RM2025.elf.dir/code_mf/Src/DM_IMU.c.obj
LOAD CMakeFiles/bubing_RM2025.elf.dir/code_mf/Src/IMU_DATA_GET.c.obj
LOAD CMakeFiles/bubing_RM2025.elf.dir/code_mf/Src/MahonyAHRS.c.obj
LOAD CMakeFiles/bubing_RM2025.elf.dir/code_mf/Src/board_LED.c.obj
LOAD CMakeFiles/bubing_RM2025.elf.dir/code_mf/Src/bsp_can.c.obj
LOAD CMakeFiles/bubing_RM2025.elf.dir/code_mf/Src/bsp_rc.c.obj
LOAD CMakeFiles/bubing_RM2025.elf.dir/code_mf/Src/can_sent.c.obj
LOAD CMakeFiles/bubing_RM2025.elf.dir/code_mf/Src/dm_motor.c.obj
LOAD CMakeFiles/bubing_RM2025.elf.dir/code_mf/Src/error_detection.c.obj
LOAD CMakeFiles/bubing_RM2025.elf.dir/code_mf/Src/get_rc.c.obj
LOAD CMakeFiles/bubing_RM2025.elf.dir/code_mf/Src/pid.c.obj
LOAD CMakeFiles/bubing_RM2025.elf.dir/code_mf/Src/remote_control.c.obj
LOAD CMakeFiles/bubing_RM2025.elf.dir/code_mf/Src/uart_printf.c.obj
LOAD CMakeFiles/bubing_RM2025.elf.dir/code_mf/Src/uart_sent.c.obj
START GROUP
LOAD C:/CLionToolchains/gcc-arm-none-eabi-10.3-2021.10/bin/../lib/gcc/arm-none-eabi/13.3.1/thumb/v7e-m+fp/hard\libgcc.a
LOAD C:/CLionToolchains/gcc-arm-none-eabi-10.3-2021.10/bin/../lib/gcc/arm-none-eabi/13.3.1/thumb/v7e-m+fp/hard\libg.a
LOAD C:/CLionToolchains/gcc-arm-none-eabi-10.3-2021.10/bin/../lib/gcc/arm-none-eabi/13.3.1/thumb/v7e-m+fp/hard\libc.a
END GROUP
LOAD C:/CLionToolchains/gcc-arm-none-eabi-10.3-2021.10/bin/../lib/gcc/arm-none-eabi/13.3.1/thumb/v7e-m+fp/hard/crtend.o
LOAD C:/CLionToolchains/gcc-arm-none-eabi-10.3-2021.10/bin/../lib/gcc/arm-none-eabi/13.3.1/thumb/v7e-m+fp/hard/crtn.o
                0x20020000                        _estack = (ORIGIN (RAM) + LENGTH (RAM))
                0x00000200                        _Min_Heap_Size = 0x200
                0x00000400                        _Min_Stack_Size = 0x400

.isr_vector     0x08000000      0x188
                0x08000000                        . = ALIGN (0x4)
 *(.isr_vector)
 .isr_vector    0x08000000      0x188 CMakeFiles/bubing_RM2025.elf.dir/Core/Startup/startup_stm32f407ighx.s.obj
                0x08000000                g_pfnVectors
                0x08000188                        . = ALIGN (0x4)

.text           0x080001c0     0xce30
                0x080001c0                        . = ALIGN (0x4)
 *(.text)
 .text          0x080001c0      0x378 C:/CLionToolchains/gcc-arm-none-eabi-10.3-2021.10/bin/../lib/gcc/arm-none-eabi/13.3.1/thumb/v7e-m+fp/hard\libgcc.a(_arm_addsubdf3.o)
                0x080001c0                __aeabi_drsub
                0x080001c8                __aeabi_dsub
                0x080001c8                __subdf3
                0x080001cc                __aeabi_dadd
                0x080001cc                __adddf3
                0x08000444                __floatunsidf
                0x08000444                __aeabi_ui2d
                0x08000464                __floatsidf
                0x08000464                __aeabi_i2d
                0x08000488                __aeabi_f2d
                0x08000488                __extendsfdf2
                0x080004cc                __floatundidf
                0x080004cc                __aeabi_ul2d
                0x080004dc                __floatdidf
                0x080004dc                __aeabi_l2d
 .text          0x08000538       0x30 C:/CLionToolchains/gcc-arm-none-eabi-10.3-2021.10/bin/../lib/gcc/arm-none-eabi/13.3.1/thumb/v7e-m+fp/hard\libgcc.a(_aeabi_uldivmod.o)
                0x08000538                __aeabi_uldivmod
 .text          0x08000568        0x4 C:/CLionToolchains/gcc-arm-none-eabi-10.3-2021.10/bin/../lib/gcc/arm-none-eabi/13.3.1/thumb/v7e-m+fp/hard\libgcc.a(_dvmd_tls.o)
                0x08000568                __aeabi_idiv0
                0x08000568                __aeabi_ldiv0
 .text          0x0800056c      0x134 C:/CLionToolchains/gcc-arm-none-eabi-10.3-2021.10/bin/../lib/gcc/arm-none-eabi/13.3.1/thumb/v7e-m+fp/hard\libg.a(libc_a-memcpy.o)
                0x0800056c                memcpy
 .text          0x080006a0       0xa0 C:/CLionToolchains/gcc-arm-none-eabi-10.3-2021.10/bin/../lib/gcc/arm-none-eabi/13.3.1/thumb/v7e-m+fp/hard\libg.a(libc_a-memchr.o)
                0x080006a0                memchr
 .text          0x08000740       0xd8 C:/CLionToolchains/gcc-arm-none-eabi-10.3-2021.10/bin/../lib/gcc/arm-none-eabi/13.3.1/thumb/v7e-m+fp/hard\libg.a(libc_a-strlen.o)
                0x08000740                strlen
 .text          0x08000818      0x424 C:/CLionToolchains/gcc-arm-none-eabi-10.3-2021.10/bin/../lib/gcc/arm-none-eabi/13.3.1/thumb/v7e-m+fp/hard\libgcc.a(_arm_muldivdf3.o)
                0x08000818                __aeabi_dmul
                0x08000818                __muldf3
                0x08000a6c                __divdf3
                0x08000a6c                __aeabi_ddiv
 .text          0x08000c3c      0x110 C:/CLionToolchains/gcc-arm-none-eabi-10.3-2021.10/bin/../lib/gcc/arm-none-eabi/13.3.1/thumb/v7e-m+fp/hard\libgcc.a(_arm_cmpdf2.o)
                0x08000c3c                __gtdf2
                0x08000c3c                __gedf2
                0x08000c44                __ltdf2
                0x08000c44                __ledf2
                0x08000c4c                __nedf2
                0x08000c4c                __eqdf2
                0x08000c4c                __cmpdf2
                0x08000cc8                __aeabi_cdrcmple
                0x08000cd8                __aeabi_cdcmpeq
                0x08000cd8                __aeabi_cdcmple
                0x08000ce8                __aeabi_dcmpeq
                0x08000cfc                __aeabi_dcmplt
                0x08000d10                __aeabi_dcmple
                0x08000d24                __aeabi_dcmpge
                0x08000d38                __aeabi_dcmpgt
 .text          0x08000d4c       0x2c C:/CLionToolchains/gcc-arm-none-eabi-10.3-2021.10/bin/../lib/gcc/arm-none-eabi/13.3.1/thumb/v7e-m+fp/hard\libgcc.a(_arm_unorddf2.o)
                0x08000d4c                __unorddf2
                0x08000d4c                __aeabi_dcmpun
 .text          0x08000d78       0x50 C:/CLionToolchains/gcc-arm-none-eabi-10.3-2021.10/bin/../lib/gcc/arm-none-eabi/13.3.1/thumb/v7e-m+fp/hard\libgcc.a(_arm_fixdfsi.o)
                0x08000d78                __aeabi_d2iz
                0x08000d78                __fixdfsi
 *(.text*)
 .text.deregister_tm_clones
                0x08000dc8       0x1c C:/CLionToolchains/gcc-arm-none-eabi-10.3-2021.10/bin/../lib/gcc/arm-none-eabi/13.3.1/thumb/v7e-m+fp/hard/crtbegin.o
 .text.register_tm_clones
                0x08000de4       0x24 C:/CLionToolchains/gcc-arm-none-eabi-10.3-2021.10/bin/../lib/gcc/arm-none-eabi/13.3.1/thumb/v7e-m+fp/hard/crtbegin.o
 .text.__do_global_dtors_aux
                0x08000e08       0x28 C:/CLionToolchains/gcc-arm-none-eabi-10.3-2021.10/bin/../lib/gcc/arm-none-eabi/13.3.1/thumb/v7e-m+fp/hard/crtbegin.o
 .text.frame_dummy
                0x08000e30       0x24 C:/CLionToolchains/gcc-arm-none-eabi-10.3-2021.10/bin/../lib/gcc/arm-none-eabi/13.3.1/thumb/v7e-m+fp/hard/crtbegin.o
 .text.MX_CAN1_Init
                0x08000e54       0x40 CMakeFiles/bubing_RM2025.elf.dir/Core/Src/can.c.obj
                0x08000e54                MX_CAN1_Init
 .text.MX_CAN2_Init
                0x08000e94       0x40 CMakeFiles/bubing_RM2025.elf.dir/Core/Src/can.c.obj
                0x08000e94                MX_CAN2_Init
 .text.HAL_CAN_MspInit
                0x08000ed4      0x140 CMakeFiles/bubing_RM2025.elf.dir/Core/Src/can.c.obj
                0x08000ed4                HAL_CAN_MspInit
 .text.MX_DMA_Init
                0x08001014       0x88 CMakeFiles/bubing_RM2025.elf.dir/Core/Src/dma.c.obj
                0x08001014                MX_DMA_Init
 .text.StartDefaultTask
                0x0800109c        0xa CMakeFiles/bubing_RM2025.elf.dir/Core/Src/freertos.c.obj
                0x0800109c                StartDefaultTask
 *fill*         0x080010a6        0x2 
 .text.vApplicationGetIdleTaskMemory
                0x080010a8       0x18 CMakeFiles/bubing_RM2025.elf.dir/Core/Src/freertos.c.obj
                0x080010a8                vApplicationGetIdleTaskMemory
 .text.MX_FREERTOS_Init
                0x080010c0      0x14c CMakeFiles/bubing_RM2025.elf.dir/Core/Src/freertos.c.obj
                0x080010c0                MX_FREERTOS_Init
 .text.MX_GPIO_Init
                0x0800120c      0x144 CMakeFiles/bubing_RM2025.elf.dir/Core/Src/gpio.c.obj
                0x0800120c                MX_GPIO_Init
 .text.HAL_TIM_PeriodElapsedCallback
                0x08001350       0x18 CMakeFiles/bubing_RM2025.elf.dir/Core/Src/main.c.obj
                0x08001350                HAL_TIM_PeriodElapsedCallback
 .text.Error_Handler
                0x08001368        0x4 CMakeFiles/bubing_RM2025.elf.dir/Core/Src/main.c.obj
                0x08001368                Error_Handler
 .text.SystemClock_Config
                0x0800136c       0xa8 CMakeFiles/bubing_RM2025.elf.dir/Core/Src/main.c.obj
                0x0800136c                SystemClock_Config
 .text.main     0x08001414       0x80 CMakeFiles/bubing_RM2025.elf.dir/Core/Src/main.c.obj
                0x08001414                main
 .text.MX_SPI1_Init
                0x08001494       0x48 CMakeFiles/bubing_RM2025.elf.dir/Core/Src/spi.c.obj
                0x08001494                MX_SPI1_Init
 .text.HAL_SPI_MspInit
                0x080014dc       0x98 CMakeFiles/bubing_RM2025.elf.dir/Core/Src/spi.c.obj
                0x080014dc                HAL_SPI_MspInit
 .text.HAL_MspInit
                0x08001574       0x44 CMakeFiles/bubing_RM2025.elf.dir/Core/Src/stm32f4xx_hal_msp.c.obj
                0x08001574                HAL_MspInit
 .text.HAL_InitTick
                0x080015b8       0xa4 CMakeFiles/bubing_RM2025.elf.dir/Core/Src/stm32f4xx_hal_timebase_tim.c.obj
                0x080015b8                HAL_InitTick
 .text.NMI_Handler
                0x0800165c        0x2 CMakeFiles/bubing_RM2025.elf.dir/Core/Src/stm32f4xx_it.c.obj
                0x0800165c                NMI_Handler
 .text.HardFault_Handler
                0x0800165e        0x2 CMakeFiles/bubing_RM2025.elf.dir/Core/Src/stm32f4xx_it.c.obj
                0x0800165e                HardFault_Handler
 .text.MemManage_Handler
                0x08001660        0x2 CMakeFiles/bubing_RM2025.elf.dir/Core/Src/stm32f4xx_it.c.obj
                0x08001660                MemManage_Handler
 .text.BusFault_Handler
                0x08001662        0x2 CMakeFiles/bubing_RM2025.elf.dir/Core/Src/stm32f4xx_it.c.obj
                0x08001662                BusFault_Handler
 .text.UsageFault_Handler
                0x08001664        0x2 CMakeFiles/bubing_RM2025.elf.dir/Core/Src/stm32f4xx_it.c.obj
                0x08001664                UsageFault_Handler
 .text.DebugMon_Handler
                0x08001666        0x2 CMakeFiles/bubing_RM2025.elf.dir/Core/Src/stm32f4xx_it.c.obj
                0x08001666                DebugMon_Handler
 .text.DMA1_Stream1_IRQHandler
                0x08001668       0x10 CMakeFiles/bubing_RM2025.elf.dir/Core/Src/stm32f4xx_it.c.obj
                0x08001668                DMA1_Stream1_IRQHandler
 .text.CAN1_RX0_IRQHandler
                0x08001678       0x10 CMakeFiles/bubing_RM2025.elf.dir/Core/Src/stm32f4xx_it.c.obj
                0x08001678                CAN1_RX0_IRQHandler
 .text.CAN1_RX1_IRQHandler
                0x08001688       0x10 CMakeFiles/bubing_RM2025.elf.dir/Core/Src/stm32f4xx_it.c.obj
                0x08001688                CAN1_RX1_IRQHandler
 .text.USART1_IRQHandler
                0x08001698       0x10 CMakeFiles/bubing_RM2025.elf.dir/Core/Src/stm32f4xx_it.c.obj
                0x08001698                USART1_IRQHandler
 .text.TIM8_BRK_TIM12_IRQHandler
                0x080016a8       0x18 CMakeFiles/bubing_RM2025.elf.dir/Core/Src/stm32f4xx_it.c.obj
                0x080016a8                TIM8_BRK_TIM12_IRQHandler
 .text.TIM7_IRQHandler
                0x080016c0       0x10 CMakeFiles/bubing_RM2025.elf.dir/Core/Src/stm32f4xx_it.c.obj
                0x080016c0                TIM7_IRQHandler
 .text.DMA2_Stream1_IRQHandler
                0x080016d0       0x10 CMakeFiles/bubing_RM2025.elf.dir/Core/Src/stm32f4xx_it.c.obj
                0x080016d0                DMA2_Stream1_IRQHandler
 .text.DMA2_Stream2_IRQHandler
                0x080016e0       0x10 CMakeFiles/bubing_RM2025.elf.dir/Core/Src/stm32f4xx_it.c.obj
                0x080016e0                DMA2_Stream2_IRQHandler
 .text.CAN2_RX0_IRQHandler
                0x080016f0       0x10 CMakeFiles/bubing_RM2025.elf.dir/Core/Src/stm32f4xx_it.c.obj
                0x080016f0                CAN2_RX0_IRQHandler
 .text.CAN2_RX1_IRQHandler
                0x08001700       0x10 CMakeFiles/bubing_RM2025.elf.dir/Core/Src/stm32f4xx_it.c.obj
                0x08001700                CAN2_RX1_IRQHandler
 .text.DMA2_Stream6_IRQHandler
                0x08001710       0x10 CMakeFiles/bubing_RM2025.elf.dir/Core/Src/stm32f4xx_it.c.obj
                0x08001710                DMA2_Stream6_IRQHandler
 .text.DMA2_Stream7_IRQHandler
                0x08001720       0x10 CMakeFiles/bubing_RM2025.elf.dir/Core/Src/stm32f4xx_it.c.obj
                0x08001720                DMA2_Stream7_IRQHandler
 .text.USART6_IRQHandler
                0x08001730       0x10 CMakeFiles/bubing_RM2025.elf.dir/Core/Src/stm32f4xx_it.c.obj
                0x08001730                USART6_IRQHandler
 .text._getpid  0x08001740        0x4 CMakeFiles/bubing_RM2025.elf.dir/Core/Src/syscalls.c.obj
                0x08001740                _getpid
 .text._kill    0x08001744       0x10 CMakeFiles/bubing_RM2025.elf.dir/Core/Src/syscalls.c.obj
                0x08001744                _kill
 .text._exit    0x08001754        0xc CMakeFiles/bubing_RM2025.elf.dir/Core/Src/syscalls.c.obj
                0x08001754                _exit
 .text._read    0x08001760       0x20 CMakeFiles/bubing_RM2025.elf.dir/Core/Src/syscalls.c.obj
                0x08001760                _read
 .text._write   0x08001780       0x1c CMakeFiles/bubing_RM2025.elf.dir/Core/Src/syscalls.c.obj
                0x08001780                _write
 .text._close   0x0800179c        0x6 CMakeFiles/bubing_RM2025.elf.dir/Core/Src/syscalls.c.obj
                0x0800179c                _close
 .text._fstat   0x080017a2        0xa CMakeFiles/bubing_RM2025.elf.dir/Core/Src/syscalls.c.obj
                0x080017a2                _fstat
 .text._isatty  0x080017ac        0x4 CMakeFiles/bubing_RM2025.elf.dir/Core/Src/syscalls.c.obj
                0x080017ac                _isatty
 .text._lseek   0x080017b0        0x4 CMakeFiles/bubing_RM2025.elf.dir/Core/Src/syscalls.c.obj
                0x080017b0                _lseek
 .text._sbrk    0x080017b4       0x48 CMakeFiles/bubing_RM2025.elf.dir/Core/Src/sysmem.c.obj
                0x080017b4                _sbrk
 .text.SystemInit
                0x080017fc       0x14 CMakeFiles/bubing_RM2025.elf.dir/Core/Src/system_stm32f4xx.c.obj
                0x080017fc                SystemInit
 .text.MX_TIM12_Init
                0x08001810       0x54 CMakeFiles/bubing_RM2025.elf.dir/Core/Src/tim.c.obj
                0x08001810                MX_TIM12_Init
 .text.HAL_TIM_Base_MspInit
                0x08001864       0x98 CMakeFiles/bubing_RM2025.elf.dir/Core/Src/tim.c.obj
                0x08001864                HAL_TIM_Base_MspInit
 .text.HAL_TIM_MspPostInit
                0x080018fc       0xc0 CMakeFiles/bubing_RM2025.elf.dir/Core/Src/tim.c.obj
                0x080018fc                HAL_TIM_MspPostInit
 .text.MX_TIM1_Init
                0x080019bc      0x124 CMakeFiles/bubing_RM2025.elf.dir/Core/Src/tim.c.obj
                0x080019bc                MX_TIM1_Init
 .text.MX_TIM8_Init
                0x08001ae0      0x110 CMakeFiles/bubing_RM2025.elf.dir/Core/Src/tim.c.obj
                0x08001ae0                MX_TIM8_Init
 .text.MX_USART1_UART_Init
                0x08001bf0       0x34 CMakeFiles/bubing_RM2025.elf.dir/Core/Src/usart.c.obj
                0x08001bf0                MX_USART1_UART_Init
 .text.MX_USART3_UART_Init
                0x08001c24       0x3c CMakeFiles/bubing_RM2025.elf.dir/Core/Src/usart.c.obj
                0x08001c24                MX_USART3_UART_Init
 .text.MX_USART6_UART_Init
                0x08001c60       0x34 CMakeFiles/bubing_RM2025.elf.dir/Core/Src/usart.c.obj
                0x08001c60                MX_USART6_UART_Init
 .text.HAL_UART_MspInit
                0x08001c94      0x2d4 CMakeFiles/bubing_RM2025.elf.dir/Core/Src/usart.c.obj
                0x08001c94                HAL_UART_MspInit
 .text.Reset_Handler
                0x08001f68       0x50 CMakeFiles/bubing_RM2025.elf.dir/Core/Startup/startup_stm32f407ighx.s.obj
                0x08001f68                Reset_Handler
 .text.Default_Handler
                0x08001fb8        0x2 CMakeFiles/bubing_RM2025.elf.dir/Core/Startup/startup_stm32f407ighx.s.obj
                0x08001fb8                RTC_Alarm_IRQHandler
                0x08001fb8                HASH_RNG_IRQHandler
                0x08001fb8                EXTI2_IRQHandler
                0x08001fb8                TIM8_CC_IRQHandler
                0x08001fb8                TIM1_CC_IRQHandler
                0x08001fb8                DMA2_Stream5_IRQHandler
                0x08001fb8                DMA1_Stream5_IRQHandler
                0x08001fb8                PVD_IRQHandler
                0x08001fb8                SDIO_IRQHandler
                0x08001fb8                TAMP_STAMP_IRQHandler
                0x08001fb8                EXTI3_IRQHandler
                0x08001fb8                TIM8_TRG_COM_TIM14_IRQHandler
                0x08001fb8                TIM1_UP_TIM10_IRQHandler
                0x08001fb8                TIM8_UP_TIM13_IRQHandler
                0x08001fb8                I2C3_ER_IRQHandler
                0x08001fb8                EXTI0_IRQHandler
                0x08001fb8                I2C2_EV_IRQHandler
                0x08001fb8                DMA1_Stream2_IRQHandler
                0x08001fb8                FPU_IRQHandler
                0x08001fb8                OTG_HS_WKUP_IRQHandler
                0x08001fb8                CAN2_SCE_IRQHandler
                0x08001fb8                SPI1_IRQHandler
                0x08001fb8                TIM6_DAC_IRQHandler
                0x08001fb8                TIM1_BRK_TIM9_IRQHandler
                0x08001fb8                DCMI_IRQHandler
                0x08001fb8                DMA2_Stream3_IRQHandler
                0x08001fb8                UART5_IRQHandler
                0x08001fb8                DMA2_Stream0_IRQHandler
                0x08001fb8                TIM4_IRQHandler
                0x08001fb8                I2C1_EV_IRQHandler
                0x08001fb8                DMA1_Stream6_IRQHandler
                0x08001fb8                UART4_IRQHandler
                0x08001fb8                TIM3_IRQHandler
                0x08001fb8                RCC_IRQHandler
                0x08001fb8                Default_Handler
                0x08001fb8                EXTI15_10_IRQHandler
                0x08001fb8                ADC_IRQHandler
                0x08001fb8                DMA1_Stream7_IRQHandler
                0x08001fb8                CAN2_TX_IRQHandler
                0x08001fb8                TIM5_IRQHandler
                0x08001fb8                I2C3_EV_IRQHandler
                0x08001fb8                EXTI9_5_IRQHandler
                0x08001fb8                RTC_WKUP_IRQHandler
                0x08001fb8                ETH_WKUP_IRQHandler
                0x08001fb8                SPI2_IRQHandler
                0x08001fb8                OTG_HS_EP1_IN_IRQHandler
                0x08001fb8                DMA1_Stream0_IRQHandler
                0x08001fb8                CAN1_TX_IRQHandler
                0x08001fb8                EXTI4_IRQHandler
                0x08001fb8                FSMC_IRQHandler
                0x08001fb8                ETH_IRQHandler
                0x08001fb8                OTG_HS_EP1_OUT_IRQHandler
                0x08001fb8                WWDG_IRQHandler
                0x08001fb8                TIM2_IRQHandler
                0x08001fb8                OTG_FS_WKUP_IRQHandler
                0x08001fb8                TIM1_TRG_COM_TIM11_IRQHandler
                0x08001fb8                OTG_HS_IRQHandler
                0x08001fb8                EXTI1_IRQHandler
                0x08001fb8                USART2_IRQHandler
                0x08001fb8                I2C2_ER_IRQHandler
                0x08001fb8                CAN1_SCE_IRQHandler
                0x08001fb8                FLASH_IRQHandler
                0x08001fb8                DMA2_Stream4_IRQHandler
                0x08001fb8                OTG_FS_IRQHandler
                0x08001fb8                SPI3_IRQHandler
                0x08001fb8                DMA1_Stream4_IRQHandler
                0x08001fb8                I2C1_ER_IRQHandler
                0x08001fb8                DMA1_Stream3_IRQHandler
 *fill*         0x08001fba        0x2 
 .text.HAL_Init
                0x08001fbc       0x34 CMakeFiles/bubing_RM2025.elf.dir/Drivers/STM32F4xx_HAL_Driver/Src/stm32f4xx_hal.c.obj
                0x08001fbc                HAL_Init
 .text.HAL_IncTick
                0x08001ff0       0x18 CMakeFiles/bubing_RM2025.elf.dir/Drivers/STM32F4xx_HAL_Driver/Src/stm32f4xx_hal.c.obj
                0x08001ff0                HAL_IncTick
 .text.HAL_GetTick
                0x08002008        0xc CMakeFiles/bubing_RM2025.elf.dir/Drivers/STM32F4xx_HAL_Driver/Src/stm32f4xx_hal.c.obj
                0x08002008                HAL_GetTick
 .text.HAL_CAN_Init
                0x08002014      0x14c CMakeFiles/bubing_RM2025.elf.dir/Drivers/STM32F4xx_HAL_Driver/Src/stm32f4xx_hal_can.c.obj
                0x08002014                HAL_CAN_Init
 .text.HAL_CAN_ConfigFilter
                0x08002160      0x138 CMakeFiles/bubing_RM2025.elf.dir/Drivers/STM32F4xx_HAL_Driver/Src/stm32f4xx_hal_can.c.obj
                0x08002160                HAL_CAN_ConfigFilter
 .text.HAL_CAN_Start
                0x08002298       0x5c CMakeFiles/bubing_RM2025.elf.dir/Drivers/STM32F4xx_HAL_Driver/Src/stm32f4xx_hal_can.c.obj
                0x08002298                HAL_CAN_Start
 .text.HAL_CAN_AddTxMessage
                0x080022f4       0xea CMakeFiles/bubing_RM2025.elf.dir/Drivers/STM32F4xx_HAL_Driver/Src/stm32f4xx_hal_can.c.obj
                0x080022f4                HAL_CAN_AddTxMessage
 .text.HAL_CAN_GetRxMessage
                0x080023de      0x16a CMakeFiles/bubing_RM2025.elf.dir/Drivers/STM32F4xx_HAL_Driver/Src/stm32f4xx_hal_can.c.obj
                0x080023de                HAL_CAN_GetRxMessage
 .text.HAL_CAN_ActivateNotification
                0x08002548       0x24 CMakeFiles/bubing_RM2025.elf.dir/Drivers/STM32F4xx_HAL_Driver/Src/stm32f4xx_hal_can.c.obj
                0x08002548                HAL_CAN_ActivateNotification
 .text.HAL_CAN_TxMailbox0AbortCallback
                0x0800256c        0x2 CMakeFiles/bubing_RM2025.elf.dir/Drivers/STM32F4xx_HAL_Driver/Src/stm32f4xx_hal_can.c.obj
                0x0800256c                HAL_CAN_TxMailbox0AbortCallback
 .text.HAL_CAN_TxMailbox1AbortCallback
                0x0800256e        0x2 CMakeFiles/bubing_RM2025.elf.dir/Drivers/STM32F4xx_HAL_Driver/Src/stm32f4xx_hal_can.c.obj
                0x0800256e                HAL_CAN_TxMailbox1AbortCallback
 .text.HAL_CAN_TxMailbox2AbortCallback
                0x08002570        0x2 CMakeFiles/bubing_RM2025.elf.dir/Drivers/STM32F4xx_HAL_Driver/Src/stm32f4xx_hal_can.c.obj
                0x08002570                HAL_CAN_TxMailbox2AbortCallback
 .text.HAL_CAN_RxFifo0FullCallback
                0x08002572        0x2 CMakeFiles/bubing_RM2025.elf.dir/Drivers/STM32F4xx_HAL_Driver/Src/stm32f4xx_hal_can.c.obj
                0x08002572                HAL_CAN_RxFifo0FullCallback
 .text.HAL_CAN_RxFifo1MsgPendingCallback
                0x08002574        0x2 CMakeFiles/bubing_RM2025.elf.dir/Drivers/STM32F4xx_HAL_Driver/Src/stm32f4xx_hal_can.c.obj
                0x08002574                HAL_CAN_RxFifo1MsgPendingCallback
 .text.HAL_CAN_RxFifo1FullCallback
                0x08002576        0x2 CMakeFiles/bubing_RM2025.elf.dir/Drivers/STM32F4xx_HAL_Driver/Src/stm32f4xx_hal_can.c.obj
                0x08002576                HAL_CAN_RxFifo1FullCallback
 .text.HAL_CAN_SleepCallback
                0x08002578        0x2 CMakeFiles/bubing_RM2025.elf.dir/Drivers/STM32F4xx_HAL_Driver/Src/stm32f4xx_hal_can.c.obj
                0x08002578                HAL_CAN_SleepCallback
 .text.HAL_CAN_WakeUpFromRxMsgCallback
                0x0800257a        0x2 CMakeFiles/bubing_RM2025.elf.dir/Drivers/STM32F4xx_HAL_Driver/Src/stm32f4xx_hal_can.c.obj
                0x0800257a                HAL_CAN_WakeUpFromRxMsgCallback
 .text.HAL_CAN_ErrorCallback
                0x0800257c        0x2 CMakeFiles/bubing_RM2025.elf.dir/Drivers/STM32F4xx_HAL_Driver/Src/stm32f4xx_hal_can.c.obj
                0x0800257c                HAL_CAN_ErrorCallback
 .text.HAL_CAN_IRQHandler
                0x0800257e      0x250 CMakeFiles/bubing_RM2025.elf.dir/Drivers/STM32F4xx_HAL_Driver/Src/stm32f4xx_hal_can.c.obj
                0x0800257e                HAL_CAN_IRQHandler
 *fill*         0x080027ce        0x2 
 .text.__NVIC_EnableIRQ
                0x080027d0       0x1c CMakeFiles/bubing_RM2025.elf.dir/Drivers/STM32F4xx_HAL_Driver/Src/stm32f4xx_hal_cortex.c.obj
 .text.__NVIC_SetPriority
                0x080027ec       0x28 CMakeFiles/bubing_RM2025.elf.dir/Drivers/STM32F4xx_HAL_Driver/Src/stm32f4xx_hal_cortex.c.obj
 .text.NVIC_EncodePriority
                0x08002814       0x3e CMakeFiles/bubing_RM2025.elf.dir/Drivers/STM32F4xx_HAL_Driver/Src/stm32f4xx_hal_cortex.c.obj
 *fill*         0x08002852        0x2 
 .text.HAL_NVIC_SetPriorityGrouping
                0x08002854       0x24 CMakeFiles/bubing_RM2025.elf.dir/Drivers/STM32F4xx_HAL_Driver/Src/stm32f4xx_hal_cortex.c.obj
                0x08002854                HAL_NVIC_SetPriorityGrouping
 .text.HAL_NVIC_SetPriority
                0x08002878       0x20 CMakeFiles/bubing_RM2025.elf.dir/Drivers/STM32F4xx_HAL_Driver/Src/stm32f4xx_hal_cortex.c.obj
                0x08002878                HAL_NVIC_SetPriority
 .text.HAL_NVIC_EnableIRQ
                0x08002898        0x8 CMakeFiles/bubing_RM2025.elf.dir/Drivers/STM32F4xx_HAL_Driver/Src/stm32f4xx_hal_cortex.c.obj
                0x08002898                HAL_NVIC_EnableIRQ
 .text.DMA_CalcBaseAndBitshift
                0x080028a0       0x3c CMakeFiles/bubing_RM2025.elf.dir/Drivers/STM32F4xx_HAL_Driver/Src/stm32f4xx_hal_dma.c.obj
 .text.DMA_CheckFifoParam
                0x080028dc       0x8e CMakeFiles/bubing_RM2025.elf.dir/Drivers/STM32F4xx_HAL_Driver/Src/stm32f4xx_hal_dma.c.obj
 *fill*         0x0800296a        0x2 
 .text.HAL_DMA_Init
                0x0800296c       0xcc CMakeFiles/bubing_RM2025.elf.dir/Drivers/STM32F4xx_HAL_Driver/Src/stm32f4xx_hal_dma.c.obj
                0x0800296c                HAL_DMA_Init
 .text.HAL_DMA_Abort
                0x08002a38       0x94 CMakeFiles/bubing_RM2025.elf.dir/Drivers/STM32F4xx_HAL_Driver/Src/stm32f4xx_hal_dma.c.obj
                0x08002a38                HAL_DMA_Abort
 .text.HAL_DMA_Abort_IT
                0x08002acc       0x26 CMakeFiles/bubing_RM2025.elf.dir/Drivers/STM32F4xx_HAL_Driver/Src/stm32f4xx_hal_dma.c.obj
                0x08002acc                HAL_DMA_Abort_IT
 *fill*         0x08002af2        0x2 
 .text.HAL_DMA_IRQHandler
                0x08002af4      0x1dc CMakeFiles/bubing_RM2025.elf.dir/Drivers/STM32F4xx_HAL_Driver/Src/stm32f4xx_hal_dma.c.obj
                0x08002af4                HAL_DMA_IRQHandler
 .text.HAL_GPIO_Init
                0x08002cd0      0x1ec CMakeFiles/bubing_RM2025.elf.dir/Drivers/STM32F4xx_HAL_Driver/Src/stm32f4xx_hal_gpio.c.obj
                0x08002cd0                HAL_GPIO_Init
 .text.HAL_GPIO_WritePin
                0x08002ebc        0xc CMakeFiles/bubing_RM2025.elf.dir/Drivers/STM32F4xx_HAL_Driver/Src/stm32f4xx_hal_gpio.c.obj
                0x08002ebc                HAL_GPIO_WritePin
 .text.HAL_GPIO_TogglePin
                0x08002ec8       0x12 CMakeFiles/bubing_RM2025.elf.dir/Drivers/STM32F4xx_HAL_Driver/Src/stm32f4xx_hal_gpio.c.obj
                0x08002ec8                HAL_GPIO_TogglePin
 *fill*         0x08002eda        0x2 
 .text.HAL_RCC_OscConfig
                0x08002edc      0x3f8 CMakeFiles/bubing_RM2025.elf.dir/Drivers/STM32F4xx_HAL_Driver/Src/stm32f4xx_hal_rcc.c.obj
                0x08002edc                HAL_RCC_OscConfig
 .text.HAL_RCC_GetSysClockFreq
                0x080032d4       0xa8 CMakeFiles/bubing_RM2025.elf.dir/Drivers/STM32F4xx_HAL_Driver/Src/stm32f4xx_hal_rcc.c.obj
                0x080032d4                HAL_RCC_GetSysClockFreq
 .text.HAL_RCC_ClockConfig
                0x0800337c      0x160 CMakeFiles/bubing_RM2025.elf.dir/Drivers/STM32F4xx_HAL_Driver/Src/stm32f4xx_hal_rcc.c.obj
                0x0800337c                HAL_RCC_ClockConfig
 .text.HAL_RCC_GetHCLKFreq
                0x080034dc        0xc CMakeFiles/bubing_RM2025.elf.dir/Drivers/STM32F4xx_HAL_Driver/Src/stm32f4xx_hal_rcc.c.obj
                0x080034dc                HAL_RCC_GetHCLKFreq
 .text.HAL_RCC_GetPCLK1Freq
                0x080034e8       0x20 CMakeFiles/bubing_RM2025.elf.dir/Drivers/STM32F4xx_HAL_Driver/Src/stm32f4xx_hal_rcc.c.obj
                0x080034e8                HAL_RCC_GetPCLK1Freq
 .text.HAL_RCC_GetPCLK2Freq
                0x08003508       0x20 CMakeFiles/bubing_RM2025.elf.dir/Drivers/STM32F4xx_HAL_Driver/Src/stm32f4xx_hal_rcc.c.obj
                0x08003508                HAL_RCC_GetPCLK2Freq
 .text.HAL_RCC_GetClockConfig
                0x08003528       0x3c CMakeFiles/bubing_RM2025.elf.dir/Drivers/STM32F4xx_HAL_Driver/Src/stm32f4xx_hal_rcc.c.obj
                0x08003528                HAL_RCC_GetClockConfig
 .text.HAL_SPI_Init
                0x08003564       0xbe CMakeFiles/bubing_RM2025.elf.dir/Drivers/STM32F4xx_HAL_Driver/Src/stm32f4xx_hal_spi.c.obj
                0x08003564                HAL_SPI_Init
 *fill*         0x08003622        0x2 
 .text.TIM_OC1_SetConfig
                0x08003624       0x70 CMakeFiles/bubing_RM2025.elf.dir/Drivers/STM32F4xx_HAL_Driver/Src/stm32f4xx_hal_tim.c.obj
 .text.TIM_OC3_SetConfig
                0x08003694       0x70 CMakeFiles/bubing_RM2025.elf.dir/Drivers/STM32F4xx_HAL_Driver/Src/stm32f4xx_hal_tim.c.obj
 .text.TIM_OC4_SetConfig
                0x08003704       0x50 CMakeFiles/bubing_RM2025.elf.dir/Drivers/STM32F4xx_HAL_Driver/Src/stm32f4xx_hal_tim.c.obj
 .text.TIM_TI1_ConfigInputStage
                0x08003754       0x26 CMakeFiles/bubing_RM2025.elf.dir/Drivers/STM32F4xx_HAL_Driver/Src/stm32f4xx_hal_tim.c.obj
 .text.TIM_TI2_ConfigInputStage
                0x0800377a       0x28 CMakeFiles/bubing_RM2025.elf.dir/Drivers/STM32F4xx_HAL_Driver/Src/stm32f4xx_hal_tim.c.obj
 .text.TIM_ITRx_SetConfig
                0x080037a2       0x10 CMakeFiles/bubing_RM2025.elf.dir/Drivers/STM32F4xx_HAL_Driver/Src/stm32f4xx_hal_tim.c.obj
 *fill*         0x080037b2        0x2 
 .text.HAL_TIM_Base_Start_IT
                0x080037b4       0x88 CMakeFiles/bubing_RM2025.elf.dir/Drivers/STM32F4xx_HAL_Driver/Src/stm32f4xx_hal_tim.c.obj
                0x080037b4                HAL_TIM_Base_Start_IT
 .text.HAL_TIM_PWM_MspInit
                0x0800383c        0x2 CMakeFiles/bubing_RM2025.elf.dir/Drivers/STM32F4xx_HAL_Driver/Src/stm32f4xx_hal_tim.c.obj
                0x0800383c                HAL_TIM_PWM_MspInit
 .text.HAL_TIM_OC_DelayElapsedCallback
                0x0800383e        0x2 CMakeFiles/bubing_RM2025.elf.dir/Drivers/STM32F4xx_HAL_Driver/Src/stm32f4xx_hal_tim.c.obj
                0x0800383e                HAL_TIM_OC_DelayElapsedCallback
 .text.HAL_TIM_IC_CaptureCallback
                0x08003840        0x2 CMakeFiles/bubing_RM2025.elf.dir/Drivers/STM32F4xx_HAL_Driver/Src/stm32f4xx_hal_tim.c.obj
                0x08003840                HAL_TIM_IC_CaptureCallback
 .text.HAL_TIM_PWM_PulseFinishedCallback
                0x08003842        0x2 CMakeFiles/bubing_RM2025.elf.dir/Drivers/STM32F4xx_HAL_Driver/Src/stm32f4xx_hal_tim.c.obj
                0x08003842                HAL_TIM_PWM_PulseFinishedCallback
 .text.HAL_TIM_TriggerCallback
                0x08003844        0x2 CMakeFiles/bubing_RM2025.elf.dir/Drivers/STM32F4xx_HAL_Driver/Src/stm32f4xx_hal_tim.c.obj
                0x08003844                HAL_TIM_TriggerCallback
 .text.HAL_TIM_IRQHandler
                0x08003846      0x15e CMakeFiles/bubing_RM2025.elf.dir/Drivers/STM32F4xx_HAL_Driver/Src/stm32f4xx_hal_tim.c.obj
                0x08003846                HAL_TIM_IRQHandler
 .text.TIM_Base_SetConfig
                0x080039a4       0xd8 CMakeFiles/bubing_RM2025.elf.dir/Drivers/STM32F4xx_HAL_Driver/Src/stm32f4xx_hal_tim.c.obj
                0x080039a4                TIM_Base_SetConfig
 .text.HAL_TIM_Base_Init
                0x08003a7c       0x58 CMakeFiles/bubing_RM2025.elf.dir/Drivers/STM32F4xx_HAL_Driver/Src/stm32f4xx_hal_tim.c.obj
                0x08003a7c                HAL_TIM_Base_Init
 .text.HAL_TIM_PWM_Init
                0x08003ad4       0x58 CMakeFiles/bubing_RM2025.elf.dir/Drivers/STM32F4xx_HAL_Driver/Src/stm32f4xx_hal_tim.c.obj
                0x08003ad4                HAL_TIM_PWM_Init
 .text.TIM_OC2_SetConfig
                0x08003b2c       0x70 CMakeFiles/bubing_RM2025.elf.dir/Drivers/STM32F4xx_HAL_Driver/Src/stm32f4xx_hal_tim.c.obj
                0x08003b2c                TIM_OC2_SetConfig
 .text.HAL_TIM_PWM_ConfigChannel
                0x08003b9c       0xdc CMakeFiles/bubing_RM2025.elf.dir/Drivers/STM32F4xx_HAL_Driver/Src/stm32f4xx_hal_tim.c.obj
                0x08003b9c                HAL_TIM_PWM_ConfigChannel
 .text.TIM_ETR_SetConfig
                0x08003c78       0x1a CMakeFiles/bubing_RM2025.elf.dir/Drivers/STM32F4xx_HAL_Driver/Src/stm32f4xx_hal_tim.c.obj
                0x08003c78                TIM_ETR_SetConfig
 .text.HAL_TIM_ConfigClockSource
                0x08003c92       0xfe CMakeFiles/bubing_RM2025.elf.dir/Drivers/STM32F4xx_HAL_Driver/Src/stm32f4xx_hal_tim.c.obj
                0x08003c92                HAL_TIM_ConfigClockSource
 .text.HAL_TIMEx_MasterConfigSynchronization
                0x08003d90       0x8c CMakeFiles/bubing_RM2025.elf.dir/Drivers/STM32F4xx_HAL_Driver/Src/stm32f4xx_hal_tim_ex.c.obj
                0x08003d90                HAL_TIMEx_MasterConfigSynchronization
 .text.HAL_TIMEx_ConfigBreakDeadTime
                0x08003e1c       0x52 CMakeFiles/bubing_RM2025.elf.dir/Drivers/STM32F4xx_HAL_Driver/Src/stm32f4xx_hal_tim_ex.c.obj
                0x08003e1c                HAL_TIMEx_ConfigBreakDeadTime
 .text.HAL_TIMEx_CommutCallback
                0x08003e6e        0x2 CMakeFiles/bubing_RM2025.elf.dir/Drivers/STM32F4xx_HAL_Driver/Src/stm32f4xx_hal_tim_ex.c.obj
                0x08003e6e                HAL_TIMEx_CommutCallback
 .text.HAL_TIMEx_BreakCallback
                0x08003e70        0x2 CMakeFiles/bubing_RM2025.elf.dir/Drivers/STM32F4xx_HAL_Driver/Src/stm32f4xx_hal_tim_ex.c.obj
                0x08003e70                HAL_TIMEx_BreakCallback
 .text.UART_EndRxTransfer
                0x08003e72       0x5c CMakeFiles/bubing_RM2025.elf.dir/Drivers/STM32F4xx_HAL_Driver/Src/stm32f4xx_hal_uart.c.obj
 .text.UART_Transmit_IT
                0x08003ece       0x60 CMakeFiles/bubing_RM2025.elf.dir/Drivers/STM32F4xx_HAL_Driver/Src/stm32f4xx_hal_uart.c.obj
 *fill*         0x08003f2e        0x2 
 .text.UART_SetConfig
                0x08003f30      0x110 CMakeFiles/bubing_RM2025.elf.dir/Drivers/STM32F4xx_HAL_Driver/Src/stm32f4xx_hal_uart.c.obj
 .text.UART_WaitOnFlagUntilTimeout
                0x08004040       0x86 CMakeFiles/bubing_RM2025.elf.dir/Drivers/STM32F4xx_HAL_Driver/Src/stm32f4xx_hal_uart.c.obj
 .text.HAL_UART_Init
                0x080040c6       0x60 CMakeFiles/bubing_RM2025.elf.dir/Drivers/STM32F4xx_HAL_Driver/Src/stm32f4xx_hal_uart.c.obj
                0x080040c6                HAL_UART_Init
 .text.HAL_UART_Transmit
                0x08004126       0xcc CMakeFiles/bubing_RM2025.elf.dir/Drivers/STM32F4xx_HAL_Driver/Src/stm32f4xx_hal_uart.c.obj
                0x08004126                HAL_UART_Transmit
 .text.HAL_UART_TxCpltCallback
                0x080041f2        0x2 CMakeFiles/bubing_RM2025.elf.dir/Drivers/STM32F4xx_HAL_Driver/Src/stm32f4xx_hal_uart.c.obj
                0x080041f2                HAL_UART_TxCpltCallback
 .text.UART_EndTransmit_IT
                0x080041f4       0x1a CMakeFiles/bubing_RM2025.elf.dir/Drivers/STM32F4xx_HAL_Driver/Src/stm32f4xx_hal_uart.c.obj
 .text.HAL_UART_RxCpltCallback
                0x0800420e        0x2 CMakeFiles/bubing_RM2025.elf.dir/Drivers/STM32F4xx_HAL_Driver/Src/stm32f4xx_hal_uart.c.obj
                0x0800420e                HAL_UART_RxCpltCallback
 .text.HAL_UART_ErrorCallback
                0x08004210        0x2 CMakeFiles/bubing_RM2025.elf.dir/Drivers/STM32F4xx_HAL_Driver/Src/stm32f4xx_hal_uart.c.obj
                0x08004210                HAL_UART_ErrorCallback
 .text.UART_DMAAbortOnError
                0x08004212       0x10 CMakeFiles/bubing_RM2025.elf.dir/Drivers/STM32F4xx_HAL_Driver/Src/stm32f4xx_hal_uart.c.obj
 .text.HAL_UARTEx_RxEventCallback
                0x08004222        0x2 CMakeFiles/bubing_RM2025.elf.dir/Drivers/STM32F4xx_HAL_Driver/Src/stm32f4xx_hal_uart.c.obj
                0x08004222                HAL_UARTEx_RxEventCallback
 .text.UART_Receive_IT
                0x08004224       0xe6 CMakeFiles/bubing_RM2025.elf.dir/Drivers/STM32F4xx_HAL_Driver/Src/stm32f4xx_hal_uart.c.obj
 *fill*         0x0800430a        0x2 
 .text.HAL_UART_IRQHandler
                0x0800430c      0x284 CMakeFiles/bubing_RM2025.elf.dir/Drivers/STM32F4xx_HAL_Driver/Src/stm32f4xx_hal_uart.c.obj
                0x0800430c                HAL_UART_IRQHandler
 .text.makeFreeRtosPriority
                0x08004590        0xc CMakeFiles/bubing_RM2025.elf.dir/Middlewares/Third_Party/FreeRTOS/Source/CMSIS_RTOS/cmsis_os.c.obj
 .text.osKernelStart
                0x0800459c        0xa CMakeFiles/bubing_RM2025.elf.dir/Middlewares/Third_Party/FreeRTOS/Source/CMSIS_RTOS/cmsis_os.c.obj
                0x0800459c                osKernelStart
 .text.osThreadCreate
                0x080045a6       0x66 CMakeFiles/bubing_RM2025.elf.dir/Middlewares/Third_Party/FreeRTOS/Source/CMSIS_RTOS/cmsis_os.c.obj
                0x080045a6                osThreadCreate
 .text.osDelay  0x0800460c        0xe CMakeFiles/bubing_RM2025.elf.dir/Middlewares/Third_Party/FreeRTOS/Source/CMSIS_RTOS/cmsis_os.c.obj
                0x0800460c                osDelay
 .text.vListInitialise
                0x0800461a       0x16 CMakeFiles/bubing_RM2025.elf.dir/Middlewares/Third_Party/FreeRTOS/Source/list.c.obj
                0x0800461a                vListInitialise
 .text.vListInitialiseItem
                0x08004630        0x6 CMakeFiles/bubing_RM2025.elf.dir/Middlewares/Third_Party/FreeRTOS/Source/list.c.obj
                0x08004630                vListInitialiseItem
 .text.vListInsertEnd
                0x08004636       0x16 CMakeFiles/bubing_RM2025.elf.dir/Middlewares/Third_Party/FreeRTOS/Source/list.c.obj
                0x08004636                vListInsertEnd
 .text.vListInsert
                0x0800464c       0x32 CMakeFiles/bubing_RM2025.elf.dir/Middlewares/Third_Party/FreeRTOS/Source/list.c.obj
                0x0800464c                vListInsert
 .text.uxListRemove
                0x0800467e       0x26 CMakeFiles/bubing_RM2025.elf.dir/Middlewares/Third_Party/FreeRTOS/Source/list.c.obj
                0x0800467e                uxListRemove
 .text.prvTaskExitError
                0x080046a4       0x40 CMakeFiles/bubing_RM2025.elf.dir/Middlewares/Third_Party/FreeRTOS/Source/portable/GCC/ARM_CM4F/port.c.obj
 .text.prvPortStartFirstTask
                0x080046e4       0x28 CMakeFiles/bubing_RM2025.elf.dir/Middlewares/Third_Party/FreeRTOS/Source/portable/GCC/ARM_CM4F/port.c.obj
 .text.vPortEnableVFP
                0x0800470c       0x14 CMakeFiles/bubing_RM2025.elf.dir/Middlewares/Third_Party/FreeRTOS/Source/portable/GCC/ARM_CM4F/port.c.obj
 .text.pxPortInitialiseStack
                0x08004720       0x2c CMakeFiles/bubing_RM2025.elf.dir/Middlewares/Third_Party/FreeRTOS/Source/portable/GCC/ARM_CM4F/port.c.obj
                0x08004720                pxPortInitialiseStack
 *fill*         0x0800474c        0x4 
 .text.SVC_Handler
                0x08004750       0x24 CMakeFiles/bubing_RM2025.elf.dir/Middlewares/Third_Party/FreeRTOS/Source/portable/GCC/ARM_CM4F/port.c.obj
                0x08004750                SVC_Handler
 .text.vPortEnterCritical
                0x08004774       0x44 CMakeFiles/bubing_RM2025.elf.dir/Middlewares/Third_Party/FreeRTOS/Source/portable/GCC/ARM_CM4F/port.c.obj
                0x08004774                vPortEnterCritical
 .text.vPortExitCritical
                0x080047b8       0x2c CMakeFiles/bubing_RM2025.elf.dir/Middlewares/Third_Party/FreeRTOS/Source/portable/GCC/ARM_CM4F/port.c.obj
                0x080047b8                vPortExitCritical
 *fill*         0x080047e4        0xc 
 .text.PendSV_Handler
                0x080047f0       0x64 CMakeFiles/bubing_RM2025.elf.dir/Middlewares/Third_Party/FreeRTOS/Source/portable/GCC/ARM_CM4F/port.c.obj
                0x080047f0                PendSV_Handler
 .text.SysTick_Handler
                0x08004854       0x2c CMakeFiles/bubing_RM2025.elf.dir/Middlewares/Third_Party/FreeRTOS/Source/portable/GCC/ARM_CM4F/port.c.obj
                0x08004854                SysTick_Handler
 .text.vPortSetupTimerInterrupt
                0x08004880       0x28 CMakeFiles/bubing_RM2025.elf.dir/Middlewares/Third_Party/FreeRTOS/Source/portable/GCC/ARM_CM4F/port.c.obj
                0x08004880                vPortSetupTimerInterrupt
 .text.xPortStartScheduler
                0x080048a8      0x118 CMakeFiles/bubing_RM2025.elf.dir/Middlewares/Third_Party/FreeRTOS/Source/portable/GCC/ARM_CM4F/port.c.obj
                0x080048a8                xPortStartScheduler
 .text.prvHeapInit
                0x080049c0       0x64 CMakeFiles/bubing_RM2025.elf.dir/Middlewares/Third_Party/FreeRTOS/Source/portable/MemMang/heap_4.c.obj
 .text.prvInsertBlockIntoFreeList
                0x08004a24       0x64 CMakeFiles/bubing_RM2025.elf.dir/Middlewares/Third_Party/FreeRTOS/Source/portable/MemMang/heap_4.c.obj
 .text.pvPortMalloc
                0x08004a88      0x104 CMakeFiles/bubing_RM2025.elf.dir/Middlewares/Third_Party/FreeRTOS/Source/portable/MemMang/heap_4.c.obj
                0x08004a88                pvPortMalloc
 .text.vPortFree
                0x08004b8c       0x7c CMakeFiles/bubing_RM2025.elf.dir/Middlewares/Third_Party/FreeRTOS/Source/portable/MemMang/heap_4.c.obj
                0x08004b8c                vPortFree
 .text.prvResetNextTaskUnblockTime
                0x08004c08       0x2c CMakeFiles/bubing_RM2025.elf.dir/Middlewares/Third_Party/FreeRTOS/Source/tasks.c.obj
 .text.prvInitialiseNewTask
                0x08004c34       0xfc CMakeFiles/bubing_RM2025.elf.dir/Middlewares/Third_Party/FreeRTOS/Source/tasks.c.obj
 .text.prvInitialiseTaskLists
                0x08004d30       0x68 CMakeFiles/bubing_RM2025.elf.dir/Middlewares/Third_Party/FreeRTOS/Source/tasks.c.obj
 .text.prvAddNewTaskToReadyList
                0x08004d98       0xa8 CMakeFiles/bubing_RM2025.elf.dir/Middlewares/Third_Party/FreeRTOS/Source/tasks.c.obj
 .text.prvDeleteTCB
                0x08004e40       0x40 CMakeFiles/bubing_RM2025.elf.dir/Middlewares/Third_Party/FreeRTOS/Source/tasks.c.obj
 .text.prvCheckTasksWaitingTermination
                0x08004e80       0x4c CMakeFiles/bubing_RM2025.elf.dir/Middlewares/Third_Party/FreeRTOS/Source/tasks.c.obj
 .text.prvIdleTask
                0x08004ecc       0x28 CMakeFiles/bubing_RM2025.elf.dir/Middlewares/Third_Party/FreeRTOS/Source/tasks.c.obj
 .text.prvAddCurrentTaskToDelayedList
                0x08004ef4       0x98 CMakeFiles/bubing_RM2025.elf.dir/Middlewares/Third_Party/FreeRTOS/Source/tasks.c.obj
 .text.xTaskCreateStatic
                0x08004f8c       0x7a CMakeFiles/bubing_RM2025.elf.dir/Middlewares/Third_Party/FreeRTOS/Source/tasks.c.obj
                0x08004f8c                xTaskCreateStatic
 .text.xTaskCreate
                0x08005006       0x66 CMakeFiles/bubing_RM2025.elf.dir/Middlewares/Third_Party/FreeRTOS/Source/tasks.c.obj
                0x08005006                xTaskCreate
 .text.vTaskStartScheduler
                0x0800506c       0x84 CMakeFiles/bubing_RM2025.elf.dir/Middlewares/Third_Party/FreeRTOS/Source/tasks.c.obj
                0x0800506c                vTaskStartScheduler
 .text.vTaskSuspendAll
                0x080050f0       0x10 CMakeFiles/bubing_RM2025.elf.dir/Middlewares/Third_Party/FreeRTOS/Source/tasks.c.obj
                0x080050f0                vTaskSuspendAll
 .text.xTaskIncrementTick
                0x08005100      0x118 CMakeFiles/bubing_RM2025.elf.dir/Middlewares/Third_Party/FreeRTOS/Source/tasks.c.obj
                0x08005100                xTaskIncrementTick
 .text.xTaskResumeAll
                0x08005218       0xf8 CMakeFiles/bubing_RM2025.elf.dir/Middlewares/Third_Party/FreeRTOS/Source/tasks.c.obj
                0x08005218                xTaskResumeAll
 .text.vTaskDelay
                0x08005310       0x4c CMakeFiles/bubing_RM2025.elf.dir/Middlewares/Third_Party/FreeRTOS/Source/tasks.c.obj
                0x08005310                vTaskDelay
 .text.vTaskSwitchContext
                0x0800535c       0xa4 CMakeFiles/bubing_RM2025.elf.dir/Middlewares/Third_Party/FreeRTOS/Source/tasks.c.obj
                0x0800535c                vTaskSwitchContext
 .text.HAL_CAN_RxFifo0MsgPendingCallback
                0x08005400      0x374 CMakeFiles/bubing_RM2025.elf.dir/code_mf/Src/CAN_receive.c.obj
                0x08005400                HAL_CAN_RxFifo0MsgPendingCallback
 .text.HAL_CAN_TxMailbox0CompleteCallback
                0x08005774        0x2 CMakeFiles/bubing_RM2025.elf.dir/code_mf/Src/CAN_receive.c.obj
                0x08005774                HAL_CAN_TxMailbox0CompleteCallback
 .text.HAL_CAN_TxMailbox1CompleteCallback
                0x08005776        0x2 CMakeFiles/bubing_RM2025.elf.dir/code_mf/Src/CAN_receive.c.obj
                0x08005776                HAL_CAN_TxMailbox1CompleteCallback
 .text.HAL_CAN_TxMailbox2CompleteCallback
                0x08005778        0x2 CMakeFiles/bubing_RM2025.elf.dir/code_mf/Src/CAN_receive.c.obj
                0x08005778                HAL_CAN_TxMailbox2CompleteCallback
 *fill*         0x0800577a        0x2 
 .text.CAN1_cmd_chassis_shoot
                0x0800577c       0x54 CMakeFiles/bubing_RM2025.elf.dir/code_mf/Src/CAN_receive.c.obj
                0x0800577c                CAN1_cmd_chassis_shoot
 .text.chassis_gyro_pitch_angle_pid_init
                0x080057d0       0x24 CMakeFiles/bubing_RM2025.elf.dir/code_mf/Src/CHASSIS_TASK.c.obj
                0x080057d0                chassis_gyro_pitch_angle_pid_init
 .text.chassis_gyro_pitch_angle_pid_loop
                0x080057f4       0x24 CMakeFiles/bubing_RM2025.elf.dir/code_mf/Src/CHASSIS_TASK.c.obj
                0x080057f4                chassis_gyro_pitch_angle_pid_loop
 .text.chassis_gyro_pitch_speed_pid_init
                0x08005818       0x28 CMakeFiles/bubing_RM2025.elf.dir/code_mf/Src/CHASSIS_TASK.c.obj
                0x08005818                chassis_gyro_pitch_speed_pid_init
 .text.chassis_gyro_pitch_speed_pid_loop
                0x08005840       0x24 CMakeFiles/bubing_RM2025.elf.dir/code_mf/Src/CHASSIS_TASK.c.obj
                0x08005840                chassis_gyro_pitch_speed_pid_loop
 .text.chassis_stand_loop
                0x08005864       0x6c CMakeFiles/bubing_RM2025.elf.dir/code_mf/Src/CHASSIS_TASK.c.obj
                0x08005864                chassis_stand_loop
 .text.chassis_DM8009_01_speed_pid_init
                0x080058d0       0x24 CMakeFiles/bubing_RM2025.elf.dir/code_mf/Src/CHASSIS_TASK.c.obj
                0x080058d0                chassis_DM8009_01_speed_pid_init
 .text.chassis_DM8009_01_speed_pid_loop
                0x080058f4       0x24 CMakeFiles/bubing_RM2025.elf.dir/code_mf/Src/CHASSIS_TASK.c.obj
                0x080058f4                chassis_DM8009_01_speed_pid_loop
 .text.chassis_DM8009_01_angle_pid_init
                0x08005918       0x24 CMakeFiles/bubing_RM2025.elf.dir/code_mf/Src/CHASSIS_TASK.c.obj
                0x08005918                chassis_DM8009_01_angle_pid_init
 .text.chassis_DM8009_01_angle_pid_loop
                0x0800593c       0x24 CMakeFiles/bubing_RM2025.elf.dir/code_mf/Src/CHASSIS_TASK.c.obj
                0x0800593c                chassis_DM8009_01_angle_pid_loop
 .text.chassis_DM8009_02_speed_pid_init
                0x08005960       0x24 CMakeFiles/bubing_RM2025.elf.dir/code_mf/Src/CHASSIS_TASK.c.obj
                0x08005960                chassis_DM8009_02_speed_pid_init
 .text.chassis_DM8009_02_speed_pid_loop
                0x08005984       0x24 CMakeFiles/bubing_RM2025.elf.dir/code_mf/Src/CHASSIS_TASK.c.obj
                0x08005984                chassis_DM8009_02_speed_pid_loop
 .text.chassis_DM8009_02_angle_pid_init
                0x080059a8       0x24 CMakeFiles/bubing_RM2025.elf.dir/code_mf/Src/CHASSIS_TASK.c.obj
                0x080059a8                chassis_DM8009_02_angle_pid_init
 .text.chassis_DM8009_02_angle_pid_loop
                0x080059cc       0x24 CMakeFiles/bubing_RM2025.elf.dir/code_mf/Src/CHASSIS_TASK.c.obj
                0x080059cc                chassis_DM8009_02_angle_pid_loop
 .text.chassis_DM8009_03_speed_pid_init
                0x080059f0       0x24 CMakeFiles/bubing_RM2025.elf.dir/code_mf/Src/CHASSIS_TASK.c.obj
                0x080059f0                chassis_DM8009_03_speed_pid_init
 .text.chassis_DM8009_03_speed_pid_loop
                0x08005a14       0x24 CMakeFiles/bubing_RM2025.elf.dir/code_mf/Src/CHASSIS_TASK.c.obj
                0x08005a14                chassis_DM8009_03_speed_pid_loop
 .text.chassis_DM8009_03_angle_pid_init
                0x08005a38       0x24 CMakeFiles/bubing_RM2025.elf.dir/code_mf/Src/CHASSIS_TASK.c.obj
                0x08005a38                chassis_DM8009_03_angle_pid_init
 .text.chassis_DM8009_03_angle_pid_loop
                0x08005a5c       0x24 CMakeFiles/bubing_RM2025.elf.dir/code_mf/Src/CHASSIS_TASK.c.obj
                0x08005a5c                chassis_DM8009_03_angle_pid_loop
 .text.chassis_DM8009_04_speed_pid_init
                0x08005a80       0x24 CMakeFiles/bubing_RM2025.elf.dir/code_mf/Src/CHASSIS_TASK.c.obj
                0x08005a80                chassis_DM8009_04_speed_pid_init
 .text.chassis_DM8009_04_speed_pid_loop
                0x08005aa4       0x24 CMakeFiles/bubing_RM2025.elf.dir/code_mf/Src/CHASSIS_TASK.c.obj
                0x08005aa4                chassis_DM8009_04_speed_pid_loop
 .text.chassis_DM8009_04_angle_pid_init
                0x08005ac8       0x24 CMakeFiles/bubing_RM2025.elf.dir/code_mf/Src/CHASSIS_TASK.c.obj
                0x08005ac8                chassis_DM8009_04_angle_pid_init
 .text.chassis_DM8009_04_angle_pid_loop
                0x08005aec       0x24 CMakeFiles/bubing_RM2025.elf.dir/code_mf/Src/CHASSIS_TASK.c.obj
                0x08005aec                chassis_DM8009_04_angle_pid_loop
 .text.chassis_DM_motor_pid_loop
                0x08005b10       0x6c CMakeFiles/bubing_RM2025.elf.dir/code_mf/Src/CHASSIS_TASK.c.obj
                0x08005b10                chassis_DM_motor_pid_loop
 .text.CHASSIS_TASK
                0x08005b7c      0x100 CMakeFiles/bubing_RM2025.elf.dir/code_mf/Src/CHASSIS_TASK.c.obj
                0x08005b7c                CHASSIS_TASK
 .text.IMU_UpdateAccel
                0x08005c7c       0x88 CMakeFiles/bubing_RM2025.elf.dir/code_mf/Src/DM_IMU.c.obj
                0x08005c7c                IMU_UpdateAccel
 .text.IMU_UpdateGyro
                0x08005d04       0x88 CMakeFiles/bubing_RM2025.elf.dir/code_mf/Src/DM_IMU.c.obj
                0x08005d04                IMU_UpdateGyro
 .text.IMU_UpdateEuler
                0x08005d8c       0x88 CMakeFiles/bubing_RM2025.elf.dir/code_mf/Src/DM_IMU.c.obj
                0x08005d8c                IMU_UpdateEuler
 .text.IMU_UpdateQuaternion
                0x08005e14       0x98 CMakeFiles/bubing_RM2025.elf.dir/code_mf/Src/DM_IMU.c.obj
                0x08005e14                IMU_UpdateQuaternion
 .text.IMU_UpdateData
                0x08005eac       0x2a CMakeFiles/bubing_RM2025.elf.dir/code_mf/Src/DM_IMU.c.obj
                0x08005eac                IMU_UpdateData
 *fill*         0x08005ed6        0x2 
 .text.IMU_DATA_GET
                0x08005ed8       0x70 CMakeFiles/bubing_RM2025.elf.dir/code_mf/Src/IMU_DATA_GET.c.obj
                0x08005ed8                IMU_DATA_GET
 .text.board_LED
                0x08005f48       0x40 CMakeFiles/bubing_RM2025.elf.dir/code_mf/Src/board_LED.c.obj
                0x08005f48                board_LED
 .text.can_filter_init
                0x08005f88       0x6c CMakeFiles/bubing_RM2025.elf.dir/code_mf/Src/bsp_can.c.obj
                0x08005f88                can_filter_init
 .text.RC_init  0x08005ff4       0x68 CMakeFiles/bubing_RM2025.elf.dir/code_mf/Src/bsp_rc.c.obj
                0x08005ff4                RC_init
 .text.DM_ALL_STOP
                0x0800605c       0xdc CMakeFiles/bubing_RM2025.elf.dir/code_mf/Src/can_sent.c.obj
                0x0800605c                DM_ALL_STOP
 .text.DM_CAN_SENT
                0x08006138      0x190 CMakeFiles/bubing_RM2025.elf.dir/code_mf/Src/can_sent.c.obj
                0x08006138                DM_CAN_SENT
 .text.dm_motor_init
                0x080062c8       0x74 CMakeFiles/bubing_RM2025.elf.dir/code_mf/Src/dm_motor.c.obj
                0x080062c8                dm_motor_init
 .text.DMCanTransmit
                0x0800633c       0x50 CMakeFiles/bubing_RM2025.elf.dir/code_mf/Src/dm_motor.c.obj
                0x0800633c                DMCanTransmit
 .text.dm_motor_mode_set
                0x0800638c       0x60 CMakeFiles/bubing_RM2025.elf.dir/code_mf/Src/dm_motor.c.obj
                0x0800638c                dm_motor_mode_set
 .text.float_to_uint
                0x080063ec       0x2a CMakeFiles/bubing_RM2025.elf.dir/code_mf/Src/dm_motor.c.obj
                0x080063ec                float_to_uint
 *fill*         0x08006416        0x2 
 .text.Dm_Can_Send
                0x08006418      0x250 CMakeFiles/bubing_RM2025.elf.dir/code_mf/Src/dm_motor.c.obj
                0x08006418                Dm_Can_Send
 .text.uint_to_float
                0x08006668       0x28 CMakeFiles/bubing_RM2025.elf.dir/code_mf/Src/dm_motor.c.obj
                0x08006668                uint_to_float
 .text.rc_connection_status
                0x08006690       0x2c CMakeFiles/bubing_RM2025.elf.dir/code_mf/Src/error_detection.c.obj
                0x08006690                rc_connection_status
 .text.error_detection
                0x080066bc        0xe CMakeFiles/bubing_RM2025.elf.dir/code_mf/Src/error_detection.c.obj
                0x080066bc                error_detection
 *fill*         0x080066ca        0x2 
 .text.get_rc   0x080066cc      0x228 CMakeFiles/bubing_RM2025.elf.dir/code_mf/Src/get_rc.c.obj
                0x080066cc                get_rc
 .text.PID_init
                0x080068f4       0x32 CMakeFiles/bubing_RM2025.elf.dir/code_mf/Src/pid.c.obj
                0x080068f4                PID_init
 *fill*         0x08006926        0x2 
 .text.PID_calc
                0x08006928      0x158 CMakeFiles/bubing_RM2025.elf.dir/code_mf/Src/pid.c.obj
                0x08006928                PID_calc
 .text.sbus_to_rc
                0x08006a80       0xde CMakeFiles/bubing_RM2025.elf.dir/code_mf/Src/remote_control.c.obj
 *fill*         0x08006b5e        0x2 
 .text.remote_control_init
                0x08006b60       0x14 CMakeFiles/bubing_RM2025.elf.dir/code_mf/Src/remote_control.c.obj
                0x08006b60                remote_control_init
 .text.get_remote_control_point
                0x08006b74        0x8 CMakeFiles/bubing_RM2025.elf.dir/code_mf/Src/remote_control.c.obj
                0x08006b74                get_remote_control_point
 .text.USART3_IRQHandler
                0x08006b7c       0xf0 CMakeFiles/bubing_RM2025.elf.dir/code_mf/Src/remote_control.c.obj
                0x08006b7c                USART3_IRQHandler
 .text.usart6_printf
                0x08006c6c       0x40 CMakeFiles/bubing_RM2025.elf.dir/code_mf/Src/uart_printf.c.obj
                0x08006c6c                usart6_printf
 .text.uart_sent_debug
                0x08006cac       0x3c CMakeFiles/bubing_RM2025.elf.dir/code_mf/Src/uart_sent.c.obj
                0x08006cac                uart_sent_debug
 .text.__udivmoddi4
                0x08006ce8      0x2bc C:/CLionToolchains/gcc-arm-none-eabi-10.3-2021.10/bin/../lib/gcc/arm-none-eabi/13.3.1/thumb/v7e-m+fp/hard\libgcc.a(_udivmoddi4.o)
                0x08006ce8                __udivmoddi4
 .text.stdio_exit_handler
                0x08006fa4       0x18 C:/CLionToolchains/gcc-arm-none-eabi-10.3-2021.10/bin/../lib/gcc/arm-none-eabi/13.3.1/thumb/v7e-m+fp/hard\libg.a(libc_a-findfp.o)
 .text.cleanup_stdio
                0x08006fbc       0x40 C:/CLionToolchains/gcc-arm-none-eabi-10.3-2021.10/bin/../lib/gcc/arm-none-eabi/13.3.1/thumb/v7e-m+fp/hard\libg.a(libc_a-findfp.o)
 .text.global_stdio_init.part.0
                0x08006ffc       0xf0 C:/CLionToolchains/gcc-arm-none-eabi-10.3-2021.10/bin/../lib/gcc/arm-none-eabi/13.3.1/thumb/v7e-m+fp/hard\libg.a(libc_a-findfp.o)
 .text.__sinit  0x080070ec       0x3c C:/CLionToolchains/gcc-arm-none-eabi-10.3-2021.10/bin/../lib/gcc/arm-none-eabi/13.3.1/thumb/v7e-m+fp/hard\libg.a(libc_a-findfp.o)
                0x080070ec                __sinit
 .text.__sfp_lock_acquire
                0x08007128        0xc C:/CLionToolchains/gcc-arm-none-eabi-10.3-2021.10/bin/../lib/gcc/arm-none-eabi/13.3.1/thumb/v7e-m+fp/hard\libg.a(libc_a-findfp.o)
                0x08007128                __sfp_lock_acquire
 .text.__sfp_lock_release
                0x08007134        0xc C:/CLionToolchains/gcc-arm-none-eabi-10.3-2021.10/bin/../lib/gcc/arm-none-eabi/13.3.1/thumb/v7e-m+fp/hard\libg.a(libc_a-findfp.o)
                0x08007134                __sfp_lock_release
 .text._fwalk_sglue
                0x08007140       0x44 C:/CLionToolchains/gcc-arm-none-eabi-10.3-2021.10/bin/../lib/gcc/arm-none-eabi/13.3.1/thumb/v7e-m+fp/hard\libg.a(libc_a-fwalk.o)
                0x08007140                _fwalk_sglue
 .text.__sread  0x08007184       0x24 C:/CLionToolchains/gcc-arm-none-eabi-10.3-2021.10/bin/../lib/gcc/arm-none-eabi/13.3.1/thumb/v7e-m+fp/hard\libg.a(libc_a-stdio.o)
                0x08007184                __sread
 .text.__swrite
                0x080071a8       0x40 C:/CLionToolchains/gcc-arm-none-eabi-10.3-2021.10/bin/../lib/gcc/arm-none-eabi/13.3.1/thumb/v7e-m+fp/hard\libg.a(libc_a-stdio.o)
                0x080071a8                __swrite
 .text.__sseek  0x080071e8       0x24 C:/CLionToolchains/gcc-arm-none-eabi-10.3-2021.10/bin/../lib/gcc/arm-none-eabi/13.3.1/thumb/v7e-m+fp/hard\libg.a(libc_a-stdio.o)
                0x080071e8                __sseek
 .text.__sclose
                0x0800720c        0x8 C:/CLionToolchains/gcc-arm-none-eabi-10.3-2021.10/bin/../lib/gcc/arm-none-eabi/13.3.1/thumb/v7e-m+fp/hard\libg.a(libc_a-stdio.o)
                0x0800720c                __sclose
 .text.vsprintf
                0x08007214       0x38 C:/CLionToolchains/gcc-arm-none-eabi-10.3-2021.10/bin/../lib/gcc/arm-none-eabi/13.3.1/thumb/v7e-m+fp/hard\libg.a(libc_a-vsprintf.o)
                0x08007214                vsprintf
 .text.memset   0x0800724c       0xa4 C:/CLionToolchains/gcc-arm-none-eabi-10.3-2021.10/bin/../lib/gcc/arm-none-eabi/13.3.1/thumb/v7e-m+fp/hard\libg.a(libc_a-memset.o)
                0x0800724c                memset
 .text._close_r
                0x080072f0       0x24 C:/CLionToolchains/gcc-arm-none-eabi-10.3-2021.10/bin/../lib/gcc/arm-none-eabi/13.3.1/thumb/v7e-m+fp/hard\libg.a(libc_a-closer.o)
                0x080072f0                _close_r
 .text._reclaim_reent
                0x08007314       0x6c C:/CLionToolchains/gcc-arm-none-eabi-10.3-2021.10/bin/../lib/gcc/arm-none-eabi/13.3.1/thumb/v7e-m+fp/hard\libg.a(libc_a-reent.o)
                0x08007314                _reclaim_reent
 .text._lseek_r
                0x08007380       0x2c C:/CLionToolchains/gcc-arm-none-eabi-10.3-2021.10/bin/../lib/gcc/arm-none-eabi/13.3.1/thumb/v7e-m+fp/hard\libg.a(libc_a-lseekr.o)
                0x08007380                _lseek_r
 .text._read_r  0x080073ac       0x2c C:/CLionToolchains/gcc-arm-none-eabi-10.3-2021.10/bin/../lib/gcc/arm-none-eabi/13.3.1/thumb/v7e-m+fp/hard\libg.a(libc_a-readr.o)
                0x080073ac                _read_r
 .text._write_r
                0x080073d8       0x2c C:/CLionToolchains/gcc-arm-none-eabi-10.3-2021.10/bin/../lib/gcc/arm-none-eabi/13.3.1/thumb/v7e-m+fp/hard\libg.a(libc_a-writer.o)
                0x080073d8                _write_r
 .text.__errno  0x08007404        0xc C:/CLionToolchains/gcc-arm-none-eabi-10.3-2021.10/bin/../lib/gcc/arm-none-eabi/13.3.1/thumb/v7e-m+fp/hard\libg.a(libc_a-errno.o)
                0x08007404                __errno
 .text.__libc_init_array
                0x08007410       0x50 C:/CLionToolchains/gcc-arm-none-eabi-10.3-2021.10/bin/../lib/gcc/arm-none-eabi/13.3.1/thumb/v7e-m+fp/hard\libg.a(libc_a-init.o)
                0x08007410                __libc_init_array
 .text.__retarget_lock_init_recursive
                0x08007460        0x4 C:/CLionToolchains/gcc-arm-none-eabi-10.3-2021.10/bin/../lib/gcc/arm-none-eabi/13.3.1/thumb/v7e-m+fp/hard\libg.a(libc_a-lock.o)
                0x08007460                __retarget_lock_init_recursive
 .text.__retarget_lock_close_recursive
                0x08007464        0x4 C:/CLionToolchains/gcc-arm-none-eabi-10.3-2021.10/bin/../lib/gcc/arm-none-eabi/13.3.1/thumb/v7e-m+fp/hard\libg.a(libc_a-lock.o)
                0x08007464                __retarget_lock_close_recursive
 .text.__retarget_lock_acquire_recursive
                0x08007468        0x4 C:/CLionToolchains/gcc-arm-none-eabi-10.3-2021.10/bin/../lib/gcc/arm-none-eabi/13.3.1/thumb/v7e-m+fp/hard\libg.a(libc_a-lock.o)
                0x08007468                __retarget_lock_acquire_recursive
 .text.__retarget_lock_release_recursive
                0x0800746c        0x4 C:/CLionToolchains/gcc-arm-none-eabi-10.3-2021.10/bin/../lib/gcc/arm-none-eabi/13.3.1/thumb/v7e-m+fp/hard\libg.a(libc_a-lock.o)
                0x0800746c                __retarget_lock_release_recursive
 .text.startup.register_fini
                0x08007470       0x14 C:/CLionToolchains/gcc-arm-none-eabi-10.3-2021.10/bin/../lib/gcc/arm-none-eabi/13.3.1/thumb/v7e-m+fp/hard\libg.a(libc_a-__call_atexit.o)
 .text.atexit   0x08007484        0xc C:/CLionToolchains/gcc-arm-none-eabi-10.3-2021.10/bin/../lib/gcc/arm-none-eabi/13.3.1/thumb/v7e-m+fp/hard\libg.a(libc_a-atexit.o)
                0x08007484                atexit
 .text._malloc_trim_r
                0x08007490       0xb8 C:/CLionToolchains/gcc-arm-none-eabi-10.3-2021.10/bin/../lib/gcc/arm-none-eabi/13.3.1/thumb/v7e-m+fp/hard\libg.a(libc_a-freer.o)
                0x08007490                _malloc_trim_r
 .text._free_r  0x08007548      0x1f8 C:/CLionToolchains/gcc-arm-none-eabi-10.3-2021.10/bin/../lib/gcc/arm-none-eabi/13.3.1/thumb/v7e-m+fp/hard\libg.a(libc_a-freer.o)
                0x08007548                _free_r
 .text._malloc_r
                0x08007740      0x564 C:/CLionToolchains/gcc-arm-none-eabi-10.3-2021.10/bin/../lib/gcc/arm-none-eabi/13.3.1/thumb/v7e-m+fp/hard\libg.a(libc_a-mallocr.o)
                0x08007740                _malloc_r
 .text.__malloc_lock
                0x08007ca4        0xc C:/CLionToolchains/gcc-arm-none-eabi-10.3-2021.10/bin/../lib/gcc/arm-none-eabi/13.3.1/thumb/v7e-m+fp/hard\libg.a(libc_a-mlock.o)
                0x08007ca4                __malloc_lock
 .text.__malloc_unlock
                0x08007cb0        0xc C:/CLionToolchains/gcc-arm-none-eabi-10.3-2021.10/bin/../lib/gcc/arm-none-eabi/13.3.1/thumb/v7e-m+fp/hard\libg.a(libc_a-mlock.o)
                0x08007cb0                __malloc_unlock
 *fill*         0x08007cbc        0x4 
 .text._svfprintf_r
                0x08007cc0     0x1b3c C:/CLionToolchains/gcc-arm-none-eabi-10.3-2021.10/bin/../lib/gcc/arm-none-eabi/13.3.1/thumb/v7e-m+fp/hard\libg.a(libc_a-svfprintf.o)
                0x08007cc0                _svfprintf_r
 .text.__ssprint_r
                0x080097fc       0x58 C:/CLionToolchains/gcc-arm-none-eabi-10.3-2021.10/bin/../lib/gcc/arm-none-eabi/13.3.1/thumb/v7e-m+fp/hard\libg.a(libc_a-ssprint_r.o)
                0x080097fc                __ssprint_r
 .text._fclose_r
                0x08009854       0xc0 C:/CLionToolchains/gcc-arm-none-eabi-10.3-2021.10/bin/../lib/gcc/arm-none-eabi/13.3.1/thumb/v7e-m+fp/hard\libg.a(libc_a-fclose.o)
                0x08009854                _fclose_r
 .text.__sflush_r
                0x08009914      0x138 C:/CLionToolchains/gcc-arm-none-eabi-10.3-2021.10/bin/../lib/gcc/arm-none-eabi/13.3.1/thumb/v7e-m+fp/hard\libg.a(libc_a-fflush.o)
                0x08009914                __sflush_r
 .text._fflush_r
                0x08009a4c       0x54 C:/CLionToolchains/gcc-arm-none-eabi-10.3-2021.10/bin/../lib/gcc/arm-none-eabi/13.3.1/thumb/v7e-m+fp/hard\libg.a(libc_a-fflush.o)
                0x08009a4c                _fflush_r
 .text.strncpy  0x08009aa0       0x68 C:/CLionToolchains/gcc-arm-none-eabi-10.3-2021.10/bin/../lib/gcc/arm-none-eabi/13.3.1/thumb/v7e-m+fp/hard\libg.a(libc_a-strncpy.o)
                0x08009aa0                strncpy
 .text.__locale_mb_cur_max
                0x08009b08        0xc C:/CLionToolchains/gcc-arm-none-eabi-10.3-2021.10/bin/../lib/gcc/arm-none-eabi/13.3.1/thumb/v7e-m+fp/hard\libg.a(libc_a-locale.o)
                0x08009b08                __locale_mb_cur_max
 .text._localeconv_r
                0x08009b14        0x8 C:/CLionToolchains/gcc-arm-none-eabi-10.3-2021.10/bin/../lib/gcc/arm-none-eabi/13.3.1/thumb/v7e-m+fp/hard\libg.a(libc_a-localeconv.o)
                0x08009b14                _localeconv_r
 .text._sbrk_r  0x08009b1c       0x24 C:/CLionToolchains/gcc-arm-none-eabi-10.3-2021.10/bin/../lib/gcc/arm-none-eabi/13.3.1/thumb/v7e-m+fp/hard\libg.a(libc_a-sbrkr.o)
                0x08009b1c                _sbrk_r
 .text.__libc_fini_array
                0x08009b40       0x28 C:/CLionToolchains/gcc-arm-none-eabi-10.3-2021.10/bin/../lib/gcc/arm-none-eabi/13.3.1/thumb/v7e-m+fp/hard\libg.a(libc_a-fini.o)
                0x08009b40                __libc_fini_array
 .text.sysconf  0x08009b68       0x1c C:/CLionToolchains/gcc-arm-none-eabi-10.3-2021.10/bin/../lib/gcc/arm-none-eabi/13.3.1/thumb/v7e-m+fp/hard\libg.a(libc_a-sysconf.o)
                0x08009b68                sysconf
 .text.frexp    0x08009b84       0x64 C:/CLionToolchains/gcc-arm-none-eabi-10.3-2021.10/bin/../lib/gcc/arm-none-eabi/13.3.1/thumb/v7e-m+fp/hard\libg.a(libm_a-s_frexp.o)
                0x08009b84                frexp
 .text.__register_exitproc
                0x08009be8       0x80 C:/CLionToolchains/gcc-arm-none-eabi-10.3-2021.10/bin/../lib/gcc/arm-none-eabi/13.3.1/thumb/v7e-m+fp/hard\libg.a(libc_a-__atexit.o)
                0x08009be8                __register_exitproc
 .text.quorem   0x08009c68      0x12c C:/CLionToolchains/gcc-arm-none-eabi-10.3-2021.10/bin/../lib/gcc/arm-none-eabi/13.3.1/thumb/v7e-m+fp/hard\libg.a(libc_a-dtoa.o)
 *fill*         0x08009d94        0x4 
 .text._dtoa_r  0x08009d98      0xe80 C:/CLionToolchains/gcc-arm-none-eabi-10.3-2021.10/bin/../lib/gcc/arm-none-eabi/13.3.1/thumb/v7e-m+fp/hard\libg.a(libc_a-dtoa.o)
                0x08009d98                _dtoa_r
 .text.__ascii_mbtowc
                0x0800ac18       0x2c C:/CLionToolchains/gcc-arm-none-eabi-10.3-2021.10/bin/../lib/gcc/arm-none-eabi/13.3.1/thumb/v7e-m+fp/hard\libg.a(libc_a-mbtowc_r.o)
                0x0800ac18                __ascii_mbtowc
 .text._Balloc  0x0800ac44       0x4c C:/CLionToolchains/gcc-arm-none-eabi-10.3-2021.10/bin/../lib/gcc/arm-none-eabi/13.3.1/thumb/v7e-m+fp/hard\libg.a(libc_a-mprec.o)
                0x0800ac44                _Balloc
 .text._Bfree   0x0800ac90       0x14 C:/CLionToolchains/gcc-arm-none-eabi-10.3-2021.10/bin/../lib/gcc/arm-none-eabi/13.3.1/thumb/v7e-m+fp/hard\libg.a(libc_a-mprec.o)
                0x0800ac90                _Bfree
 .text.__multadd
                0x0800aca4       0xa0 C:/CLionToolchains/gcc-arm-none-eabi-10.3-2021.10/bin/../lib/gcc/arm-none-eabi/13.3.1/thumb/v7e-m+fp/hard\libg.a(libc_a-mprec.o)
                0x0800aca4                __multadd
 .text.__hi0bits
                0x0800ad44       0x44 C:/CLionToolchains/gcc-arm-none-eabi-10.3-2021.10/bin/../lib/gcc/arm-none-eabi/13.3.1/thumb/v7e-m+fp/hard\libg.a(libc_a-mprec.o)
                0x0800ad44                __hi0bits
 .text.__lo0bits
                0x0800ad88       0x60 C:/CLionToolchains/gcc-arm-none-eabi-10.3-2021.10/bin/../lib/gcc/arm-none-eabi/13.3.1/thumb/v7e-m+fp/hard\libg.a(libc_a-mprec.o)
                0x0800ad88                __lo0bits
 .text.__i2b    0x0800ade8       0x5c C:/CLionToolchains/gcc-arm-none-eabi-10.3-2021.10/bin/../lib/gcc/arm-none-eabi/13.3.1/thumb/v7e-m+fp/hard\libg.a(libc_a-mprec.o)
                0x0800ade8                __i2b
 .text.__multiply
                0x0800ae44      0x16c C:/CLionToolchains/gcc-arm-none-eabi-10.3-2021.10/bin/../lib/gcc/arm-none-eabi/13.3.1/thumb/v7e-m+fp/hard\libg.a(libc_a-mprec.o)
                0x0800ae44                __multiply
 .text.__pow5mult
                0x0800afb0       0xb4 C:/CLionToolchains/gcc-arm-none-eabi-10.3-2021.10/bin/../lib/gcc/arm-none-eabi/13.3.1/thumb/v7e-m+fp/hard\libg.a(libc_a-mprec.o)
                0x0800afb0                __pow5mult
 .text.__lshift
                0x0800b064       0xf0 C:/CLionToolchains/gcc-arm-none-eabi-10.3-2021.10/bin/../lib/gcc/arm-none-eabi/13.3.1/thumb/v7e-m+fp/hard\libg.a(libc_a-mprec.o)
                0x0800b064                __lshift
 .text.__mcmp   0x0800b154       0x44 C:/CLionToolchains/gcc-arm-none-eabi-10.3-2021.10/bin/../lib/gcc/arm-none-eabi/13.3.1/thumb/v7e-m+fp/hard\libg.a(libc_a-mprec.o)
                0x0800b154                __mcmp
 .text.__mdiff  0x0800b198      0x178 C:/CLionToolchains/gcc-arm-none-eabi-10.3-2021.10/bin/../lib/gcc/arm-none-eabi/13.3.1/thumb/v7e-m+fp/hard\libg.a(libc_a-mprec.o)
                0x0800b198                __mdiff
 .text.__d2b    0x0800b310       0xc0 C:/CLionToolchains/gcc-arm-none-eabi-10.3-2021.10/bin/../lib/gcc/arm-none-eabi/13.3.1/thumb/v7e-m+fp/hard\libg.a(libc_a-mprec.o)
                0x0800b310                __d2b
 .text.__ascii_wctomb
                0x0800b3d0       0x1c C:/CLionToolchains/gcc-arm-none-eabi-10.3-2021.10/bin/../lib/gcc/arm-none-eabi/13.3.1/thumb/v7e-m+fp/hard\libg.a(libc_a-wctomb_r.o)
                0x0800b3d0                __ascii_wctomb
 .text._wcrtomb_r
                0x0800b3ec       0x4c C:/CLionToolchains/gcc-arm-none-eabi-10.3-2021.10/bin/../lib/gcc/arm-none-eabi/13.3.1/thumb/v7e-m+fp/hard\libg.a(libc_a-wcrtomb.o)
                0x0800b3ec                _wcrtomb_r
 .text._wcsrtombs_r
                0x0800b438       0x18 C:/CLionToolchains/gcc-arm-none-eabi-10.3-2021.10/bin/../lib/gcc/arm-none-eabi/13.3.1/thumb/v7e-m+fp/hard\libg.a(libc_a-wcsrtombs.o)
                0x0800b438                _wcsrtombs_r
 .text.__ssputs_r
                0x0800b450       0xc0 C:/CLionToolchains/gcc-arm-none-eabi-10.3-2021.10/bin/../lib/gcc/arm-none-eabi/13.3.1/thumb/v7e-m+fp/hard\libg.a(libc_a-ssputs_r.o)
                0x0800b450                __ssputs_r
 .text.memmove  0x0800b510      0x100 C:/CLionToolchains/gcc-arm-none-eabi-10.3-2021.10/bin/../lib/gcc/arm-none-eabi/13.3.1/thumb/v7e-m+fp/hard\libg.a(libc_a-memmove.o)
                0x0800b510                memmove
 .text.__assert_func
                0x0800b610       0x40 C:/CLionToolchains/gcc-arm-none-eabi-10.3-2021.10/bin/../lib/gcc/arm-none-eabi/13.3.1/thumb/v7e-m+fp/hard\libg.a(libc_a-assert.o)
                0x0800b610                __assert_func
 .text._calloc_r
                0x0800b650       0x6c C:/CLionToolchains/gcc-arm-none-eabi-10.3-2021.10/bin/../lib/gcc/arm-none-eabi/13.3.1/thumb/v7e-m+fp/hard\libg.a(libc_a-callocr.o)
                0x0800b650                _calloc_r
 .text._realloc_r
                0x0800b6bc      0x344 C:/CLionToolchains/gcc-arm-none-eabi-10.3-2021.10/bin/../lib/gcc/arm-none-eabi/13.3.1/thumb/v7e-m+fp/hard\libg.a(libc_a-reallocr.o)
                0x0800b6bc                _realloc_r
 .text._wcsnrtombs_l
                0x0800ba00       0xfc C:/CLionToolchains/gcc-arm-none-eabi-10.3-2021.10/bin/../lib/gcc/arm-none-eabi/13.3.1/thumb/v7e-m+fp/hard\libg.a(libc_a-wcsnrtombs.o)
                0x0800ba00                _wcsnrtombs_l
 .text._wcsnrtombs_r
                0x0800bafc       0x24 C:/CLionToolchains/gcc-arm-none-eabi-10.3-2021.10/bin/../lib/gcc/arm-none-eabi/13.3.1/thumb/v7e-m+fp/hard\libg.a(libc_a-wcsnrtombs.o)
                0x0800bafc                _wcsnrtombs_r
 .text.fiprintf
                0x0800bb20       0x28 C:/CLionToolchains/gcc-arm-none-eabi-10.3-2021.10/bin/../lib/gcc/arm-none-eabi/13.3.1/thumb/v7e-m+fp/hard\libg.a(libc_a-fiprintf.o)
                0x0800bb20                fiprintf
 .text._vfiprintf_r
                0x0800bb48      0xe68 C:/CLionToolchains/gcc-arm-none-eabi-10.3-2021.10/bin/../lib/gcc/arm-none-eabi/13.3.1/thumb/v7e-m+fp/hard\libg.a(libc_a-vfiprintf.o)
                0x0800bb48                _vfiprintf_r
 .text.__sbprintf
                0x0800c9b0       0x80 C:/CLionToolchains/gcc-arm-none-eabi-10.3-2021.10/bin/../lib/gcc/arm-none-eabi/13.3.1/thumb/v7e-m+fp/hard\libg.a(libc_a-vfiprintf.o)
 .text.__sprint_r
                0x0800ca30       0x20 C:/CLionToolchains/gcc-arm-none-eabi-10.3-2021.10/bin/../lib/gcc/arm-none-eabi/13.3.1/thumb/v7e-m+fp/hard\libg.a(libc_a-sprint_r.o)
                0x0800ca30                __sprint_r
 .text.__sfvwrite_r
                0x0800ca50      0x300 C:/CLionToolchains/gcc-arm-none-eabi-10.3-2021.10/bin/../lib/gcc/arm-none-eabi/13.3.1/thumb/v7e-m+fp/hard\libg.a(libc_a-fvwrite.o)
                0x0800ca50                __sfvwrite_r
 .text.__swsetup_r
                0x0800cd50       0xc4 C:/CLionToolchains/gcc-arm-none-eabi-10.3-2021.10/bin/../lib/gcc/arm-none-eabi/13.3.1/thumb/v7e-m+fp/hard\libg.a(libc_a-wsetup.o)
                0x0800cd50                __swsetup_r
 .text.abort    0x0800ce14       0x10 C:/CLionToolchains/gcc-arm-none-eabi-10.3-2021.10/bin/../lib/gcc/arm-none-eabi/13.3.1/thumb/v7e-m+fp/hard\libg.a(libc_a-abort.o)
                0x0800ce14                abort
 .text.__smakebuf_r
                0x0800ce24       0xdc C:/CLionToolchains/gcc-arm-none-eabi-10.3-2021.10/bin/../lib/gcc/arm-none-eabi/13.3.1/thumb/v7e-m+fp/hard\libg.a(libc_a-makebuf.o)
                0x0800ce24                __smakebuf_r
 .text.raise    0x0800cf00       0x58 C:/CLionToolchains/gcc-arm-none-eabi-10.3-2021.10/bin/../lib/gcc/arm-none-eabi/13.3.1/thumb/v7e-m+fp/hard\libg.a(libc_a-signal.o)
                0x0800cf00                raise
 .text._fstat_r
                0x0800cf58       0x2c C:/CLionToolchains/gcc-arm-none-eabi-10.3-2021.10/bin/../lib/gcc/arm-none-eabi/13.3.1/thumb/v7e-m+fp/hard\libg.a(libc_a-fstatr.o)
                0x0800cf58                _fstat_r
 .text._isatty_r
                0x0800cf84       0x24 C:/CLionToolchains/gcc-arm-none-eabi-10.3-2021.10/bin/../lib/gcc/arm-none-eabi/13.3.1/thumb/v7e-m+fp/hard\libg.a(libc_a-isattyr.o)
                0x0800cf84                _isatty_r
 .text._kill_r  0x0800cfa8       0x2c C:/CLionToolchains/gcc-arm-none-eabi-10.3-2021.10/bin/../lib/gcc/arm-none-eabi/13.3.1/thumb/v7e-m+fp/hard\libg.a(libc_a-signalr.o)
                0x0800cfa8                _kill_r
 .text._getpid_r
                0x0800cfd4        0x4 C:/CLionToolchains/gcc-arm-none-eabi-10.3-2021.10/bin/../lib/gcc/arm-none-eabi/13.3.1/thumb/v7e-m+fp/hard\libg.a(libc_a-signalr.o)
                0x0800cfd4                _getpid_r
 *(.glue_7)
 .glue_7        0x0800cfd8        0x0 linker stubs
 *(.glue_7t)
 .glue_7t       0x0800cfd8        0x0 linker stubs
 *(.eh_frame)
 .eh_frame      0x0800cfd8        0x0 C:/CLionToolchains/gcc-arm-none-eabi-10.3-2021.10/bin/../lib/gcc/arm-none-eabi/13.3.1/thumb/v7e-m+fp/hard/crtbegin.o
 *(.init)
 .init          0x0800cfd8        0x4 C:/CLionToolchains/gcc-arm-none-eabi-10.3-2021.10/bin/../lib/gcc/arm-none-eabi/13.3.1/thumb/v7e-m+fp/hard/crti.o
                0x0800cfd8                _init
 .init          0x0800cfdc        0x8 C:/CLionToolchains/gcc-arm-none-eabi-10.3-2021.10/bin/../lib/gcc/arm-none-eabi/13.3.1/thumb/v7e-m+fp/hard/crtn.o
 *(.fini)
 .fini          0x0800cfe4        0x4 C:/CLionToolchains/gcc-arm-none-eabi-10.3-2021.10/bin/../lib/gcc/arm-none-eabi/13.3.1/thumb/v7e-m+fp/hard/crti.o
                0x0800cfe4                _fini
 .fini          0x0800cfe8        0x8 C:/CLionToolchains/gcc-arm-none-eabi-10.3-2021.10/bin/../lib/gcc/arm-none-eabi/13.3.1/thumb/v7e-m+fp/hard/crtn.o
                0x0800cff0                        . = ALIGN (0x4)
                0x0800cff0                        _etext = .

.vfp11_veneer   0x0800cff0        0x0
 .vfp11_veneer  0x0800cff0        0x0 linker stubs

.v4_bx          0x0800cff0        0x0
 .v4_bx         0x0800cff0        0x0 linker stubs

.iplt           0x0800cff0        0x0
 .iplt          0x0800cff0        0x0 C:/CLionToolchains/gcc-arm-none-eabi-10.3-2021.10/bin/../lib/gcc/arm-none-eabi/13.3.1/thumb/v7e-m+fp/hard/crtbegin.o

.rodata         0x0800cff0      0x564
                0x0800cff0                        . = ALIGN (0x4)
 *(.rodata)
 .rodata        0x0800cff0       0xe0 CMakeFiles/bubing_RM2025.elf.dir/Core/Src/freertos.c.obj
 *(.rodata*)
 .rodata.str1.4
                0x0800d0d0      0x223 CMakeFiles/bubing_RM2025.elf.dir/Core/Src/freertos.c.obj
                                 0x60 (size before relaxing)
 *fill*         0x0800d2f3        0x1 
 .rodata.APBPrescTable
                0x0800d2f4        0x8 CMakeFiles/bubing_RM2025.elf.dir/Core/Src/system_stm32f4xx.c.obj
                0x0800d2f4                APBPrescTable
 .rodata.AHBPrescTable
                0x0800d2fc       0x10 CMakeFiles/bubing_RM2025.elf.dir/Core/Src/system_stm32f4xx.c.obj
                0x0800d2fc                AHBPrescTable
 .rodata.flagBitshiftOffset.0
                0x0800d30c        0x8 CMakeFiles/bubing_RM2025.elf.dir/Drivers/STM32F4xx_HAL_Driver/Src/stm32f4xx_hal_dma.c.obj
 .rodata.vTaskStartScheduler.str1.4
                0x0800d314        0x5 CMakeFiles/bubing_RM2025.elf.dir/Middlewares/Third_Party/FreeRTOS/Source/tasks.c.obj
 .rodata.dm_motor_mode_set.str1.4
                0x0800d314        0x8 CMakeFiles/bubing_RM2025.elf.dir/code_mf/Src/dm_motor.c.obj
 .rodata.uart_sent_debug.str1.4
                0x0800d314        0x9 CMakeFiles/bubing_RM2025.elf.dir/code_mf/Src/uart_sent.c.obj
 .rodata._svfprintf_r.str1.4
                0x0800d314       0x42 C:/CLionToolchains/gcc-arm-none-eabi-10.3-2021.10/bin/../lib/gcc/arm-none-eabi/13.3.1/thumb/v7e-m+fp/hard\libg.a(libc_a-svfprintf.o)
 .rodata.zeroes.0
                0x0800d314       0x10 C:/CLionToolchains/gcc-arm-none-eabi-10.3-2021.10/bin/../lib/gcc/arm-none-eabi/13.3.1/thumb/v7e-m+fp/hard\libg.a(libc_a-svfprintf.o)
 .rodata.blanks.1
                0x0800d324       0x10 C:/CLionToolchains/gcc-arm-none-eabi-10.3-2021.10/bin/../lib/gcc/arm-none-eabi/13.3.1/thumb/v7e-m+fp/hard\libg.a(libc_a-svfprintf.o)
 .rodata.str1.4
                0x0800d334       0x4c C:/CLionToolchains/gcc-arm-none-eabi-10.3-2021.10/bin/../lib/gcc/arm-none-eabi/13.3.1/thumb/v7e-m+fp/hard\libg.a(libc_a-locale.o)
 .rodata._dtoa_r.str1.4
                0x0800d334       0x81 C:/CLionToolchains/gcc-arm-none-eabi-10.3-2021.10/bin/../lib/gcc/arm-none-eabi/13.3.1/thumb/v7e-m+fp/hard\libg.a(libc_a-dtoa.o)
 .rodata.__multadd.str1.4
                0x0800d334       0x6e C:/CLionToolchains/gcc-arm-none-eabi-10.3-2021.10/bin/../lib/gcc/arm-none-eabi/13.3.1/thumb/v7e-m+fp/hard\libg.a(libc_a-mprec.o)
 .rodata.p05.0  0x0800d334        0xc C:/CLionToolchains/gcc-arm-none-eabi-10.3-2021.10/bin/../lib/gcc/arm-none-eabi/13.3.1/thumb/v7e-m+fp/hard\libg.a(libc_a-mprec.o)
 .rodata.__mprec_bigtens
                0x0800d340       0x28 C:/CLionToolchains/gcc-arm-none-eabi-10.3-2021.10/bin/../lib/gcc/arm-none-eabi/13.3.1/thumb/v7e-m+fp/hard\libg.a(libc_a-mprec.o)
                0x0800d340                __mprec_bigtens
 .rodata.__mprec_tens
                0x0800d368       0xc8 C:/CLionToolchains/gcc-arm-none-eabi-10.3-2021.10/bin/../lib/gcc/arm-none-eabi/13.3.1/thumb/v7e-m+fp/hard\libg.a(libc_a-mprec.o)
                0x0800d368                __mprec_tens
 .rodata._ctype_
                0x0800d430      0x101 C:/CLionToolchains/gcc-arm-none-eabi-10.3-2021.10/bin/../lib/gcc/arm-none-eabi/13.3.1/thumb/v7e-m+fp/hard\libg.a(libc_a-ctype_.o)
                0x0800d430                _ctype_
 .rodata.__assert_func.str1.4
                0x0800d531       0x43 C:/CLionToolchains/gcc-arm-none-eabi-10.3-2021.10/bin/../lib/gcc/arm-none-eabi/13.3.1/thumb/v7e-m+fp/hard\libg.a(libc_a-assert.o)
 .rodata._vfiprintf_r.str1.4
                0x0800d531       0x2f C:/CLionToolchains/gcc-arm-none-eabi-10.3-2021.10/bin/../lib/gcc/arm-none-eabi/13.3.1/thumb/v7e-m+fp/hard\libg.a(libc_a-vfiprintf.o)
 *fill*         0x0800d531        0x3 
 .rodata.zeroes.0
                0x0800d534       0x10 C:/CLionToolchains/gcc-arm-none-eabi-10.3-2021.10/bin/../lib/gcc/arm-none-eabi/13.3.1/thumb/v7e-m+fp/hard\libg.a(libc_a-vfiprintf.o)
 .rodata.blanks.1
                0x0800d544       0x10 C:/CLionToolchains/gcc-arm-none-eabi-10.3-2021.10/bin/../lib/gcc/arm-none-eabi/13.3.1/thumb/v7e-m+fp/hard\libg.a(libc_a-vfiprintf.o)
                0x0800d554                        . = ALIGN (0x4)

.ARM.extab      0x0800d554        0x0
                0x0800d554                        . = ALIGN (0x4)
 *(.ARM.extab* .gnu.linkonce.armextab.*)
                0x0800d554                        . = ALIGN (0x4)

.ARM            0x0800d554        0x8
                0x0800d554                        . = ALIGN (0x4)
                0x0800d554                        __exidx_start = .
 *(.ARM.exidx*)
 .ARM.exidx     0x0800d554        0x8 C:/CLionToolchains/gcc-arm-none-eabi-10.3-2021.10/bin/../lib/gcc/arm-none-eabi/13.3.1/thumb/v7e-m+fp/hard\libg.a(libc_a-memcpy.o)
 .ARM.exidx     0x0800d55c        0x0 C:/CLionToolchains/gcc-arm-none-eabi-10.3-2021.10/bin/../lib/gcc/arm-none-eabi/13.3.1/thumb/v7e-m+fp/hard\libg.a(libc_a-memchr.o)
                                  0x8 (size before relaxing)
 .ARM.exidx     0x0800d55c        0x0 C:/CLionToolchains/gcc-arm-none-eabi-10.3-2021.10/bin/../lib/gcc/arm-none-eabi/13.3.1/thumb/v7e-m+fp/hard\libg.a(libc_a-strlen.o)
                                  0x8 (size before relaxing)
 .ARM.exidx.text.__udivmoddi4
                0x0800d55c        0x0 C:/CLionToolchains/gcc-arm-none-eabi-10.3-2021.10/bin/../lib/gcc/arm-none-eabi/13.3.1/thumb/v7e-m+fp/hard\libgcc.a(_udivmoddi4.o)
                                  0x8 (size before relaxing)
                0x0800d55c                        __exidx_end = .
                0x0800d55c                        . = ALIGN (0x4)

.preinit_array  0x0800d55c        0x0
                0x0800d55c                        . = ALIGN (0x4)
                0x0800d55c                        PROVIDE (__preinit_array_start = .)
 *(.preinit_array*)
                0x0800d55c                        PROVIDE (__preinit_array_end = .)
                0x0800d55c                        . = ALIGN (0x4)

.init_array     0x0800d55c        0x8
                0x0800d55c                        . = ALIGN (0x4)
                0x0800d55c                        PROVIDE (__init_array_start = .)
 *(SORT_BY_NAME(.init_array.*))
 .init_array.00000
                0x0800d55c        0x4 C:/CLionToolchains/gcc-arm-none-eabi-10.3-2021.10/bin/../lib/gcc/arm-none-eabi/13.3.1/thumb/v7e-m+fp/hard\libg.a(libc_a-__call_atexit.o)
 *(.init_array*)
 .init_array    0x0800d560        0x4 C:/CLionToolchains/gcc-arm-none-eabi-10.3-2021.10/bin/../lib/gcc/arm-none-eabi/13.3.1/thumb/v7e-m+fp/hard/crtbegin.o
                0x0800d564                        PROVIDE (__init_array_end = .)
                0x0800d564                        . = ALIGN (0x4)

.fini_array     0x0800d564        0x4
                0x0800d564                        . = ALIGN (0x4)
                0x0800d564                        PROVIDE (__fini_array_start = .)
 *(SORT_BY_NAME(.fini_array.*))
 *(.fini_array*)
 .fini_array    0x0800d564        0x4 C:/CLionToolchains/gcc-arm-none-eabi-10.3-2021.10/bin/../lib/gcc/arm-none-eabi/13.3.1/thumb/v7e-m+fp/hard/crtbegin.o
                0x0800d568                        PROVIDE (__fini_array_end = .)
                0x0800d568                        . = ALIGN (0x4)
                0x0800d568                        _sidata = LOADADDR (.data)

.rel.dyn        0x0800d568        0x0
 .rel.iplt      0x0800d568        0x0 C:/CLionToolchains/gcc-arm-none-eabi-10.3-2021.10/bin/../lib/gcc/arm-none-eabi/13.3.1/thumb/v7e-m+fp/hard/crtbegin.o

.data           0x20000000      0x75c load address 0x0800d568
                0x20000000                        . = ALIGN (0x4)
                0x20000000                        _sdata = .
 *(.data)
 *(.data*)
 .data.SystemCoreClock
                0x20000000        0x4 CMakeFiles/bubing_RM2025.elf.dir/Core/Src/system_stm32f4xx.c.obj
                0x20000000                SystemCoreClock
 .data.uwTickFreq
                0x20000004        0x1 CMakeFiles/bubing_RM2025.elf.dir/Drivers/STM32F4xx_HAL_Driver/Src/stm32f4xx_hal.c.obj
                0x20000004                uwTickFreq
 *fill*         0x20000005        0x3 
 .data.uwTickPrio
                0x20000008        0x4 CMakeFiles/bubing_RM2025.elf.dir/Drivers/STM32F4xx_HAL_Driver/Src/stm32f4xx_hal.c.obj
                0x20000008                uwTickPrio
 .data.uxCriticalNesting
                0x2000000c        0x4 CMakeFiles/bubing_RM2025.elf.dir/Middlewares/Third_Party/FreeRTOS/Source/portable/GCC/ARM_CM4F/port.c.obj
 .data.chassis_DM8009_04_angle_kpkikd.0
                0x20000010        0xc CMakeFiles/bubing_RM2025.elf.dir/code_mf/Src/CHASSIS_TASK.c.obj
 .data.chassis_DM8009_04_speed_kpkikd.1
                0x2000001c        0xc CMakeFiles/bubing_RM2025.elf.dir/code_mf/Src/CHASSIS_TASK.c.obj
 .data.chassis_DM8009_03_angle_kpkikd.2
                0x20000028        0xc CMakeFiles/bubing_RM2025.elf.dir/code_mf/Src/CHASSIS_TASK.c.obj
 .data.chassis_DM8009_03_speed_kpkikd.3
                0x20000034        0xc CMakeFiles/bubing_RM2025.elf.dir/code_mf/Src/CHASSIS_TASK.c.obj
 .data.chassis_DM8009_02_angle_kpkikd.4
                0x20000040        0xc CMakeFiles/bubing_RM2025.elf.dir/code_mf/Src/CHASSIS_TASK.c.obj
 .data.chassis_DM8009_02_speed_kpkikd.5
                0x2000004c        0xc CMakeFiles/bubing_RM2025.elf.dir/code_mf/Src/CHASSIS_TASK.c.obj
 .data.chassis_DM8009_01_angle_kpkikd.6
                0x20000058        0xc CMakeFiles/bubing_RM2025.elf.dir/code_mf/Src/CHASSIS_TASK.c.obj
 .data.chassis_DM8009_01_speed_kpkikd.7
                0x20000064        0xc CMakeFiles/bubing_RM2025.elf.dir/code_mf/Src/CHASSIS_TASK.c.obj
 .data.chassis_gyro_speed_kpkikd.8
                0x20000070        0xc CMakeFiles/bubing_RM2025.elf.dir/code_mf/Src/CHASSIS_TASK.c.obj
 .data.chassis_gyro_angle_kpkikd.9
                0x2000007c        0xc CMakeFiles/bubing_RM2025.elf.dir/code_mf/Src/CHASSIS_TASK.c.obj
 .data.__sglue  0x20000088        0xc C:/CLionToolchains/gcc-arm-none-eabi-10.3-2021.10/bin/../lib/gcc/arm-none-eabi/13.3.1/thumb/v7e-m+fp/hard\libg.a(libc_a-findfp.o)
                0x20000088                __sglue
 .data._impure_ptr
                0x20000094        0x4 C:/CLionToolchains/gcc-arm-none-eabi-10.3-2021.10/bin/../lib/gcc/arm-none-eabi/13.3.1/thumb/v7e-m+fp/hard\libg.a(libc_a-impure.o)
                0x20000094                _impure_ptr
 .data._impure_data
                0x20000098      0x140 C:/CLionToolchains/gcc-arm-none-eabi-10.3-2021.10/bin/../lib/gcc/arm-none-eabi/13.3.1/thumb/v7e-m+fp/hard\libg.a(libc_a-impure.o)
                0x20000098                _impure_data
 .data.__atexit_recursive_mutex
                0x200001d8        0x4 C:/CLionToolchains/gcc-arm-none-eabi-10.3-2021.10/bin/../lib/gcc/arm-none-eabi/13.3.1/thumb/v7e-m+fp/hard\libg.a(libc_a-__call_atexit.o)
                0x200001d8                __atexit_recursive_mutex
 .data.__malloc_sbrk_base
                0x200001dc        0x4 C:/CLionToolchains/gcc-arm-none-eabi-10.3-2021.10/bin/../lib/gcc/arm-none-eabi/13.3.1/thumb/v7e-m+fp/hard\libg.a(libc_a-mallocr.o)
                0x200001dc                __malloc_sbrk_base
 .data.__malloc_trim_threshold
                0x200001e0        0x4 C:/CLionToolchains/gcc-arm-none-eabi-10.3-2021.10/bin/../lib/gcc/arm-none-eabi/13.3.1/thumb/v7e-m+fp/hard\libg.a(libc_a-mallocr.o)
                0x200001e0                __malloc_trim_threshold
 *fill*         0x200001e4        0x4 
 .data.__malloc_av_
                0x200001e8      0x408 C:/CLionToolchains/gcc-arm-none-eabi-10.3-2021.10/bin/../lib/gcc/arm-none-eabi/13.3.1/thumb/v7e-m+fp/hard\libg.a(libc_a-mallocr.o)
                0x200001e8                __malloc_av_
 .data.__global_locale
                0x200005f0      0x16c C:/CLionToolchains/gcc-arm-none-eabi-10.3-2021.10/bin/../lib/gcc/arm-none-eabi/13.3.1/thumb/v7e-m+fp/hard\libg.a(libc_a-locale.o)
                0x200005f0                __global_locale
 *(.RamFunc)
 *(.RamFunc*)
                0x2000075c                        . = ALIGN (0x4)
                0x2000075c                        _edata = .
                0x0800dcc4                        _siccmram = LOADADDR (.ccmram)

.tm_clone_table
                0x2000075c        0x0 load address 0x0800dcc4
 .tm_clone_table